******************************************************************************
                  TI ARM Linker PC v20.2.7                     
******************************************************************************
>> Linked Sun Nov 19 02:11:26 2023

OUTPUT FILE NAME:   <002_LCD_with_sharpdevolp.out>
ENTRY POINT SYMBOL: "_c_int00_noargs"  address: 00002c49


MEMORY CONFIGURATION

         name            origin    length      used     unused   attr    fill
----------------------  --------  ---------  --------  --------  ----  --------
  FLASH                 00000000   00040000  00003234  0003cdcc  R  X
  SRAM                  20000000   00008000  00000496  00007b6a  RW X


SEGMENT ALLOCATION MAP

run origin  load origin   length   init length attrs members
----------  ----------- ---------- ----------- ----- -------
00000000    00000000    00003238   00003238    r-x
  00000000    00000000    0000026c   0000026c    r-- .intvecs
  0000026c    0000026c    00002cbc   00002cbc    r-x .text
  00002f28    00002f28    000002bc   000002bc    r-- .const
  000031e8    000031e8    00000050   00000050    r-- .cinit
20000000    20000000    0000049a   00000000    rw-
  20000000    20000000    0000026c   00000000    rw- .vtable
  20000270    20000270    00000200   00000000    rw- .stack
  20000470    20000470    00000018   00000000    rw- .data
  20000488    20000488    00000012   00000000    rw- .bss


SECTION ALLOCATION MAP

 output                                  attributes/
section   page    origin      length       input sections
--------  ----  ----------  ----------   ----------------
.intvecs   0    00000000    0000026c     
                  00000000    0000026c     tm4c123gh6pm_startup_ccs.obj (.intvecs)

.text      0    0000026c    00002cbc     
                  0000026c    00000a4e     rtsv7M4_T_le_v4SPD16_eabi.lib : _printfi.c.obj (.text:__TI_printfi)
                  00000cba    00000002                                   : div0.asm.obj (.text)
                  00000cbc    00000414     main.obj (.text)
                  000010d0    0000035c     000_LiquidCrystal1602.lib : LiquidCrystal1602.obj (.text)
                  0000142c    00000270     rtsv7M4_T_le_v4SPD16_eabi.lib : _printfi.c.obj (.text:_pconv_a)
                  0000169c    000001d0                                   : _printfi.c.obj (.text:_pconv_g)
                  0000186c    000001b6                                   : fd_add_t2.asm.obj (.text)
                  00001a22    00000002     --HOLE-- [fill = 0]
                  00001a24    0000016c     driverlib.lib : gpio.obj (.text:GPIOPadConfigSet)
                  00001b90    0000013c     rtsv7M4_T_le_v4SPD16_eabi.lib : _printfi.c.obj (.text:_pconv_e)
                  00001ccc    00000136                                   : fd_div_t2.asm.obj (.text)
                  00001e02    00000002     --HOLE-- [fill = 0]
                  00001e04    00000124                                   : _printfi.c.obj (.text:fcvt)
                  00001f28    00000118     driverlib.lib : sysctl.obj (.text:SysCtlClockGet)
                  00002040    00000110     rtsv7M4_T_le_v4SPD16_eabi.lib : s_scalbn.c.obj (.text:scalbn)
                  00002150    000000fc                                   : fd_mul_t2.asm.obj (.text)
                  0000224c    000000f4     driverlib.lib : sysctl.obj (.text:SysCtlClockSet)
                  00002340    000000b1     rtsv7M4_T_le_v4SPD16_eabi.lib : _printfi.c.obj (.text:_ltostr)
                  000023f1    00000001     --HOLE-- [fill = 0]
                  000023f2    0000009c                                   : memcpy_t2.asm.obj (.text)
                  0000248e    00000096                                   : ull_div_t2.asm.obj (.text)
                  00002524    00000086                                   : fd_cmp_t2.asm.obj (.text:__aeabi_cdcmple)
                  000025aa    00000086                                   : fd_cmp_t2.asm.obj (.text:__aeabi_cdrcmple)
                  00002630    0000007a                                   : memset_t2.asm.obj (.text)
                  000026aa    0000006e                                   : _printfi.c.obj (.text:_mcpy)
                  00002718    00000068     driverlib.lib : interrupt.obj (.text:IntEnable)
                  00002780    00000068     rtsv7M4_T_le_v4SPD16_eabi.lib : copy_decompress_lzss.c.obj (.text:decompress:lzss:__TI_decompress_lzss)
                  000027e8    00000064                                   : s_frexp.c.obj (.text:frexp)
                  0000284c    00000060     driverlib.lib : timer.obj (.text:TimerConfigure)
                  000028ac    00000056     rtsv7M4_T_le_v4SPD16_eabi.lib : _printfi.c.obj (.text:_pconv_f)
                  00002902    00000054                                   : _ltoa.c.obj (.text:__TI_ltoa)
                  00002956    00000052                                   : _printfi.c.obj (.text:_ecpy)
                  000029a8    0000004c     driverlib.lib : gpio.obj (.text:GPIOPinConfigure)
                  000029f4    0000004c                   : timer.obj (.text:_TimerIntNumberGet)
                  00002a40    0000004c     rtsv7M4_T_le_v4SPD16_eabi.lib : atoi.c.obj (.text:atoi)
                  00002a8c    00000048                                   : fd_toi_t2.asm.obj (.text)
                  00002ad4    00000046     driverlib.lib : uart.obj (.text:UARTConfigSetExpClk)
                  00002b1a    00000002     --HOLE-- [fill = 0]
                  00002b1c    00000044     rtsv7M4_T_le_v4SPD16_eabi.lib : autoinit.c.obj (.text:__TI_auto_init_nobinit_nopinit:__TI_auto_init_nobinit_nopinit)
                  00002b60    00000040                                   : vsnprintf.c.obj (.text:vsnprintf)
                  00002ba0    0000003e                                   : _printfi.c.obj (.text:_fcpy)
                  00002bde    00000002     --HOLE-- [fill = 0]
                  00002be0    00000034     driverlib.lib : interrupt.obj (.text:IntRegister)
                  00002c14    00000034                   : sysctl.obj (.text:SysCtlPeripheralEnable)
                  00002c48    00000034     rtsv7M4_T_le_v4SPD16_eabi.lib : boot_cortex_m.c.obj (.text:_c_int00_noargs:_c_int00_noargs)
                  00002c7c    00000030                                   : vsnprintf.c.obj (.text:_outs)
                  00002cac    0000002e                                   : i_tofd_t2.asm.obj (.text)
                  00002cda    0000002c     driverlib.lib : gpio.obj (.text:GPIODirModeSet)
                  00002d06    00000002     --HOLE-- [fill = 0]
                  00002d08    00000020                   : uart.obj (.text:UARTDisable)
                  00002d28    0000001c                   : systick.obj (.text:SysTickIntRegister)
                  00002d44    0000001c     rtsv7M4_T_le_v4SPD16_eabi.lib : copy_zero_init.c.obj (.text:decompress:ZI:__TI_zero_init_nomemset:__TI_zero_init_nomemset)
                  00002d60    0000001c                                   : memccpy.c.obj (.text:memccpy)
                  00002d7c    0000001a     driverlib.lib : gpio.obj (.text:GPIOPinTypeGPIOOutput)
                  00002d96    0000001a     rtsv7M4_T_le_v4SPD16_eabi.lib : s_copysign.c.obj (.text:copysign)
                  00002db0    00000018     driverlib.lib : timer.obj (.text:TimerIntRegister)
                  00002dc8    00000018     rtsv7M4_T_le_v4SPD16_eabi.lib : vsnprintf.c.obj (.text:_outc)
                  00002de0    00000016     driverlib.lib : gpio.obj (.text:GPIOPinTypeUART)
                  00002df6    00000016     rtsv7M4_T_le_v4SPD16_eabi.lib : strchr.c.obj (.text:strchr)
                  00002e0c    00000014     driverlib.lib : systick.obj (.text:SysTickDisable)
                  00002e20    00000014                   : systick.obj (.text:SysTickEnable)
                  00002e34    00000014                   : systick.obj (.text:SysTickIntEnable)
                  00002e48    00000014                   : uart.obj (.text:UARTEnable)
                  00002e5c    00000014     rtsv7M4_T_le_v4SPD16_eabi.lib : strlen.c.obj (.text:strlen)
                  00002e70    00000012     driverlib.lib : timer.obj (.text:TimerLoadSet)
                  00002e82    00000012     rtsv7M4_T_le_v4SPD16_eabi.lib : wcslen.c.obj (.text:wcslen)
                  00002e94    00000010     driverlib.lib : interrupt.obj (.text:IntMasterEnable)
                  00002ea4    00000010                   : systick.obj (.text:SysTickPeriodSet)
                  00002eb4    0000000e                   : timer.obj (.text:TimerEnable)
                  00002ec2    0000000e                   : uart.obj (.text:UARTCharsAvail)
                  00002ed0    0000000e     rtsv7M4_T_le_v4SPD16_eabi.lib : copy_decompress_none.c.obj (.text:decompress:none:__TI_decompress_none)
                  00002ede    0000000c     driverlib.lib : cpu.obj (.text:CPUcpsie)
                  00002eea    0000000c     tm4c123gh6pm_startup_ccs.obj (.text)
                  00002ef6    0000000a     driverlib.lib : uart.obj (.text:UARTCharGet)
                  00002f00    00000008                   : timer.obj (.text:TimerIntEnable)
                  00002f08    00000008     rtsv7M4_T_le_v4SPD16_eabi.lib : errno.c.obj (.text:__aeabi_errno_addr)
                  00002f10    00000006     driverlib.lib : gpio.obj (.text:GPIOPinWrite)
                  00002f16    00000006                   : sysctl.obj (.text:SysCtlDelay)
                  00002f1c    00000004                   : timer.obj (.text:TimerIntClear)
                  00002f20    00000004     rtsv7M4_T_le_v4SPD16_eabi.lib : pre_init.c.obj (.text:_system_pre_init)
                  00002f24    00000004                                   : exit.c.obj (.text:abort:abort)

.const     0    00002f28    000002bc     
                  00002f28    00000101     rtsv7M4_T_le_v4SPD16_eabi.lib : ctype.c.obj (.const:.string:_ctypes_)
                  00003029    00000003     --HOLE-- [fill = 0]
                  0000302c    00000090     driverlib.lib : gpio.obj (.const:g_pui32GPIOBaseAddrs)
                  000030bc    0000006c                   : sysctl.obj (.const:g_pui32Xtals)
                  00003128    00000060                   : timer.obj (.const:g_ppui32TimerIntMap)
                  00003188    00000040                   : timer.obj (.const:g_ppui32TimerIntMapSnowflake)
                  000031c8    00000014                   : interrupt.obj (.const:g_pui32EnRegs)
                  000031dc    00000008     000_LiquidCrystal1602.lib : LiquidCrystal1602.obj (.const:$P$T0$1)

.cinit     0    000031e8    00000050     
                  000031e8    00000018     (.cinit..data.load) [load image, compression = lzss]
                  00003200    0000000c     (__TI_handler_table)
                  0000320c    00000004     --HOLE-- [fill = 0]
                  00003210    00000008     (.cinit..bss.load) [load image, compression = zero_init]
                  00003218    00000008     (.cinit..vtable.load) [load image, compression = zero_init]
                  00003220    00000018     (__TI_cinit_table)

.init_array 
*          0    00000000    00000000     UNINITIALIZED

.vtable    0    20000000    0000026c     UNINITIALIZED
                  20000000    0000026c     driverlib.lib : interrupt.obj (.vtable)

.data      0    20000470    00000018     UNINITIALIZED
                  20000470    0000000c     main.obj (.data)
                  2000047c    00000005     000_LiquidCrystal1602.lib : LiquidCrystal1602.obj (.data)
                  20000481    00000003     --HOLE--
                  20000484    00000004     rtsv7M4_T_le_v4SPD16_eabi.lib : errno.c.obj (.data)

.bss       0    20000488    00000012     UNINITIALIZED
                  20000488    0000000c     (.common:receivedData)
                  20000494    00000001     (.common:dakikaBirler)
                  20000495    00000001     (.common:dakikaOnlar)
                  20000496    00000001     (.common:saatBirler)
                  20000497    00000001     (.common:saatOnlar)
                  20000498    00000001     (.common:saniyeBirler)
                  20000499    00000001     (.common:saniyeOnlar)

.stack     0    20000270    00000200     UNINITIALIZED
                  20000270    00000004     rtsv7M4_T_le_v4SPD16_eabi.lib : boot_cortex_m.c.obj (.stack)
                  20000274    000001fc     --HOLE--

__llvm_prf_cnts 
*          0    20000000    00000000     UNINITIALIZED

MODULE SUMMARY

       Module                         code    ro data   rw data
       ------                         ----    -------   -------
    .\
       main.obj                       1044    0         30     
       tm4c123gh6pm_startup_ccs.obj   12      620       0      
    +--+------------------------------+-------+---------+---------+
       Total:                         1056    620       30     
                                                               
    C:/Users/serha/workspace_v12/000_LiquidCrystal1602/Debug/000_LiquidCrystal1602.lib
       LiquidCrystal1602.obj          860     8         5      
    +--+------------------------------+-------+---------+---------+
       Total:                         860     8         5      
                                                               
    C:/ti/TivaWare_C_Series-2.2.0.295/driverlib/ccs/Debug/driverlib.lib
       interrupt.obj                  172     20        620    
       sysctl.obj                     582     108       0      
       gpio.obj                       538     144       0      
       timer.obj                      240     160       0      
       uart.obj                       146     0         0      
       systick.obj                    104     0         0      
       cpu.obj                        12      0         0      
    +--+------------------------------+-------+---------+---------+
       Total:                         1794    432       620    
                                                               
    D:\Programlar\ss\ccs\tools\compiler\ti-cgt-arm_20.2.7.LTS\lib\rtsv7M4_T_le_v4SPD16_eabi.lib
       _printfi.c.obj                 4851    0         0      
       fd_add_t2.asm.obj              438     0         0      
       fd_div_t2.asm.obj              310     0         0      
       s_scalbn.c.obj                 272     0         0      
       fd_cmp_t2.asm.obj              268     0         0      
       ctype.c.obj                    0       257       0      
       fd_mul_t2.asm.obj              252     0         0      
       memcpy_t2.asm.obj              156     0         0      
       ull_div_t2.asm.obj             150     0         0      
       vsnprintf.c.obj                136     0         0      
       memset_t2.asm.obj              122     0         0      
       copy_decompress_lzss.c.obj     104     0         0      
       s_frexp.c.obj                  100     0         0      
       _ltoa.c.obj                    84      0         0      
       atoi.c.obj                     76      0         0      
       fd_toi_t2.asm.obj              72      0         0      
       autoinit.c.obj                 68      0         0      
       boot_cortex_m.c.obj            52      0         0      
       i_tofd_t2.asm.obj              46      0         0      
       copy_zero_init.c.obj           28      0         0      
       memccpy.c.obj                  28      0         0      
       s_copysign.c.obj               26      0         0      
       strchr.c.obj                   22      0         0      
       strlen.c.obj                   20      0         0      
       wcslen.c.obj                   18      0         0      
       copy_decompress_none.c.obj     14      0         0      
       errno.c.obj                    8       0         4      
       exit.c.obj                     4       0         0      
       pre_init.c.obj                 4       0         0      
       div0.asm.obj                   2       0         0      
    +--+------------------------------+-------+---------+---------+
       Total:                         7731    257       4      
                                                               
       Stack:                         0       0         512    
       Linker Generated:              0       76        0      
    +--+------------------------------+-------+---------+---------+
       Grand Total:                   11441   1393      1171   


LINKER GENERATED COPY TABLES

__TI_cinit_table @ 00003220 records: 3, size/record: 8, table size: 24
	.data: load addr=000031e8, load size=00000018 bytes, run addr=20000470, run size=00000018 bytes, compression=lzss
	.bss: load addr=00003210, load size=00000008 bytes, run addr=20000488, run size=00000012 bytes, compression=zero_init
	.vtable: load addr=00003218, load size=00000008 bytes, run addr=20000000, run size=0000026c bytes, compression=zero_init


LINKER GENERATED HANDLER TABLE

__TI_handler_table @ 00003200 records: 3, size/record: 4, table size: 12
	index: 0, handler: __TI_zero_init
	index: 1, handler: __TI_decompress_lzss
	index: 2, handler: __TI_decompress_none


GLOBAL SYMBOLS: SORTED ALPHABETICALLY BY Name 

address   name                          
-------   ----                          
00002f25  C$$EXIT                       
00002edf  CPUcpsie                      
000010d9  DelayFunction                 
00002cdb  GPIODirModeSet                
00001a25  GPIOPadConfigSet              
000029a9  GPIOPinConfigure              
00002d7d  GPIOPinTypeGPIOOutput         
00002de1  GPIOPinTypeUART               
00002f11  GPIOPinWrite                  
00002719  IntEnable                     
00002e95  IntMasterEnable               
00002be1  IntRegister                   
000013e9  LCDBlink                      
00001377  LCDClear                      
000011e1  LCDCommandWrite               
000013b7  LCDCrusor                     
000011f3  LCDDWrite                     
0000138b  LCDDisplay                    
00001381  LCDHome                       
00001297  LCDPrint                      
00001259  LCDSetup                      
00001205  LCDStartUp                    
000013ff  LCDnoBlink                    
000013cd  LCDnoCrusor                   
000013a1  LCDnoDisplay                  
00001315  LCDsetCrusor                  
00001169  PulseEnable                   
00002eeb  ResetISR                      
0000119d  Send                          
00000fc5  Setup                         
00001f29  SysCtlClockGet                
0000224d  SysCtlClockSet                
00002f17  SysCtlDelay                   
00002c15  SysCtlPeripheralEnable        
00002e0d  SysTickDisable                
00002e21  SysTickEnable                 
00002e35  SysTickIntEnable              
00002d29  SysTickIntRegister            
00002ea5  SysTickPeriodSet              
00001005  TIMERSetup                    
0000284d  TimerConfigure                
00002eb5  TimerEnable                   
00002f1d  TimerIntClear                 
00002f01  TimerIntEnable                
00002db1  TimerIntRegister              
00002e71  TimerLoadSet                  
00000d6b  TransferClock                 
00002ef7  UARTCharGet                   
00002ec3  UARTCharsAvail                
00002ad5  UARTConfigSetExpClk           
00002d09  UARTDisable                   
00002e49  UARTEnable                    
00000df3  UARTRead                      
00001041  UARTSetup                     
20000470  __STACK_END                   
00000200  __STACK_SIZE                  
20000470  __STACK_TOP                   
00003220  __TI_CINIT_Base               
00003238  __TI_CINIT_Limit              
00003200  __TI_Handler_Table_Base       
0000320c  __TI_Handler_Table_Limit      
00002b1d  __TI_auto_init_nobinit_nopinit
00002781  __TI_decompress_lzss          
00002ed1  __TI_decompress_none          
00002903  __TI_ltoa                     
ffffffff  __TI_pprof_out_hndl           
0000026d  __TI_printfi                  
ffffffff  __TI_prof_data_size           
ffffffff  __TI_prof_data_start          
00000000  __TI_static_base__            
00002d45  __TI_zero_init_nomemset       
00002525  __aeabi_cdcmpeq               
00002525  __aeabi_cdcmple               
000025ab  __aeabi_cdrcmple              
00002a8d  __aeabi_d2iz                  
00001877  __aeabi_dadd                  
00001ccd  __aeabi_ddiv                  
00002151  __aeabi_dmul                  
0000186d  __aeabi_dsub                  
00002f09  __aeabi_errno_addr            
00002cad  __aeabi_i2d                   
00000cbb  __aeabi_idiv0                 
00000cbb  __aeabi_ldiv0                 
00002631  __aeabi_memclr                
00002631  __aeabi_memclr4               
00002631  __aeabi_memclr8               
000023f3  __aeabi_memcpy                
000023f3  __aeabi_memcpy4               
000023f3  __aeabi_memcpy8               
00002633  __aeabi_memset                
00002633  __aeabi_memset4               
00002633  __aeabi_memset8               
0000248f  __aeabi_uldivmod              
ffffffff  __binit__                     
ffffffff  __c_args__                    
UNDEFED   __mpu_init                    
20000270  __stack                       
20000000  __start___llvm_prf_cnts       
20000000  __stop___llvm_prf_cnts        
00002c49  _c_int00_noargs               
00002f28  _ctypes_                      
UNDEFED   _system_post_cinit            
00002f21  _system_pre_init              
00002f25  abort                         
00002a41  atoi                          
ffffffff  binit                         
00002d97  copysign                      
00002d97  copysignl                     
20000494  dakikaBirler                  
20000495  dakikaOnlar                   
00001143  delayMs                       
00001157  delayUs                       
2000047c  displaycontrol                
20000484  errno                         
20000478  eski_zaman                    
20000480  flag                          
000027e9  frexp                         
000027e9  frexpl                        
20000000  g_pfnRAMVectors               
00000000  g_pfnVectors                  
00000cbd  kesmefonksiyon                
00002041  ldexp                         
00002041  ldexpl                        
20000470  ledControl                    
00000efb  main                          
00002d61  memccpy                       
000023f3  memcpy                        
00002639  memset                        
20000488  receivedData                  
20000496  saatBirler                    
20000497  saatOnlar                     
20000498  saniyeBirler                  
20000499  saniyeOnlar                   
00002041  scalbn                        
00002041  scalbnl                       
00002df7  strchr                        
00002e5d  strlen                        
00002b61  vsnprintf                     
000010d1  waitus                        
00002e83  wcslen                        
20000474  zaman                         


GLOBAL SYMBOLS: SORTED BY Symbol Address 

address   name                          
-------   ----                          
00000000  __TI_static_base__            
00000000  g_pfnVectors                  
00000200  __STACK_SIZE                  
0000026d  __TI_printfi                  
00000cbb  __aeabi_idiv0                 
00000cbb  __aeabi_ldiv0                 
00000cbd  kesmefonksiyon                
00000d6b  TransferClock                 
00000df3  UARTRead                      
00000efb  main                          
00000fc5  Setup                         
00001005  TIMERSetup                    
00001041  UARTSetup                     
000010d1  waitus                        
000010d9  DelayFunction                 
00001143  delayMs                       
00001157  delayUs                       
00001169  PulseEnable                   
0000119d  Send                          
000011e1  LCDCommandWrite               
000011f3  LCDDWrite                     
00001205  LCDStartUp                    
00001259  LCDSetup                      
00001297  LCDPrint                      
00001315  LCDsetCrusor                  
00001377  LCDClear                      
00001381  LCDHome                       
0000138b  LCDDisplay                    
000013a1  LCDnoDisplay                  
000013b7  LCDCrusor                     
000013cd  LCDnoCrusor                   
000013e9  LCDBlink                      
000013ff  LCDnoBlink                    
0000186d  __aeabi_dsub                  
00001877  __aeabi_dadd                  
00001a25  GPIOPadConfigSet              
00001ccd  __aeabi_ddiv                  
00001f29  SysCtlClockGet                
00002041  ldexp                         
00002041  ldexpl                        
00002041  scalbn                        
00002041  scalbnl                       
00002151  __aeabi_dmul                  
0000224d  SysCtlClockSet                
000023f3  __aeabi_memcpy                
000023f3  __aeabi_memcpy4               
000023f3  __aeabi_memcpy8               
000023f3  memcpy                        
0000248f  __aeabi_uldivmod              
00002525  __aeabi_cdcmpeq               
00002525  __aeabi_cdcmple               
000025ab  __aeabi_cdrcmple              
00002631  __aeabi_memclr                
00002631  __aeabi_memclr4               
00002631  __aeabi_memclr8               
00002633  __aeabi_memset                
00002633  __aeabi_memset4               
00002633  __aeabi_memset8               
00002639  memset                        
00002719  IntEnable                     
00002781  __TI_decompress_lzss          
000027e9  frexp                         
000027e9  frexpl                        
0000284d  TimerConfigure                
00002903  __TI_ltoa                     
000029a9  GPIOPinConfigure              
00002a41  atoi                          
00002a8d  __aeabi_d2iz                  
00002ad5  UARTConfigSetExpClk           
00002b1d  __TI_auto_init_nobinit_nopinit
00002b61  vsnprintf                     
00002be1  IntRegister                   
00002c15  SysCtlPeripheralEnable        
00002c49  _c_int00_noargs               
00002cad  __aeabi_i2d                   
00002cdb  GPIODirModeSet                
00002d09  UARTDisable                   
00002d29  SysTickIntRegister            
00002d45  __TI_zero_init_nomemset       
00002d61  memccpy                       
00002d7d  GPIOPinTypeGPIOOutput         
00002d97  copysign                      
00002d97  copysignl                     
00002db1  TimerIntRegister              
00002de1  GPIOPinTypeUART               
00002df7  strchr                        
00002e0d  SysTickDisable                
00002e21  SysTickEnable                 
00002e35  SysTickIntEnable              
00002e49  UARTEnable                    
00002e5d  strlen                        
00002e71  TimerLoadSet                  
00002e83  wcslen                        
00002e95  IntMasterEnable               
00002ea5  SysTickPeriodSet              
00002eb5  TimerEnable                   
00002ec3  UARTCharsAvail                
00002ed1  __TI_decompress_none          
00002edf  CPUcpsie                      
00002eeb  ResetISR                      
00002ef7  UARTCharGet                   
00002f01  TimerIntEnable                
00002f09  __aeabi_errno_addr            
00002f11  GPIOPinWrite                  
00002f17  SysCtlDelay                   
00002f1d  TimerIntClear                 
00002f21  _system_pre_init              
00002f25  C$$EXIT                       
00002f25  abort                         
00002f28  _ctypes_                      
00003200  __TI_Handler_Table_Base       
0000320c  __TI_Handler_Table_Limit      
00003220  __TI_CINIT_Base               
00003238  __TI_CINIT_Limit              
20000000  __start___llvm_prf_cnts       
20000000  __stop___llvm_prf_cnts        
20000000  g_pfnRAMVectors               
20000270  __stack                       
20000470  __STACK_END                   
20000470  __STACK_TOP                   
20000470  ledControl                    
20000474  zaman                         
20000478  eski_zaman                    
2000047c  displaycontrol                
20000480  flag                          
20000484  errno                         
20000488  receivedData                  
20000494  dakikaBirler                  
20000495  dakikaOnlar                   
20000496  saatBirler                    
20000497  saatOnlar                     
20000498  saniyeBirler                  
20000499  saniyeOnlar                   
ffffffff  __TI_pprof_out_hndl           
ffffffff  __TI_prof_data_size           
ffffffff  __TI_prof_data_start          
ffffffff  __binit__                     
ffffffff  __c_args__                    
ffffffff  binit                         
UNDEFED   __mpu_init                    
UNDEFED   _system_post_cinit            

[141 symbols]
