<?xml version="1.0" encoding="ISO-8859-1" ?>
<link_info>
   <banner>TI ARM Linker PC v20.2.7.LTS</banner>
   <copyright>Copyright (c) 1996-2018 Texas Instruments Incorporated</copyright>
   <link_time>0x656df322</link_time>
   <link_errors>0x0</link_errors>
   <output_file>003_LCD_with_sharpdevolp.out</output_file>
   <entry_point>
      <name>_c_int00_noargs</name>
      <address>0x2c49</address>
   </entry_point>
   <input_file_list>
      <input_file id="fl-2">
         <path>.\</path>
         <kind>object</kind>
         <file>main.obj</file>
         <name>main.obj</name>
      </input_file>
      <input_file id="fl-3">
         <path>.\</path>
         <kind>object</kind>
         <file>tm4c123gh6pm_startup_ccs.obj</file>
         <name>tm4c123gh6pm_startup_ccs.obj</name>
      </input_file>
      <input_file id="fl-9">
         <kind>object</kind>
         <file>&lt;internal&gt;</file>
         <name>&lt;internal&gt;</name>
      </input_file>
      <input_file id="fl-a">
         <path>C:\ti\TivaWare_C_Series-2.2.0.295\driverlib\ccs\Debug\</path>
         <kind>archive</kind>
         <file>driverlib.lib</file>
         <name>gpio.obj</name>
      </input_file>
      <input_file id="fl-b">
         <path>C:\ti\TivaWare_C_Series-2.2.0.295\driverlib\ccs\Debug\</path>
         <kind>archive</kind>
         <file>driverlib.lib</file>
         <name>interrupt.obj</name>
      </input_file>
      <input_file id="fl-c">
         <path>C:\ti\TivaWare_C_Series-2.2.0.295\driverlib\ccs\Debug\</path>
         <kind>archive</kind>
         <file>driverlib.lib</file>
         <name>sysctl.obj</name>
      </input_file>
      <input_file id="fl-d">
         <path>C:\ti\TivaWare_C_Series-2.2.0.295\driverlib\ccs\Debug\</path>
         <kind>archive</kind>
         <file>driverlib.lib</file>
         <name>timer.obj</name>
      </input_file>
      <input_file id="fl-e">
         <path>C:\ti\TivaWare_C_Series-2.2.0.295\driverlib\ccs\Debug\</path>
         <kind>archive</kind>
         <file>driverlib.lib</file>
         <name>uart.obj</name>
      </input_file>
      <input_file id="fl-f">
         <path>C:\ti\TivaWare_C_Series-2.2.0.295\driverlib\ccs\Debug\</path>
         <kind>archive</kind>
         <file>driverlib.lib</file>
         <name>cpu.obj</name>
      </input_file>
      <input_file id="fl-10">
         <path>C:\Users\serha\workspace_v12\000_LiquidCrystal1602\Debug\</path>
         <kind>archive</kind>
         <file>000_LiquidCrystal1602.lib</file>
         <name>LiquidCrystal1602.obj</name>
      </input_file>
      <input_file id="fl-c6">
         <path>D:\Programlar\ss\ccs\tools\compiler\ti-cgt-arm_20.2.7.LTS\lib\</path>
         <kind>archive</kind>
         <file>rtsv7M4_T_le_v4SPD16_eabi.lib</file>
         <name>vsnprintf.c.obj</name>
      </input_file>
      <input_file id="fl-c7">
         <path>D:\Programlar\ss\ccs\tools\compiler\ti-cgt-arm_20.2.7.LTS\lib\</path>
         <kind>archive</kind>
         <file>rtsv7M4_T_le_v4SPD16_eabi.lib</file>
         <name>memcpy_t2.asm.obj</name>
      </input_file>
      <input_file id="fl-c8">
         <path>D:\Programlar\ss\ccs\tools\compiler\ti-cgt-arm_20.2.7.LTS\lib\</path>
         <kind>archive</kind>
         <file>rtsv7M4_T_le_v4SPD16_eabi.lib</file>
         <name>copy_zero_init.c.obj</name>
      </input_file>
      <input_file id="fl-c9">
         <path>D:\Programlar\ss\ccs\tools\compiler\ti-cgt-arm_20.2.7.LTS\lib\</path>
         <kind>archive</kind>
         <file>rtsv7M4_T_le_v4SPD16_eabi.lib</file>
         <name>copy_decompress_none.c.obj</name>
      </input_file>
      <input_file id="fl-ca">
         <path>D:\Programlar\ss\ccs\tools\compiler\ti-cgt-arm_20.2.7.LTS\lib\</path>
         <kind>archive</kind>
         <file>rtsv7M4_T_le_v4SPD16_eabi.lib</file>
         <name>copy_decompress_lzss.c.obj</name>
      </input_file>
      <input_file id="fl-cb">
         <path>D:\Programlar\ss\ccs\tools\compiler\ti-cgt-arm_20.2.7.LTS\lib\</path>
         <kind>archive</kind>
         <file>rtsv7M4_T_le_v4SPD16_eabi.lib</file>
         <name>boot_cortex_m.c.obj</name>
      </input_file>
      <input_file id="fl-cc">
         <path>D:\Programlar\ss\ccs\tools\compiler\ti-cgt-arm_20.2.7.LTS\lib\</path>
         <kind>archive</kind>
         <file>rtsv7M4_T_le_v4SPD16_eabi.lib</file>
         <name>_printfi.c.obj</name>
      </input_file>
      <input_file id="fl-cd">
         <path>D:\Programlar\ss\ccs\tools\compiler\ti-cgt-arm_20.2.7.LTS\lib\</path>
         <kind>archive</kind>
         <file>rtsv7M4_T_le_v4SPD16_eabi.lib</file>
         <name>fd_add_t2.asm.obj</name>
      </input_file>
      <input_file id="fl-ce">
         <path>D:\Programlar\ss\ccs\tools\compiler\ti-cgt-arm_20.2.7.LTS\lib\</path>
         <kind>archive</kind>
         <file>rtsv7M4_T_le_v4SPD16_eabi.lib</file>
         <name>fd_cmp_t2.asm.obj</name>
      </input_file>
      <input_file id="fl-cf">
         <path>D:\Programlar\ss\ccs\tools\compiler\ti-cgt-arm_20.2.7.LTS\lib\</path>
         <kind>archive</kind>
         <file>rtsv7M4_T_le_v4SPD16_eabi.lib</file>
         <name>fd_div_t2.asm.obj</name>
      </input_file>
      <input_file id="fl-d0">
         <path>D:\Programlar\ss\ccs\tools\compiler\ti-cgt-arm_20.2.7.LTS\lib\</path>
         <kind>archive</kind>
         <file>rtsv7M4_T_le_v4SPD16_eabi.lib</file>
         <name>fd_mul_t2.asm.obj</name>
      </input_file>
      <input_file id="fl-d1">
         <path>D:\Programlar\ss\ccs\tools\compiler\ti-cgt-arm_20.2.7.LTS\lib\</path>
         <kind>archive</kind>
         <file>rtsv7M4_T_le_v4SPD16_eabi.lib</file>
         <name>fd_toi_t2.asm.obj</name>
      </input_file>
      <input_file id="fl-d2">
         <path>D:\Programlar\ss\ccs\tools\compiler\ti-cgt-arm_20.2.7.LTS\lib\</path>
         <kind>archive</kind>
         <file>rtsv7M4_T_le_v4SPD16_eabi.lib</file>
         <name>i_tofd_t2.asm.obj</name>
      </input_file>
      <input_file id="fl-d3">
         <path>D:\Programlar\ss\ccs\tools\compiler\ti-cgt-arm_20.2.7.LTS\lib\</path>
         <kind>archive</kind>
         <file>rtsv7M4_T_le_v4SPD16_eabi.lib</file>
         <name>memset_t2.asm.obj</name>
      </input_file>
      <input_file id="fl-d4">
         <path>D:\Programlar\ss\ccs\tools\compiler\ti-cgt-arm_20.2.7.LTS\lib\</path>
         <kind>archive</kind>
         <file>rtsv7M4_T_le_v4SPD16_eabi.lib</file>
         <name>ull_div_t2.asm.obj</name>
      </input_file>
      <input_file id="fl-d5">
         <path>D:\Programlar\ss\ccs\tools\compiler\ti-cgt-arm_20.2.7.LTS\lib\</path>
         <kind>archive</kind>
         <file>rtsv7M4_T_le_v4SPD16_eabi.lib</file>
         <name>autoinit.c.obj</name>
      </input_file>
      <input_file id="fl-d6">
         <path>D:\Programlar\ss\ccs\tools\compiler\ti-cgt-arm_20.2.7.LTS\lib\</path>
         <kind>archive</kind>
         <file>rtsv7M4_T_le_v4SPD16_eabi.lib</file>
         <name>pre_init.c.obj</name>
      </input_file>
      <input_file id="fl-d7">
         <path>D:\Programlar\ss\ccs\tools\compiler\ti-cgt-arm_20.2.7.LTS\lib\</path>
         <kind>archive</kind>
         <file>rtsv7M4_T_le_v4SPD16_eabi.lib</file>
         <name>cpy_tbl.c.obj</name>
      </input_file>
      <input_file id="fl-d8">
         <path>D:\Programlar\ss\ccs\tools\compiler\ti-cgt-arm_20.2.7.LTS\lib\</path>
         <kind>archive</kind>
         <file>rtsv7M4_T_le_v4SPD16_eabi.lib</file>
         <name>exit.c.obj</name>
      </input_file>
      <input_file id="fl-d9">
         <path>D:\Programlar\ss\ccs\tools\compiler\ti-cgt-arm_20.2.7.LTS\lib\</path>
         <kind>archive</kind>
         <file>rtsv7M4_T_le_v4SPD16_eabi.lib</file>
         <name>_lock.c.obj</name>
      </input_file>
      <input_file id="fl-da">
         <path>D:\Programlar\ss\ccs\tools\compiler\ti-cgt-arm_20.2.7.LTS\lib\</path>
         <kind>archive</kind>
         <file>rtsv7M4_T_le_v4SPD16_eabi.lib</file>
         <name>_ltoa.c.obj</name>
      </input_file>
      <input_file id="fl-db">
         <path>D:\Programlar\ss\ccs\tools\compiler\ti-cgt-arm_20.2.7.LTS\lib\</path>
         <kind>archive</kind>
         <file>rtsv7M4_T_le_v4SPD16_eabi.lib</file>
         <name>args_main.c.obj</name>
      </input_file>
      <input_file id="fl-dc">
         <path>D:\Programlar\ss\ccs\tools\compiler\ti-cgt-arm_20.2.7.LTS\lib\</path>
         <kind>archive</kind>
         <file>rtsv7M4_T_le_v4SPD16_eabi.lib</file>
         <name>atoi.c.obj</name>
      </input_file>
      <input_file id="fl-dd">
         <path>D:\Programlar\ss\ccs\tools\compiler\ti-cgt-arm_20.2.7.LTS\lib\</path>
         <kind>archive</kind>
         <file>rtsv7M4_T_le_v4SPD16_eabi.lib</file>
         <name>ctype.c.obj</name>
      </input_file>
      <input_file id="fl-de">
         <path>D:\Programlar\ss\ccs\tools\compiler\ti-cgt-arm_20.2.7.LTS\lib\</path>
         <kind>archive</kind>
         <file>rtsv7M4_T_le_v4SPD16_eabi.lib</file>
         <name>memccpy.c.obj</name>
      </input_file>
      <input_file id="fl-df">
         <path>D:\Programlar\ss\ccs\tools\compiler\ti-cgt-arm_20.2.7.LTS\lib\</path>
         <kind>archive</kind>
         <file>rtsv7M4_T_le_v4SPD16_eabi.lib</file>
         <name>strchr.c.obj</name>
      </input_file>
      <input_file id="fl-e0">
         <path>D:\Programlar\ss\ccs\tools\compiler\ti-cgt-arm_20.2.7.LTS\lib\</path>
         <kind>archive</kind>
         <file>rtsv7M4_T_le_v4SPD16_eabi.lib</file>
         <name>strlen.c.obj</name>
      </input_file>
      <input_file id="fl-e1">
         <path>D:\Programlar\ss\ccs\tools\compiler\ti-cgt-arm_20.2.7.LTS\lib\</path>
         <kind>archive</kind>
         <file>rtsv7M4_T_le_v4SPD16_eabi.lib</file>
         <name>errno.c.obj</name>
      </input_file>
      <input_file id="fl-e2">
         <path>D:\Programlar\ss\ccs\tools\compiler\ti-cgt-arm_20.2.7.LTS\lib\</path>
         <kind>archive</kind>
         <file>rtsv7M4_T_le_v4SPD16_eabi.lib</file>
         <name>wcslen.c.obj</name>
      </input_file>
      <input_file id="fl-e3">
         <path>D:\Programlar\ss\ccs\tools\compiler\ti-cgt-arm_20.2.7.LTS\lib\</path>
         <kind>archive</kind>
         <file>rtsv7M4_T_le_v4SPD16_eabi.lib</file>
         <name>s_frexp.c.obj</name>
      </input_file>
      <input_file id="fl-e4">
         <path>D:\Programlar\ss\ccs\tools\compiler\ti-cgt-arm_20.2.7.LTS\lib\</path>
         <kind>archive</kind>
         <file>rtsv7M4_T_le_v4SPD16_eabi.lib</file>
         <name>s_scalbn.c.obj</name>
      </input_file>
      <input_file id="fl-e5">
         <path>D:\Programlar\ss\ccs\tools\compiler\ti-cgt-arm_20.2.7.LTS\lib\</path>
         <kind>archive</kind>
         <file>rtsv7M4_T_le_v4SPD16_eabi.lib</file>
         <name>div0.asm.obj</name>
      </input_file>
      <input_file id="fl-e6">
         <path>D:\Programlar\ss\ccs\tools\compiler\ti-cgt-arm_20.2.7.LTS\lib\</path>
         <kind>archive</kind>
         <file>rtsv7M4_T_le_v4SPD16_eabi.lib</file>
         <name>s_copysign.c.obj</name>
      </input_file>
      <input_file id="fl-e7">
         <path>C:\ti\TivaWare_C_Series-2.2.0.295\driverlib\ccs\Debug\</path>
         <kind>archive</kind>
         <file>driverlib.lib</file>
         <name>systick.obj</name>
      </input_file>
   </input_file_list>
   <object_component_list>
      <object_component id="oc-12">
         <name>.intvecs</name>
         <load_address>0x0</load_address>
         <run_address>0x0</run_address>
         <size>0x26c</size>
         <input_file_ref idref="fl-3"/>
      </object_component>
      <object_component id="oc-23e">
         <name>.text:__TI_printfi</name>
         <load_address>0x26c</load_address>
         <run_address>0x26c</run_address>
         <size>0xa4e</size>
         <input_file_ref idref="fl-cc"/>
      </object_component>
      <object_component id="oc-395">
         <name>.text</name>
         <load_address>0xcba</load_address>
         <run_address>0xcba</run_address>
         <size>0x2</size>
         <input_file_ref idref="fl-e5"/>
      </object_component>
      <object_component id="oc-9b">
         <name>.text</name>
         <load_address>0xcbc</load_address>
         <run_address>0xcbc</run_address>
         <size>0x414</size>
         <input_file_ref idref="fl-2"/>
      </object_component>
      <object_component id="oc-db">
         <name>.text</name>
         <load_address>0x10d0</load_address>
         <run_address>0x10d0</run_address>
         <size>0x35c</size>
         <input_file_ref idref="fl-10"/>
      </object_component>
      <object_component id="oc-2d7">
         <name>.text:_pconv_a</name>
         <load_address>0x142c</load_address>
         <run_address>0x142c</run_address>
         <size>0x270</size>
         <input_file_ref idref="fl-cc"/>
      </object_component>
      <object_component id="oc-2c5">
         <name>.text:_pconv_g</name>
         <load_address>0x169c</load_address>
         <run_address>0x169c</run_address>
         <size>0x1d0</size>
         <input_file_ref idref="fl-cc"/>
      </object_component>
      <object_component id="oc-341">
         <name>.text</name>
         <load_address>0x186c</load_address>
         <run_address>0x186c</run_address>
         <size>0x1b6</size>
         <input_file_ref idref="fl-cd"/>
      </object_component>
      <object_component id="oc-1db">
         <name>.text:GPIOPadConfigSet</name>
         <load_address>0x1a24</load_address>
         <run_address>0x1a24</run_address>
         <size>0x16c</size>
         <input_file_ref idref="fl-a"/>
      </object_component>
      <object_component id="oc-2d1">
         <name>.text:_pconv_e</name>
         <load_address>0x1b90</load_address>
         <run_address>0x1b90</run_address>
         <size>0x13c</size>
         <input_file_ref idref="fl-cc"/>
      </object_component>
      <object_component id="oc-327">
         <name>.text</name>
         <load_address>0x1ccc</load_address>
         <run_address>0x1ccc</run_address>
         <size>0x136</size>
         <input_file_ref idref="fl-cf"/>
      </object_component>
      <object_component id="oc-353">
         <name>.text:fcvt</name>
         <load_address>0x1e04</load_address>
         <run_address>0x1e04</run_address>
         <size>0x124</size>
         <input_file_ref idref="fl-cc"/>
      </object_component>
      <object_component id="oc-112">
         <name>.text:SysCtlClockGet</name>
         <load_address>0x1f28</load_address>
         <run_address>0x1f28</run_address>
         <size>0x118</size>
         <input_file_ref idref="fl-c"/>
      </object_component>
      <object_component id="oc-367">
         <name>.text:scalbn</name>
         <load_address>0x2040</load_address>
         <run_address>0x2040</run_address>
         <size>0x110</size>
         <input_file_ref idref="fl-e4"/>
      </object_component>
      <object_component id="oc-322">
         <name>.text</name>
         <load_address>0x2150</load_address>
         <run_address>0x2150</run_address>
         <size>0xfc</size>
         <input_file_ref idref="fl-d0"/>
      </object_component>
      <object_component id="oc-eb">
         <name>.text:SysCtlClockSet</name>
         <load_address>0x224c</load_address>
         <run_address>0x224c</run_address>
         <size>0xf4</size>
         <input_file_ref idref="fl-c"/>
      </object_component>
      <object_component id="oc-2ba">
         <name>.text:_ltostr</name>
         <load_address>0x2340</load_address>
         <run_address>0x2340</run_address>
         <size>0xb1</size>
         <input_file_ref idref="fl-cc"/>
      </object_component>
      <object_component id="oc-3b">
         <name>.text</name>
         <load_address>0x23f2</load_address>
         <run_address>0x23f2</run_address>
         <size>0x9c</size>
         <input_file_ref idref="fl-c7"/>
      </object_component>
      <object_component id="oc-31b">
         <name>.text</name>
         <load_address>0x248e</load_address>
         <run_address>0x248e</run_address>
         <size>0x96</size>
         <input_file_ref idref="fl-d4"/>
      </object_component>
      <object_component id="oc-2c0">
         <name>.text:__aeabi_cdcmple</name>
         <load_address>0x2524</load_address>
         <run_address>0x2524</run_address>
         <size>0x86</size>
         <input_file_ref idref="fl-ce"/>
      </object_component>
      <object_component id="oc-32c">
         <name>.text:__aeabi_cdrcmple</name>
         <load_address>0x25aa</load_address>
         <run_address>0x25aa</run_address>
         <size>0x86</size>
         <input_file_ref idref="fl-ce"/>
      </object_component>
      <object_component id="oc-8f">
         <name>.text</name>
         <load_address>0x2630</load_address>
         <run_address>0x2630</run_address>
         <size>0x7a</size>
         <input_file_ref idref="fl-d3"/>
      </object_component>
      <object_component id="oc-34c">
         <name>.text:_mcpy</name>
         <load_address>0x26aa</load_address>
         <run_address>0x26aa</run_address>
         <size>0x6e</size>
         <input_file_ref idref="fl-cc"/>
      </object_component>
      <object_component id="oc-fd">
         <name>.text:IntEnable</name>
         <load_address>0x2718</load_address>
         <run_address>0x2718</run_address>
         <size>0x68</size>
         <input_file_ref idref="fl-b"/>
      </object_component>
      <object_component id="oc-15">
         <name>.text:decompress:lzss:__TI_decompress_lzss</name>
         <load_address>0x2780</load_address>
         <run_address>0x2780</run_address>
         <size>0x68</size>
         <input_file_ref idref="fl-ca"/>
      </object_component>
      <object_component id="oc-361">
         <name>.text:frexp</name>
         <load_address>0x27e8</load_address>
         <run_address>0x27e8</run_address>
         <size>0x64</size>
         <input_file_ref idref="fl-e3"/>
      </object_component>
      <object_component id="oc-10c">
         <name>.text:TimerConfigure</name>
         <load_address>0x284c</load_address>
         <run_address>0x284c</run_address>
         <size>0x60</size>
         <input_file_ref idref="fl-d"/>
      </object_component>
      <object_component id="oc-2cb">
         <name>.text:_pconv_f</name>
         <load_address>0x28ac</load_address>
         <run_address>0x28ac</run_address>
         <size>0x56</size>
         <input_file_ref idref="fl-cc"/>
      </object_component>
      <object_component id="oc-336">
         <name>.text:__TI_ltoa</name>
         <load_address>0x2902</load_address>
         <run_address>0x2902</run_address>
         <size>0x54</size>
         <input_file_ref idref="fl-da"/>
      </object_component>
      <object_component id="oc-346">
         <name>.text:_ecpy</name>
         <load_address>0x2956</load_address>
         <run_address>0x2956</run_address>
         <size>0x52</size>
         <input_file_ref idref="fl-cc"/>
      </object_component>
      <object_component id="oc-132">
         <name>.text:GPIOPinConfigure</name>
         <load_address>0x29a8</load_address>
         <run_address>0x29a8</run_address>
         <size>0x4c</size>
         <input_file_ref idref="fl-a"/>
      </object_component>
      <object_component id="oc-1ef">
         <name>.text:_TimerIntNumberGet</name>
         <load_address>0x29f4</load_address>
         <run_address>0x29f4</run_address>
         <size>0x4c</size>
         <input_file_ref idref="fl-d"/>
      </object_component>
      <object_component id="oc-2b4">
         <name>.text:atoi</name>
         <load_address>0x2a40</load_address>
         <run_address>0x2a40</run_address>
         <size>0x4c</size>
         <input_file_ref idref="fl-dc"/>
      </object_component>
      <object_component id="oc-331">
         <name>.text</name>
         <load_address>0x2a8c</load_address>
         <run_address>0x2a8c</run_address>
         <size>0x48</size>
         <input_file_ref idref="fl-d1"/>
      </object_component>
      <object_component id="oc-13e">
         <name>.text:UARTConfigSetExpClk</name>
         <load_address>0x2ad4</load_address>
         <run_address>0x2ad4</run_address>
         <size>0x46</size>
         <input_file_ref idref="fl-e"/>
      </object_component>
      <object_component id="oc-158">
         <name>.text:__TI_auto_init_nobinit_nopinit:__TI_auto_init_nobinit_nopinit</name>
         <load_address>0x2b1c</load_address>
         <run_address>0x2b1c</run_address>
         <size>0x44</size>
         <input_file_ref idref="fl-d5"/>
      </object_component>
      <object_component id="oc-1b4">
         <name>.text:vsnprintf</name>
         <load_address>0x2b60</load_address>
         <run_address>0x2b60</run_address>
         <size>0x40</size>
         <input_file_ref idref="fl-c6"/>
      </object_component>
      <object_component id="oc-359">
         <name>.text:_fcpy</name>
         <load_address>0x2ba0</load_address>
         <run_address>0x2ba0</run_address>
         <size>0x3e</size>
         <input_file_ref idref="fl-cc"/>
      </object_component>
      <object_component id="oc-1f5">
         <name>.text:IntRegister</name>
         <load_address>0x2be0</load_address>
         <run_address>0x2be0</run_address>
         <size>0x34</size>
         <input_file_ref idref="fl-b"/>
      </object_component>
      <object_component id="oc-f1">
         <name>.text:SysCtlPeripheralEnable</name>
         <load_address>0x2c14</load_address>
         <run_address>0x2c14</run_address>
         <size>0x34</size>
         <input_file_ref idref="fl-c"/>
      </object_component>
      <object_component id="oc-59">
         <name>.text:_c_int00_noargs:_c_int00_noargs</name>
         <load_address>0x2c48</load_address>
         <run_address>0x2c48</run_address>
         <size>0x34</size>
         <input_file_ref idref="fl-cb"/>
      </object_component>
      <object_component id="oc-244">
         <name>.text:_outs</name>
         <load_address>0x2c7c</load_address>
         <run_address>0x2c7c</run_address>
         <size>0x30</size>
         <input_file_ref idref="fl-c6"/>
      </object_component>
      <object_component id="oc-33c">
         <name>.text</name>
         <load_address>0x2cac</load_address>
         <run_address>0x2cac</run_address>
         <size>0x2e</size>
         <input_file_ref idref="fl-d2"/>
      </object_component>
      <object_component id="oc-1e1">
         <name>.text:GPIODirModeSet</name>
         <load_address>0x2cda</load_address>
         <run_address>0x2cda</run_address>
         <size>0x2c</size>
         <input_file_ref idref="fl-a"/>
      </object_component>
      <object_component id="oc-202">
         <name>.text:UARTDisable</name>
         <load_address>0x2d08</load_address>
         <run_address>0x2d08</run_address>
         <size>0x20</size>
         <input_file_ref idref="fl-e"/>
      </object_component>
      <object_component id="oc-1a8">
         <name>.text:SysTickIntRegister</name>
         <load_address>0x2d28</load_address>
         <run_address>0x2d28</run_address>
         <size>0x1c</size>
         <input_file_ref idref="fl-e7"/>
      </object_component>
      <object_component id="oc-47">
         <name>.text:decompress:ZI:__TI_zero_init_nomemset:__TI_zero_init_nomemset</name>
         <load_address>0x2d44</load_address>
         <run_address>0x2d44</run_address>
         <size>0x1c</size>
         <input_file_ref idref="fl-c8"/>
      </object_component>
      <object_component id="oc-2dd">
         <name>.text:memccpy</name>
         <load_address>0x2d60</load_address>
         <run_address>0x2d60</run_address>
         <size>0x1c</size>
         <input_file_ref idref="fl-de"/>
      </object_component>
      <object_component id="oc-103">
         <name>.text:GPIOPinTypeGPIOOutput</name>
         <load_address>0x2d7c</load_address>
         <run_address>0x2d7c</run_address>
         <size>0x1a</size>
         <input_file_ref idref="fl-a"/>
      </object_component>
      <object_component id="oc-3ae">
         <name>.text:copysign</name>
         <load_address>0x2d96</load_address>
         <run_address>0x2d96</run_address>
         <size>0x1a</size>
         <input_file_ref idref="fl-e6"/>
      </object_component>
      <object_component id="oc-124">
         <name>.text:TimerIntRegister</name>
         <load_address>0x2db0</load_address>
         <run_address>0x2db0</run_address>
         <size>0x18</size>
         <input_file_ref idref="fl-d"/>
      </object_component>
      <object_component id="oc-24a">
         <name>.text:_outc</name>
         <load_address>0x2dc8</load_address>
         <run_address>0x2dc8</run_address>
         <size>0x18</size>
         <input_file_ref idref="fl-c6"/>
      </object_component>
      <object_component id="oc-138">
         <name>.text:GPIOPinTypeUART</name>
         <load_address>0x2de0</load_address>
         <run_address>0x2de0</run_address>
         <size>0x16</size>
         <input_file_ref idref="fl-a"/>
      </object_component>
      <object_component id="oc-36d">
         <name>.text:strchr</name>
         <load_address>0x2df6</load_address>
         <run_address>0x2df6</run_address>
         <size>0x16</size>
         <input_file_ref idref="fl-df"/>
      </object_component>
      <object_component id="oc-1ae">
         <name>.text:SysTickDisable</name>
         <load_address>0x2e0c</load_address>
         <run_address>0x2e0c</run_address>
         <size>0x14</size>
         <input_file_ref idref="fl-e7"/>
      </object_component>
      <object_component id="oc-19c">
         <name>.text:SysTickEnable</name>
         <load_address>0x2e20</load_address>
         <run_address>0x2e20</run_address>
         <size>0x14</size>
         <input_file_ref idref="fl-e7"/>
      </object_component>
      <object_component id="oc-1a2">
         <name>.text:SysTickIntEnable</name>
         <load_address>0x2e34</load_address>
         <run_address>0x2e34</run_address>
         <size>0x14</size>
         <input_file_ref idref="fl-e7"/>
      </object_component>
      <object_component id="oc-144">
         <name>.text:UARTEnable</name>
         <load_address>0x2e48</load_address>
         <run_address>0x2e48</run_address>
         <size>0x14</size>
         <input_file_ref idref="fl-e"/>
      </object_component>
      <object_component id="oc-2ae">
         <name>.text:strlen</name>
         <load_address>0x2e5c</load_address>
         <run_address>0x2e5c</run_address>
         <size>0x14</size>
         <input_file_ref idref="fl-e0"/>
      </object_component>
      <object_component id="oc-118">
         <name>.text:TimerLoadSet</name>
         <load_address>0x2e70</load_address>
         <run_address>0x2e70</run_address>
         <size>0x12</size>
         <input_file_ref idref="fl-d"/>
      </object_component>
      <object_component id="oc-2e3">
         <name>.text:wcslen</name>
         <load_address>0x2e82</load_address>
         <run_address>0x2e82</run_address>
         <size>0x12</size>
         <input_file_ref idref="fl-e2"/>
      </object_component>
      <object_component id="oc-f7">
         <name>.text:IntMasterEnable</name>
         <load_address>0x2e94</load_address>
         <run_address>0x2e94</run_address>
         <size>0x10</size>
         <input_file_ref idref="fl-b"/>
      </object_component>
      <object_component id="oc-196">
         <name>.text:SysTickPeriodSet</name>
         <load_address>0x2ea4</load_address>
         <run_address>0x2ea4</run_address>
         <size>0x10</size>
         <input_file_ref idref="fl-e7"/>
      </object_component>
      <object_component id="oc-12a">
         <name>.text:TimerEnable</name>
         <load_address>0x2eb4</load_address>
         <run_address>0x2eb4</run_address>
         <size>0xe</size>
         <input_file_ref idref="fl-d"/>
      </object_component>
      <object_component id="oc-cf">
         <name>.text:UARTCharsAvail</name>
         <load_address>0x2ec2</load_address>
         <run_address>0x2ec2</run_address>
         <size>0xe</size>
         <input_file_ref idref="fl-e"/>
      </object_component>
      <object_component id="oc-1b">
         <name>.text:decompress:none:__TI_decompress_none</name>
         <load_address>0x2ed0</load_address>
         <run_address>0x2ed0</run_address>
         <size>0xe</size>
         <input_file_ref idref="fl-c9"/>
      </object_component>
      <object_component id="oc-1cf">
         <name>.text:CPUcpsie</name>
         <load_address>0x2ede</load_address>
         <run_address>0x2ede</run_address>
         <size>0xc</size>
         <input_file_ref idref="fl-f"/>
      </object_component>
      <object_component id="oc-27">
         <name>.text</name>
         <load_address>0x2eea</load_address>
         <run_address>0x2eea</run_address>
         <size>0xc</size>
         <input_file_ref idref="fl-3"/>
      </object_component>
      <object_component id="oc-d5">
         <name>.text:UARTCharGet</name>
         <load_address>0x2ef6</load_address>
         <run_address>0x2ef6</run_address>
         <size>0xa</size>
         <input_file_ref idref="fl-e"/>
      </object_component>
      <object_component id="oc-11e">
         <name>.text:TimerIntEnable</name>
         <load_address>0x2f00</load_address>
         <run_address>0x2f00</run_address>
         <size>0x8</size>
         <input_file_ref idref="fl-d"/>
      </object_component>
      <object_component id="oc-2e9">
         <name>.text:__aeabi_errno_addr</name>
         <load_address>0x2f08</load_address>
         <run_address>0x2f08</run_address>
         <size>0x8</size>
         <input_file_ref idref="fl-e1"/>
      </object_component>
      <object_component id="oc-e1">
         <name>.text:GPIOPinWrite</name>
         <load_address>0x2f10</load_address>
         <run_address>0x2f10</run_address>
         <size>0x6</size>
         <input_file_ref idref="fl-a"/>
      </object_component>
      <object_component id="oc-1cb">
         <name>.text:SysCtlDelay</name>
         <load_address>0x2f16</load_address>
         <run_address>0x2f16</run_address>
         <size>0x6</size>
         <input_file_ref idref="fl-c"/>
      </object_component>
      <object_component id="oc-c9">
         <name>.text:TimerIntClear</name>
         <load_address>0x2f1c</load_address>
         <run_address>0x2f1c</run_address>
         <size>0x4</size>
         <input_file_ref idref="fl-d"/>
      </object_component>
      <object_component id="oc-95">
         <name>.text:_system_pre_init</name>
         <load_address>0x2f20</load_address>
         <run_address>0x2f20</run_address>
         <size>0x4</size>
         <input_file_ref idref="fl-d6"/>
      </object_component>
      <object_component id="oc-14c">
         <name>.text:abort:abort</name>
         <load_address>0x2f24</load_address>
         <run_address>0x2f24</run_address>
         <size>0x4</size>
         <input_file_ref idref="fl-d8"/>
      </object_component>
      <object_component id="oc-316">
         <name>.const:.string:_ctypes_</name>
         <load_address>0x2f28</load_address>
         <run_address>0x2f28</run_address>
         <size>0x101</size>
         <input_file_ref idref="fl-dd"/>
      </object_component>
      <object_component id="oc-1fd">
         <name>.const:g_pui32GPIOBaseAddrs</name>
         <load_address>0x302c</load_address>
         <run_address>0x302c</run_address>
         <size>0x90</size>
         <input_file_ref idref="fl-a"/>
      </object_component>
      <object_component id="oc-1e9">
         <name>.const:g_pui32Xtals</name>
         <load_address>0x30bc</load_address>
         <run_address>0x30bc</run_address>
         <size>0x6c</size>
         <input_file_ref idref="fl-c"/>
      </object_component>
      <object_component id="oc-27d">
         <name>.const:g_ppui32TimerIntMap</name>
         <load_address>0x3128</load_address>
         <run_address>0x3128</run_address>
         <size>0x60</size>
         <input_file_ref idref="fl-d"/>
      </object_component>
      <object_component id="oc-280">
         <name>.const:g_ppui32TimerIntMapSnowflake</name>
         <load_address>0x3188</load_address>
         <run_address>0x3188</run_address>
         <size>0x40</size>
         <input_file_ref idref="fl-d"/>
      </object_component>
      <object_component id="oc-1d6">
         <name>.const:g_pui32EnRegs</name>
         <load_address>0x31c8</load_address>
         <run_address>0x31c8</run_address>
         <size>0x14</size>
         <input_file_ref idref="fl-b"/>
      </object_component>
      <object_component id="oc-1bd">
         <name>.const:$P$T0$1</name>
         <load_address>0x31dc</load_address>
         <run_address>0x31dc</run_address>
         <size>0x8</size>
         <input_file_ref idref="fl-10"/>
      </object_component>
      <object_component id="oc-407">
         <name>.cinit..data.load</name>
         <load_address>0x31e8</load_address>
         <run_address>0x31e8</run_address>
         <size>0x18</size>
      </object_component>
      <object_component id="oc-404">
         <name>__TI_handler_table</name>
         <load_address>0x3200</load_address>
         <run_address>0x3200</run_address>
         <size>0xc</size>
      </object_component>
      <object_component id="oc-408">
         <name>.cinit..bss.load</name>
         <load_address>0x3210</load_address>
         <run_address>0x3210</run_address>
         <size>0x8</size>
      </object_component>
      <object_component id="oc-406">
         <name>.cinit..vtable.load</name>
         <load_address>0x3218</load_address>
         <run_address>0x3218</run_address>
         <size>0x8</size>
      </object_component>
      <object_component id="oc-405">
         <name>__TI_cinit_table</name>
         <load_address>0x3220</load_address>
         <run_address>0x3220</run_address>
         <size>0x18</size>
      </object_component>
      <object_component id="oc-284">
         <name>.vtable</name>
         <uninitialized>true</uninitialized>
         <run_address>0x20000000</run_address>
         <size>0x26c</size>
         <input_file_ref idref="fl-b"/>
      </object_component>
      <object_component id="oc-e7">
         <name>.data</name>
         <load_address>0x20000470</load_address>
         <run_address>0x20000470</run_address>
         <size>0xc</size>
         <input_file_ref idref="fl-2"/>
      </object_component>
      <object_component id="oc-1ba">
         <name>.data</name>
         <load_address>0x2000047c</load_address>
         <run_address>0x2000047c</run_address>
         <size>0x5</size>
         <input_file_ref idref="fl-10"/>
      </object_component>
      <object_component id="oc-37d">
         <name>.data</name>
         <load_address>0x20000484</load_address>
         <run_address>0x20000484</run_address>
         <size>0x4</size>
         <input_file_ref idref="fl-e1"/>
      </object_component>
      <object_component id="oc-14a">
         <name>.common:receivedData</name>
         <uninitialized>true</uninitialized>
         <run_address>0x20000488</run_address>
         <size>0xc</size>
      </object_component>
      <object_component id="oc-ea">
         <name>.common:saniyeBirler</name>
         <uninitialized>true</uninitialized>
         <run_address>0x20000498</run_address>
         <size>0x1</size>
      </object_component>
      <object_component id="oc-109">
         <name>.common:saniyeOnlar</name>
         <uninitialized>true</uninitialized>
         <run_address>0x20000499</run_address>
         <size>0x1</size>
      </object_component>
      <object_component id="oc-10a">
         <name>.common:dakikaBirler</name>
         <uninitialized>true</uninitialized>
         <run_address>0x20000494</run_address>
         <size>0x1</size>
      </object_component>
      <object_component id="oc-10b">
         <name>.common:dakikaOnlar</name>
         <uninitialized>true</uninitialized>
         <run_address>0x20000495</run_address>
         <size>0x1</size>
      </object_component>
      <object_component id="oc-130">
         <name>.common:saatBirler</name>
         <uninitialized>true</uninitialized>
         <run_address>0x20000496</run_address>
         <size>0x1</size>
      </object_component>
      <object_component id="oc-131">
         <name>.common:saatOnlar</name>
         <uninitialized>true</uninitialized>
         <run_address>0x20000497</run_address>
         <size>0x1</size>
      </object_component>
      <object_component id="oc-24">
         <name>.stack</name>
         <uninitialized>true</uninitialized>
         <run_address>0x20000270</run_address>
         <size>0x4</size>
         <input_file_ref idref="fl-cb"/>
      </object_component>
      <object_component id="oc-40a">
         <name>.stack</name>
         <uninitialized>true</uninitialized>
         <run_address>0x20000270</run_address>
         <size>0x0</size>
      </object_component>
      <object_component id="oc-b7">
         <name>.debug_info</name>
         <load_address>0x0</load_address>
         <run_address>0x0</run_address>
         <size>0x82a</size>
         <input_file_ref idref="fl-2"/>
      </object_component>
      <object_component id="oc-e8">
         <name>.debug_info</name>
         <load_address>0x82a</load_address>
         <run_address>0x82a</run_address>
         <size>0x11f</size>
         <input_file_ref idref="fl-2"/>
      </object_component>
      <object_component id="oc-9c">
         <name>.debug_info</name>
         <load_address>0x949</load_address>
         <run_address>0x949</run_address>
         <size>0x728</size>
         <input_file_ref idref="fl-2"/>
      </object_component>
      <object_component id="oc-70">
         <name>.debug_info</name>
         <load_address>0x1071</load_address>
         <run_address>0x1071</run_address>
         <size>0x26b</size>
         <input_file_ref idref="fl-2"/>
      </object_component>
      <object_component id="oc-b2">
         <name>.debug_info</name>
         <load_address>0x12dc</load_address>
         <run_address>0x12dc</run_address>
         <size>0x8b</size>
         <input_file_ref idref="fl-2"/>
      </object_component>
      <object_component id="oc-ad">
         <name>.debug_info</name>
         <load_address>0x1367</load_address>
         <run_address>0x1367</run_address>
         <size>0x2a4</size>
         <input_file_ref idref="fl-2"/>
      </object_component>
      <object_component id="oc-75">
         <name>.debug_info</name>
         <load_address>0x160b</load_address>
         <run_address>0x160b</run_address>
         <size>0xbb</size>
         <input_file_ref idref="fl-2"/>
      </object_component>
      <object_component id="oc-2f">
         <name>.debug_info</name>
         <load_address>0x16c6</load_address>
         <run_address>0x16c6</run_address>
         <size>0x2b8</size>
         <input_file_ref idref="fl-3"/>
      </object_component>
      <object_component id="oc-13">
         <name>.debug_info</name>
         <load_address>0x197e</load_address>
         <run_address>0x197e</run_address>
         <size>0xf7</size>
         <input_file_ref idref="fl-3"/>
      </object_component>
      <object_component id="oc-29">
         <name>.debug_info</name>
         <load_address>0x1a75</load_address>
         <run_address>0x1a75</run_address>
         <size>0x273</size>
         <input_file_ref idref="fl-3"/>
      </object_component>
      <object_component id="oc-36">
         <name>.debug_info</name>
         <load_address>0x1ce8</load_address>
         <run_address>0x1ce8</run_address>
         <size>0x84</size>
         <input_file_ref idref="fl-3"/>
      </object_component>
      <object_component id="oc-1c8">
         <name>.debug_info</name>
         <load_address>0x1d6c</load_address>
         <run_address>0x1d6c</run_address>
         <size>0x3e4</size>
         <input_file_ref idref="fl-a"/>
      </object_component>
      <object_component id="oc-1fe">
         <name>.debug_info</name>
         <load_address>0x2150</load_address>
         <run_address>0x2150</run_address>
         <size>0x164</size>
         <input_file_ref idref="fl-a"/>
      </object_component>
      <object_component id="oc-e2">
         <name>.debug_info</name>
         <load_address>0x22b4</load_address>
         <run_address>0x22b4</run_address>
         <size>0x2ac</size>
         <input_file_ref idref="fl-a"/>
      </object_component>
      <object_component id="oc-1e2">
         <name>.debug_info</name>
         <load_address>0x2560</load_address>
         <run_address>0x2560</run_address>
         <size>0x2bc</size>
         <input_file_ref idref="fl-a"/>
      </object_component>
      <object_component id="oc-1dc">
         <name>.debug_info</name>
         <load_address>0x281c</load_address>
         <run_address>0x281c</run_address>
         <size>0x31f</size>
         <input_file_ref idref="fl-a"/>
      </object_component>
      <object_component id="oc-139">
         <name>.debug_info</name>
         <load_address>0x2b3b</load_address>
         <run_address>0x2b3b</run_address>
         <size>0x29b</size>
         <input_file_ref idref="fl-a"/>
      </object_component>
      <object_component id="oc-104">
         <name>.debug_info</name>
         <load_address>0x2dd6</load_address>
         <run_address>0x2dd6</run_address>
         <size>0x2c0</size>
         <input_file_ref idref="fl-a"/>
      </object_component>
      <object_component id="oc-133">
         <name>.debug_info</name>
         <load_address>0x3096</load_address>
         <run_address>0x3096</run_address>
         <size>0x289</size>
         <input_file_ref idref="fl-a"/>
      </object_component>
      <object_component id="oc-231">
         <name>.debug_info</name>
         <load_address>0x331f</load_address>
         <run_address>0x331f</run_address>
         <size>0x26b</size>
         <input_file_ref idref="fl-a"/>
      </object_component>
      <object_component id="oc-22a">
         <name>.debug_info</name>
         <load_address>0x358a</load_address>
         <run_address>0x358a</run_address>
         <size>0x297</size>
         <input_file_ref idref="fl-a"/>
      </object_component>
      <object_component id="oc-26f">
         <name>.debug_info</name>
         <load_address>0x3821</load_address>
         <run_address>0x3821</run_address>
         <size>0xef</size>
         <input_file_ref idref="fl-a"/>
      </object_component>
      <object_component id="oc-18d">
         <name>.debug_info</name>
         <load_address>0x3910</load_address>
         <run_address>0x3910</run_address>
         <size>0xbb</size>
         <input_file_ref idref="fl-a"/>
      </object_component>
      <object_component id="oc-1da">
         <name>.debug_info</name>
         <load_address>0x39cb</load_address>
         <run_address>0x39cb</run_address>
         <size>0x3b7</size>
         <input_file_ref idref="fl-b"/>
      </object_component>
      <object_component id="oc-1d7">
         <name>.debug_info</name>
         <load_address>0x3d82</load_address>
         <run_address>0x3d82</run_address>
         <size>0x15b</size>
         <input_file_ref idref="fl-b"/>
      </object_component>
      <object_component id="oc-285">
         <name>.debug_info</name>
         <load_address>0x3edd</load_address>
         <run_address>0x3edd</run_address>
         <size>0x160</size>
         <input_file_ref idref="fl-b"/>
      </object_component>
      <object_component id="oc-1f6">
         <name>.debug_info</name>
         <load_address>0x403d</load_address>
         <run_address>0x403d</run_address>
         <size>0x2ca</size>
         <input_file_ref idref="fl-b"/>
      </object_component>
      <object_component id="oc-fa">
         <name>.debug_info</name>
         <load_address>0x4307</load_address>
         <run_address>0x4307</run_address>
         <size>0x247</size>
         <input_file_ref idref="fl-b"/>
      </object_component>
      <object_component id="oc-100">
         <name>.debug_info</name>
         <load_address>0x454e</load_address>
         <run_address>0x454e</run_address>
         <size>0x271</size>
         <input_file_ref idref="fl-b"/>
      </object_component>
      <object_component id="oc-1cd">
         <name>.debug_info</name>
         <load_address>0x47bf</load_address>
         <run_address>0x47bf</run_address>
         <size>0x441</size>
         <input_file_ref idref="fl-c"/>
      </object_component>
      <object_component id="oc-1ea">
         <name>.debug_info</name>
         <load_address>0x4c00</load_address>
         <run_address>0x4c00</run_address>
         <size>0x156</size>
         <input_file_ref idref="fl-c"/>
      </object_component>
      <object_component id="oc-f3">
         <name>.debug_info</name>
         <load_address>0x4d56</load_address>
         <run_address>0x4d56</run_address>
         <size>0x286</size>
         <input_file_ref idref="fl-c"/>
      </object_component>
      <object_component id="oc-ed">
         <name>.debug_info</name>
         <load_address>0x4fdc</load_address>
         <run_address>0x4fdc</run_address>
         <size>0x2e4</size>
         <input_file_ref idref="fl-c"/>
      </object_component>
      <object_component id="oc-114">
         <name>.debug_info</name>
         <load_address>0x52c0</load_address>
         <run_address>0x52c0</run_address>
         <size>0x2be</size>
         <input_file_ref idref="fl-c"/>
      </object_component>
      <object_component id="oc-26b">
         <name>.debug_info</name>
         <load_address>0x557e</load_address>
         <run_address>0x557e</run_address>
         <size>0x51</size>
         <input_file_ref idref="fl-c"/>
      </object_component>
      <object_component id="oc-192">
         <name>.debug_info</name>
         <load_address>0x55cf</load_address>
         <run_address>0x55cf</run_address>
         <size>0x3c7</size>
         <input_file_ref idref="fl-d"/>
      </object_component>
      <object_component id="oc-27e">
         <name>.debug_info</name>
         <load_address>0x5996</load_address>
         <run_address>0x5996</run_address>
         <size>0x163</size>
         <input_file_ref idref="fl-d"/>
      </object_component>
      <object_component id="oc-281">
         <name>.debug_info</name>
         <load_address>0x5af9</load_address>
         <run_address>0x5af9</run_address>
         <size>0x175</size>
         <input_file_ref idref="fl-d"/>
      </object_component>
      <object_component id="oc-119">
         <name>.debug_info</name>
         <load_address>0x5c6e</load_address>
         <run_address>0x5c6e</run_address>
         <size>0x2c3</size>
         <input_file_ref idref="fl-d"/>
      </object_component>
      <object_component id="oc-1f0">
         <name>.debug_info</name>
         <load_address>0x5f31</load_address>
         <run_address>0x5f31</run_address>
         <size>0x2f4</size>
         <input_file_ref idref="fl-d"/>
      </object_component>
      <object_component id="oc-125">
         <name>.debug_info</name>
         <load_address>0x6225</load_address>
         <run_address>0x6225</run_address>
         <size>0x2ed</size>
         <input_file_ref idref="fl-d"/>
      </object_component>
      <object_component id="oc-11f">
         <name>.debug_info</name>
         <load_address>0x6512</load_address>
         <run_address>0x6512</run_address>
         <size>0x29d</size>
         <input_file_ref idref="fl-d"/>
      </object_component>
      <object_component id="oc-ca">
         <name>.debug_info</name>
         <load_address>0x67af</load_address>
         <run_address>0x67af</run_address>
         <size>0x29b</size>
         <input_file_ref idref="fl-d"/>
      </object_component>
      <object_component id="oc-12b">
         <name>.debug_info</name>
         <load_address>0x6a4a</load_address>
         <run_address>0x6a4a</run_address>
         <size>0x288</size>
         <input_file_ref idref="fl-d"/>
      </object_component>
      <object_component id="oc-10e">
         <name>.debug_info</name>
         <load_address>0x6cd2</load_address>
         <run_address>0x6cd2</run_address>
         <size>0x295</size>
         <input_file_ref idref="fl-d"/>
      </object_component>
      <object_component id="oc-194">
         <name>.debug_info</name>
         <load_address>0x6f67</load_address>
         <run_address>0x6f67</run_address>
         <size>0x3cb</size>
         <input_file_ref idref="fl-e"/>
      </object_component>
      <object_component id="oc-145">
         <name>.debug_info</name>
         <load_address>0x7332</load_address>
         <run_address>0x7332</run_address>
         <size>0x250</size>
         <input_file_ref idref="fl-e"/>
      </object_component>
      <object_component id="oc-203">
         <name>.debug_info</name>
         <load_address>0x7582</load_address>
         <run_address>0x7582</run_address>
         <size>0x252</size>
         <input_file_ref idref="fl-e"/>
      </object_component>
      <object_component id="oc-13f">
         <name>.debug_info</name>
         <load_address>0x77d4</load_address>
         <run_address>0x77d4</run_address>
         <size>0x32f</size>
         <input_file_ref idref="fl-e"/>
      </object_component>
      <object_component id="oc-d1">
         <name>.debug_info</name>
         <load_address>0x7b03</load_address>
         <run_address>0x7b03</run_address>
         <size>0x25c</size>
         <input_file_ref idref="fl-e"/>
      </object_component>
      <object_component id="oc-d7">
         <name>.debug_info</name>
         <load_address>0x7d5f</load_address>
         <run_address>0x7d5f</run_address>
         <size>0x256</size>
         <input_file_ref idref="fl-e"/>
      </object_component>
      <object_component id="oc-1d2">
         <name>.debug_info</name>
         <load_address>0x7fb5</load_address>
         <run_address>0x7fb5</run_address>
         <size>0x21b</size>
         <input_file_ref idref="fl-f"/>
      </object_component>
      <object_component id="oc-1c1">
         <name>.debug_info</name>
         <load_address>0x81d0</load_address>
         <run_address>0x81d0</run_address>
         <size>0x4b4</size>
         <input_file_ref idref="fl-10"/>
      </object_component>
      <object_component id="oc-1bb">
         <name>.debug_info</name>
         <load_address>0x8684</load_address>
         <run_address>0x8684</run_address>
         <size>0x10a</size>
         <input_file_ref idref="fl-10"/>
      </object_component>
      <object_component id="oc-1be">
         <name>.debug_info</name>
         <load_address>0x878e</load_address>
         <run_address>0x878e</run_address>
         <size>0xe2</size>
         <input_file_ref idref="fl-10"/>
      </object_component>
      <object_component id="oc-dc">
         <name>.debug_info</name>
         <load_address>0x8870</load_address>
         <run_address>0x8870</run_address>
         <size>0xf5d</size>
         <input_file_ref idref="fl-10"/>
      </object_component>
      <object_component id="oc-262">
         <name>.debug_info</name>
         <load_address>0x97cd</load_address>
         <run_address>0x97cd</run_address>
         <size>0xcc</size>
         <input_file_ref idref="fl-10"/>
      </object_component>
      <object_component id="oc-1c2">
         <name>.debug_info</name>
         <load_address>0x9899</load_address>
         <run_address>0x9899</run_address>
         <size>0x2c</size>
         <input_file_ref idref="fl-10"/>
      </object_component>
      <object_component id="oc-251">
         <name>.debug_info</name>
         <load_address>0x98c5</load_address>
         <run_address>0x98c5</run_address>
         <size>0x340</size>
         <input_file_ref idref="fl-c6"/>
      </object_component>
      <object_component id="oc-1b8">
         <name>.debug_info</name>
         <load_address>0x9c05</load_address>
         <run_address>0x9c05</run_address>
         <size>0x208</size>
         <input_file_ref idref="fl-c6"/>
      </object_component>
      <object_component id="oc-248">
         <name>.debug_info</name>
         <load_address>0x9e0d</load_address>
         <run_address>0x9e0d</run_address>
         <size>0x1c6</size>
         <input_file_ref idref="fl-c6"/>
      </object_component>
      <object_component id="oc-24c">
         <name>.debug_info</name>
         <load_address>0x9fd3</load_address>
         <run_address>0x9fd3</run_address>
         <size>0x179</size>
         <input_file_ref idref="fl-c6"/>
      </object_component>
      <object_component id="oc-252">
         <name>.debug_info</name>
         <load_address>0xa14c</load_address>
         <run_address>0xa14c</run_address>
         <size>0x2c</size>
         <input_file_ref idref="fl-c6"/>
      </object_component>
      <object_component id="oc-257">
         <name>.debug_info</name>
         <load_address>0xa178</load_address>
         <run_address>0xa178</run_address>
         <size>0x69</size>
         <input_file_ref idref="fl-c6"/>
      </object_component>
      <object_component id="oc-3d">
         <name>.debug_info</name>
         <load_address>0xa1e1</load_address>
         <run_address>0xa1e1</run_address>
         <size>0x119</size>
         <input_file_ref idref="fl-c7"/>
      </object_component>
      <object_component id="oc-8e">
         <name>.debug_info</name>
         <load_address>0xa2fa</load_address>
         <run_address>0xa2fa</run_address>
         <size>0x2d4</size>
         <input_file_ref idref="fl-c8"/>
      </object_component>
      <object_component id="oc-49">
         <name>.debug_info</name>
         <load_address>0xa5ce</load_address>
         <run_address>0xa5ce</run_address>
         <size>0x1d2</size>
         <input_file_ref idref="fl-c8"/>
      </object_component>
      <object_component id="oc-89">
         <name>.debug_info</name>
         <load_address>0xa7a0</load_address>
         <run_address>0xa7a0</run_address>
         <size>0x46</size>
         <input_file_ref idref="fl-c8"/>
      </object_component>
      <object_component id="oc-c0">
         <name>.debug_info</name>
         <load_address>0xa7e6</load_address>
         <run_address>0xa7e6</run_address>
         <size>0x2c</size>
         <input_file_ref idref="fl-c8"/>
      </object_component>
      <object_component id="oc-46">
         <name>.debug_info</name>
         <load_address>0xa812</load_address>
         <run_address>0xa812</run_address>
         <size>0x2a8</size>
         <input_file_ref idref="fl-c9"/>
      </object_component>
      <object_component id="oc-1e">
         <name>.debug_info</name>
         <load_address>0xaaba</load_address>
         <run_address>0xaaba</run_address>
         <size>0x1ea</size>
         <input_file_ref idref="fl-c9"/>
      </object_component>
      <object_component id="oc-41">
         <name>.debug_info</name>
         <load_address>0xaca4</load_address>
         <run_address>0xaca4</run_address>
         <size>0x46</size>
         <input_file_ref idref="fl-c9"/>
      </object_component>
      <object_component id="oc-81">
         <name>.debug_info</name>
         <load_address>0xacea</load_address>
         <run_address>0xacea</run_address>
         <size>0x2c</size>
         <input_file_ref idref="fl-c9"/>
      </object_component>
      <object_component id="oc-7f">
         <name>.debug_info</name>
         <load_address>0xad16</load_address>
         <run_address>0xad16</run_address>
         <size>0x29e</size>
         <input_file_ref idref="fl-ca"/>
      </object_component>
      <object_component id="oc-16">
         <name>.debug_info</name>
         <load_address>0xafb4</load_address>
         <run_address>0xafb4</run_address>
         <size>0x250</size>
         <input_file_ref idref="fl-ca"/>
      </object_component>
      <object_component id="oc-31">
         <name>.debug_info</name>
         <load_address>0xb204</load_address>
         <run_address>0xb204</run_address>
         <size>0x60</size>
         <input_file_ref idref="fl-ca"/>
      </object_component>
      <object_component id="oc-b9">
         <name>.debug_info</name>
         <load_address>0xb264</load_address>
         <run_address>0xb264</run_address>
         <size>0x46</size>
         <input_file_ref idref="fl-ca"/>
      </object_component>
      <object_component id="oc-7a">
         <name>.debug_info</name>
         <load_address>0xb2aa</load_address>
         <run_address>0xb2aa</run_address>
         <size>0x39</size>
         <input_file_ref idref="fl-ca"/>
      </object_component>
      <object_component id="oc-25">
         <name>.debug_info</name>
         <load_address>0xb2e3</load_address>
         <run_address>0xb2e3</run_address>
         <size>0x10b</size>
         <input_file_ref idref="fl-cb"/>
      </object_component>
      <object_component id="oc-5b">
         <name>.debug_info</name>
         <load_address>0xb3ee</load_address>
         <run_address>0xb3ee</run_address>
         <size>0x1a9</size>
         <input_file_ref idref="fl-cb"/>
      </object_component>
      <object_component id="oc-2f0">
         <name>.debug_info</name>
         <load_address>0xb597</load_address>
         <run_address>0xb597</run_address>
         <size>0x590</size>
         <input_file_ref idref="fl-cc"/>
      </object_component>
      <object_component id="oc-2bc">
         <name>.debug_info</name>
         <load_address>0xbb27</load_address>
         <run_address>0xbb27</run_address>
         <size>0x21e</size>
         <input_file_ref idref="fl-cc"/>
      </object_component>
      <object_component id="oc-348">
         <name>.debug_info</name>
         <load_address>0xbd45</load_address>
         <run_address>0xbd45</run_address>
         <size>0x1b3</size>
         <input_file_ref idref="fl-cc"/>
      </object_component>
      <object_component id="oc-34d">
         <name>.debug_info</name>
         <load_address>0xbef8</load_address>
         <run_address>0xbef8</run_address>
         <size>0x21b</size>
         <input_file_ref idref="fl-cc"/>
      </object_component>
      <object_component id="oc-2c6">
         <name>.debug_info</name>
         <load_address>0xc113</load_address>
         <run_address>0xc113</run_address>
         <size>0x3c0</size>
         <input_file_ref idref="fl-cc"/>
      </object_component>
      <object_component id="oc-354">
         <name>.debug_info</name>
         <load_address>0xc4d3</load_address>
         <run_address>0xc4d3</run_address>
         <size>0x30a</size>
         <input_file_ref idref="fl-cc"/>
      </object_component>
      <object_component id="oc-35a">
         <name>.debug_info</name>
         <load_address>0xc7dd</load_address>
         <run_address>0xc7dd</run_address>
         <size>0x215</size>
         <input_file_ref idref="fl-cc"/>
      </object_component>
      <object_component id="oc-2cd">
         <name>.debug_info</name>
         <load_address>0xc9f2</load_address>
         <run_address>0xc9f2</run_address>
         <size>0x215</size>
         <input_file_ref idref="fl-cc"/>
      </object_component>
      <object_component id="oc-2d3">
         <name>.debug_info</name>
         <load_address>0xcc07</load_address>
         <run_address>0xcc07</run_address>
         <size>0x304</size>
         <input_file_ref idref="fl-cc"/>
      </object_component>
      <object_component id="oc-2d9">
         <name>.debug_info</name>
         <load_address>0xcf0b</load_address>
         <run_address>0xcf0b</run_address>
         <size>0x4b5</size>
         <input_file_ref idref="fl-cc"/>
      </object_component>
      <object_component id="oc-240">
         <name>.debug_info</name>
         <load_address>0xd3c0</load_address>
         <run_address>0xd3c0</run_address>
         <size>0x5f4</size>
         <input_file_ref idref="fl-cc"/>
      </object_component>
      <object_component id="oc-2f1">
         <name>.debug_info</name>
         <load_address>0xd9b4</load_address>
         <run_address>0xd9b4</run_address>
         <size>0x86</size>
         <input_file_ref idref="fl-cc"/>
      </object_component>
      <object_component id="oc-384">
         <name>.debug_info</name>
         <load_address>0xda3a</load_address>
         <run_address>0xda3a</run_address>
         <size>0x39</size>
         <input_file_ref idref="fl-cc"/>
      </object_component>
      <object_component id="oc-3c5">
         <name>.debug_info</name>
         <load_address>0xda73</load_address>
         <run_address>0xda73</run_address>
         <size>0xb6</size>
         <input_file_ref idref="fl-cc"/>
      </object_component>
      <object_component id="oc-389">
         <name>.debug_info</name>
         <load_address>0xdb29</load_address>
         <run_address>0xdb29</run_address>
         <size>0x46</size>
         <input_file_ref idref="fl-cc"/>
      </object_component>
      <object_component id="oc-2f6">
         <name>.debug_info</name>
         <load_address>0xdb6f</load_address>
         <run_address>0xdb6f</run_address>
         <size>0x46</size>
         <input_file_ref idref="fl-cc"/>
      </object_component>
      <object_component id="oc-343">
         <name>.debug_info</name>
         <load_address>0xdbb5</load_address>
         <run_address>0xdbb5</run_address>
         <size>0x14c</size>
         <input_file_ref idref="fl-cd"/>
      </object_component>
      <object_component id="oc-2c1">
         <name>.debug_info</name>
         <load_address>0xdd01</load_address>
         <run_address>0xdd01</run_address>
         <size>0x128</size>
         <input_file_ref idref="fl-ce"/>
      </object_component>
      <object_component id="oc-32e">
         <name>.debug_info</name>
         <load_address>0xde29</load_address>
         <run_address>0xde29</run_address>
         <size>0x12a</size>
         <input_file_ref idref="fl-ce"/>
      </object_component>
      <object_component id="oc-329">
         <name>.debug_info</name>
         <load_address>0xdf53</load_address>
         <run_address>0xdf53</run_address>
         <size>0x13a</size>
         <input_file_ref idref="fl-cf"/>
      </object_component>
      <object_component id="oc-325">
         <name>.debug_info</name>
         <load_address>0xe08d</load_address>
         <run_address>0xe08d</run_address>
         <size>0x13a</size>
         <input_file_ref idref="fl-d0"/>
      </object_component>
      <object_component id="oc-332">
         <name>.debug_info</name>
         <load_address>0xe1c7</load_address>
         <run_address>0xe1c7</run_address>
         <size>0x12e</size>
         <input_file_ref idref="fl-d1"/>
      </object_component>
      <object_component id="oc-33e">
         <name>.debug_info</name>
         <load_address>0xe2f5</load_address>
         <run_address>0xe2f5</run_address>
         <size>0x12c</size>
         <input_file_ref idref="fl-d2"/>
      </object_component>
      <object_component id="oc-91">
         <name>.debug_info</name>
         <load_address>0xe421</load_address>
         <run_address>0xe421</run_address>
         <size>0x147</size>
         <input_file_ref idref="fl-d3"/>
      </object_component>
      <object_component id="oc-31c">
         <name>.debug_info</name>
         <load_address>0xe568</load_address>
         <run_address>0xe568</run_address>
         <size>0x134</size>
         <input_file_ref idref="fl-d4"/>
      </object_component>
      <object_component id="oc-215">
         <name>.debug_info</name>
         <load_address>0xe69c</load_address>
         <run_address>0xe69c</run_address>
         <size>0x4b3</size>
         <input_file_ref idref="fl-d5"/>
      </object_component>
      <object_component id="oc-15c">
         <name>.debug_info</name>
         <load_address>0xeb4f</load_address>
         <run_address>0xeb4f</run_address>
         <size>0x1a6</size>
         <input_file_ref idref="fl-d5"/>
      </object_component>
      <object_component id="oc-29b">
         <name>.debug_info</name>
         <load_address>0xecf5</load_address>
         <run_address>0xecf5</run_address>
         <size>0x39</size>
         <input_file_ref idref="fl-d5"/>
      </object_component>
      <object_component id="oc-308">
         <name>.debug_info</name>
         <load_address>0xed2e</load_address>
         <run_address>0xed2e</run_address>
         <size>0x39</size>
         <input_file_ref idref="fl-d5"/>
      </object_component>
      <object_component id="oc-2a0">
         <name>.debug_info</name>
         <load_address>0xed67</load_address>
         <run_address>0xed67</run_address>
         <size>0x39</size>
         <input_file_ref idref="fl-d5"/>
      </object_component>
      <object_component id="oc-2a5">
         <name>.debug_info</name>
         <load_address>0xeda0</load_address>
         <run_address>0xeda0</run_address>
         <size>0xcd</size>
         <input_file_ref idref="fl-d5"/>
      </object_component>
      <object_component id="oc-99">
         <name>.debug_info</name>
         <load_address>0xee6d</load_address>
         <run_address>0xee6d</run_address>
         <size>0x153</size>
         <input_file_ref idref="fl-d6"/>
      </object_component>
      <object_component id="oc-14d">
         <name>.debug_info</name>
         <load_address>0xefc0</load_address>
         <run_address>0xefc0</run_address>
         <size>0x122</size>
         <input_file_ref idref="fl-d8"/>
      </object_component>
      <object_component id="oc-3a0">
         <name>.debug_info</name>
         <load_address>0xf0e2</load_address>
         <run_address>0xf0e2</run_address>
         <size>0x29c</size>
         <input_file_ref idref="fl-da"/>
      </object_component>
      <object_component id="oc-338">
         <name>.debug_info</name>
         <load_address>0xf37e</load_address>
         <run_address>0xf37e</run_address>
         <size>0x1da</size>
         <input_file_ref idref="fl-da"/>
      </object_component>
      <object_component id="oc-31a">
         <name>.debug_info</name>
         <load_address>0xf558</load_address>
         <run_address>0xf558</run_address>
         <size>0x2b9</size>
         <input_file_ref idref="fl-dc"/>
      </object_component>
      <object_component id="oc-2b5">
         <name>.debug_info</name>
         <load_address>0xf811</load_address>
         <run_address>0xf811</run_address>
         <size>0x17c</size>
         <input_file_ref idref="fl-dc"/>
      </object_component>
      <object_component id="oc-392">
         <name>.debug_info</name>
         <load_address>0xf98d</load_address>
         <run_address>0xf98d</run_address>
         <size>0xf9</size>
         <input_file_ref idref="fl-dd"/>
      </object_component>
      <object_component id="oc-317">
         <name>.debug_info</name>
         <load_address>0xfa86</load_address>
         <run_address>0xfa86</run_address>
         <size>0x105</size>
         <input_file_ref idref="fl-dd"/>
      </object_component>
      <object_component id="oc-375">
         <name>.debug_info</name>
         <load_address>0xfb8b</load_address>
         <run_address>0xfb8b</run_address>
         <size>0x2a7</size>
         <input_file_ref idref="fl-de"/>
      </object_component>
      <object_component id="oc-2e0">
         <name>.debug_info</name>
         <load_address>0xfe32</load_address>
         <run_address>0xfe32</run_address>
         <size>0x1b8</size>
         <input_file_ref idref="fl-de"/>
      </object_component>
      <object_component id="oc-3b7">
         <name>.debug_info</name>
         <load_address>0xffea</load_address>
         <run_address>0xffea</run_address>
         <size>0x29a</size>
         <input_file_ref idref="fl-df"/>
      </object_component>
      <object_component id="oc-36e">
         <name>.debug_info</name>
         <load_address>0x10284</load_address>
         <run_address>0x10284</run_address>
         <size>0x262</size>
         <input_file_ref idref="fl-df"/>
      </object_component>
      <object_component id="oc-315">
         <name>.debug_info</name>
         <load_address>0x104e6</load_address>
         <run_address>0x104e6</run_address>
         <size>0x28f</size>
         <input_file_ref idref="fl-e0"/>
      </object_component>
      <object_component id="oc-2af">
         <name>.debug_info</name>
         <load_address>0x10775</load_address>
         <run_address>0x10775</run_address>
         <size>0x245</size>
         <input_file_ref idref="fl-e0"/>
      </object_component>
      <object_component id="oc-381">
         <name>.debug_info</name>
         <load_address>0x109ba</load_address>
         <run_address>0x109ba</run_address>
         <size>0x289</size>
         <input_file_ref idref="fl-e1"/>
      </object_component>
      <object_component id="oc-37e">
         <name>.debug_info</name>
         <load_address>0x10c43</load_address>
         <run_address>0x10c43</run_address>
         <size>0x10e</size>
         <input_file_ref idref="fl-e1"/>
      </object_component>
      <object_component id="oc-2ea">
         <name>.debug_info</name>
         <load_address>0x10d51</load_address>
         <run_address>0x10d51</run_address>
         <size>0x14e</size>
         <input_file_ref idref="fl-e1"/>
      </object_component>
      <object_component id="oc-37c">
         <name>.debug_info</name>
         <load_address>0x10e9f</load_address>
         <run_address>0x10e9f</run_address>
         <size>0x28f</size>
         <input_file_ref idref="fl-e2"/>
      </object_component>
      <object_component id="oc-2e7">
         <name>.debug_info</name>
         <load_address>0x1112e</load_address>
         <run_address>0x1112e</run_address>
         <size>0x15a</size>
         <input_file_ref idref="fl-e2"/>
      </object_component>
      <object_component id="oc-3ba">
         <name>.debug_info</name>
         <load_address>0x11288</load_address>
         <run_address>0x11288</run_address>
         <size>0x46</size>
         <input_file_ref idref="fl-e2"/>
      </object_component>
      <object_component id="oc-377">
         <name>.debug_info</name>
         <load_address>0x112ce</load_address>
         <run_address>0x112ce</run_address>
         <size>0x39</size>
         <input_file_ref idref="fl-e2"/>
      </object_component>
      <object_component id="oc-3a8">
         <name>.debug_info</name>
         <load_address>0x11307</load_address>
         <run_address>0x11307</run_address>
         <size>0x295</size>
         <input_file_ref idref="fl-e3"/>
      </object_component>
      <object_component id="oc-362">
         <name>.debug_info</name>
         <load_address>0x1159c</load_address>
         <run_address>0x1159c</run_address>
         <size>0x195</size>
         <input_file_ref idref="fl-e3"/>
      </object_component>
      <object_component id="oc-3d1">
         <name>.debug_info</name>
         <load_address>0x11731</load_address>
         <run_address>0x11731</run_address>
         <size>0x39</size>
         <input_file_ref idref="fl-e3"/>
      </object_component>
      <object_component id="oc-3a9">
         <name>.debug_info</name>
         <load_address>0x1176a</load_address>
         <run_address>0x1176a</run_address>
         <size>0x2c</size>
         <input_file_ref idref="fl-e3"/>
      </object_component>
      <object_component id="oc-3b5">
         <name>.debug_info</name>
         <load_address>0x11796</load_address>
         <run_address>0x11796</run_address>
         <size>0x2f8</size>
         <input_file_ref idref="fl-e4"/>
      </object_component>
      <object_component id="oc-36a">
         <name>.debug_info</name>
         <load_address>0x11a8e</load_address>
         <run_address>0x11a8e</run_address>
         <size>0x225</size>
         <input_file_ref idref="fl-e4"/>
      </object_component>
      <object_component id="oc-397">
         <name>.debug_info</name>
         <load_address>0x11cb3</load_address>
         <run_address>0x11cb3</run_address>
         <size>0x115</size>
         <input_file_ref idref="fl-e5"/>
      </object_component>
      <object_component id="oc-3af">
         <name>.debug_info</name>
         <load_address>0x11dc8</load_address>
         <run_address>0x11dc8</run_address>
         <size>0x161</size>
         <input_file_ref idref="fl-e6"/>
      </object_component>
      <object_component id="oc-239">
         <name>.debug_info</name>
         <load_address>0x11f29</load_address>
         <run_address>0x11f29</run_address>
         <size>0x346</size>
         <input_file_ref idref="fl-e7"/>
      </object_component>
      <object_component id="oc-198">
         <name>.debug_info</name>
         <load_address>0x1226f</load_address>
         <run_address>0x1226f</run_address>
         <size>0x26a</size>
         <input_file_ref idref="fl-e7"/>
      </object_component>
      <object_component id="oc-1aa">
         <name>.debug_info</name>
         <load_address>0x124d9</load_address>
         <run_address>0x124d9</run_address>
         <size>0x280</size>
         <input_file_ref idref="fl-e7"/>
      </object_component>
      <object_component id="oc-1a3">
         <name>.debug_info</name>
         <load_address>0x12759</load_address>
         <run_address>0x12759</run_address>
         <size>0x230</size>
         <input_file_ref idref="fl-e7"/>
      </object_component>
      <object_component id="oc-19d">
         <name>.debug_info</name>
         <load_address>0x12989</load_address>
         <run_address>0x12989</run_address>
         <size>0x22a</size>
         <input_file_ref idref="fl-e7"/>
      </object_component>
      <object_component id="oc-1af">
         <name>.debug_info</name>
         <load_address>0x12bb3</load_address>
         <run_address>0x12bb3</run_address>
         <size>0x22c</size>
         <input_file_ref idref="fl-e7"/>
      </object_component>
      <object_component id="oc-40b">
         <name>.debug_info</name>
         <load_address>0x12ddf</load_address>
         <run_address>0x12ddf</run_address>
         <size>0xaa</size>
      </object_component>
      <object_component id="oc-18b">
         <name>.debug_line</name>
         <load_address>0x0</load_address>
         <run_address>0x0</run_address>
         <size>0x195</size>
         <input_file_ref idref="fl-2"/>
      </object_component>
      <object_component id="oc-1ca">
         <name>.debug_line</name>
         <load_address>0x195</load_address>
         <run_address>0x195</run_address>
         <size>0x2d</size>
         <input_file_ref idref="fl-2"/>
      </object_component>
      <object_component id="oc-9f">
         <name>.debug_line</name>
         <load_address>0x1c2</load_address>
         <run_address>0x1c2</run_address>
         <size>0x188</size>
         <input_file_ref idref="fl-2"/>
      </object_component>
      <object_component id="oc-73">
         <name>.debug_line</name>
         <load_address>0x34a</load_address>
         <run_address>0x34a</run_address>
         <size>0x72</size>
         <input_file_ref idref="fl-2"/>
      </object_component>
      <object_component id="oc-b5">
         <name>.debug_line</name>
         <load_address>0x3bc</load_address>
         <run_address>0x3bc</run_address>
         <size>0x20</size>
         <input_file_ref idref="fl-2"/>
      </object_component>
      <object_component id="oc-b0">
         <name>.debug_line</name>
         <load_address>0x3dc</load_address>
         <run_address>0x3dc</run_address>
         <size>0x76</size>
         <input_file_ref idref="fl-2"/>
      </object_component>
      <object_component id="oc-78">
         <name>.debug_line</name>
         <load_address>0x452</load_address>
         <run_address>0x452</run_address>
         <size>0x73</size>
         <input_file_ref idref="fl-2"/>
      </object_component>
      <object_component id="oc-6f">
         <name>.debug_line</name>
         <load_address>0x4c5</load_address>
         <run_address>0x4c5</run_address>
         <size>0x41</size>
         <input_file_ref idref="fl-3"/>
      </object_component>
      <object_component id="oc-2e">
         <name>.debug_line</name>
         <load_address>0x506</load_address>
         <run_address>0x506</run_address>
         <size>0x41</size>
         <input_file_ref idref="fl-3"/>
      </object_component>
      <object_component id="oc-2c">
         <name>.debug_line</name>
         <load_address>0x547</load_address>
         <run_address>0x547</run_address>
         <size>0xa1</size>
         <input_file_ref idref="fl-3"/>
      </object_component>
      <object_component id="oc-39">
         <name>.debug_line</name>
         <load_address>0x5e8</load_address>
         <run_address>0x5e8</run_address>
         <size>0x20</size>
         <input_file_ref idref="fl-3"/>
      </object_component>
      <object_component id="oc-268">
         <name>.debug_line</name>
         <load_address>0x608</load_address>
         <run_address>0x608</run_address>
         <size>0x82</size>
         <input_file_ref idref="fl-a"/>
      </object_component>
      <object_component id="oc-289">
         <name>.debug_line</name>
         <load_address>0x68a</load_address>
         <run_address>0x68a</run_address>
         <size>0x7d</size>
         <input_file_ref idref="fl-a"/>
      </object_component>
      <object_component id="oc-e6">
         <name>.debug_line</name>
         <load_address>0x707</load_address>
         <run_address>0x707</run_address>
         <size>0x92</size>
         <input_file_ref idref="fl-a"/>
      </object_component>
      <object_component id="oc-1e5">
         <name>.debug_line</name>
         <load_address>0x799</load_address>
         <run_address>0x799</run_address>
         <size>0x95</size>
         <input_file_ref idref="fl-a"/>
      </object_component>
      <object_component id="oc-1df">
[...]
         <name>__TI_prof_data_size</name>
         <value>0xffffffff</value>
      </symbol>
      <symbol id="sm-88">
         <name>receivedData</name>
         <value>0x20000488</value>
      </symbol>
      <symbol id="sm-89">
         <name>saniyeBirler</name>
         <value>0x20000498</value>
      </symbol>
      <symbol id="sm-8a">
         <name>saniyeOnlar</name>
         <value>0x20000499</value>
      </symbol>
      <symbol id="sm-8b">
         <name>dakikaBirler</name>
         <value>0x20000494</value>
      </symbol>
      <symbol id="sm-8c">
         <name>dakikaOnlar</name>
         <value>0x20000495</value>
      </symbol>
      <symbol id="sm-8d">
         <name>saatBirler</name>
         <value>0x20000496</value>
      </symbol>
      <symbol id="sm-8e">
         <name>saatOnlar</name>
         <value>0x20000497</value>
      </symbol>
      <symbol id="sm-8f">
         <name>eski_zaman</name>
         <value>0x20000478</value>
         <object_component_ref idref="oc-e7"/>
      </symbol>
      <symbol id="sm-90">
         <name>UARTSetup</name>
         <value>0x1041</value>
         <object_component_ref idref="oc-9b"/>
      </symbol>
      <symbol id="sm-91">
         <name>UARTRead</name>
         <value>0xdf3</value>
         <object_component_ref idref="oc-9b"/>
      </symbol>
      <symbol id="sm-92">
         <name>TransferClock</name>
         <value>0xd6b</value>
         <object_component_ref idref="oc-9b"/>
      </symbol>
      <symbol id="sm-93">
         <name>main</name>
         <value>0xefb</value>
         <object_component_ref idref="oc-9b"/>
      </symbol>
      <symbol id="sm-94">
         <name>ledControl</name>
         <value>0x20000470</value>
         <object_component_ref idref="oc-e7"/>
      </symbol>
      <symbol id="sm-95">
         <name>zaman</name>
         <value>0x20000474</value>
         <object_component_ref idref="oc-e7"/>
      </symbol>
      <symbol id="sm-96">
         <name>kesmefonksiyon</name>
         <value>0xcbd</value>
         <object_component_ref idref="oc-9b"/>
      </symbol>
      <symbol id="sm-97">
         <name>Setup</name>
         <value>0xfc5</value>
         <object_component_ref idref="oc-9b"/>
      </symbol>
      <symbol id="sm-98">
         <name>TIMERSetup</name>
         <value>0x1005</value>
         <object_component_ref idref="oc-9b"/>
      </symbol>
      <symbol id="sm-b9">
         <name>ResetISR</name>
         <value>0x2eeb</value>
         <object_component_ref idref="oc-27"/>
      </symbol>
      <symbol id="sm-ba">
         <name>g_pfnVectors</name>
         <value>0x0</value>
         <object_component_ref idref="oc-12"/>
      </symbol>
      <symbol id="sm-118">
         <name>GPIOPinConfigure</name>
         <value>0x29a9</value>
         <object_component_ref idref="oc-132"/>
      </symbol>
      <symbol id="sm-119">
         <name>GPIOPinTypeUART</name>
         <value>0x2de1</value>
         <object_component_ref idref="oc-138"/>
      </symbol>
      <symbol id="sm-11a">
         <name>GPIOPinTypeGPIOOutput</name>
         <value>0x2d7d</value>
         <object_component_ref idref="oc-103"/>
      </symbol>
      <symbol id="sm-11b">
         <name>GPIODirModeSet</name>
         <value>0x2cdb</value>
         <object_component_ref idref="oc-1e1"/>
      </symbol>
      <symbol id="sm-11c">
         <name>GPIOPinWrite</name>
         <value>0x2f11</value>
         <object_component_ref idref="oc-e1"/>
      </symbol>
      <symbol id="sm-11d">
         <name>GPIOPadConfigSet</name>
         <value>0x1a25</value>
         <object_component_ref idref="oc-1db"/>
      </symbol>
      <symbol id="sm-157">
         <name>IntEnable</name>
         <value>0x2719</value>
         <object_component_ref idref="oc-fd"/>
      </symbol>
      <symbol id="sm-158">
         <name>IntRegister</name>
         <value>0x2be1</value>
         <object_component_ref idref="oc-1f5"/>
      </symbol>
      <symbol id="sm-159">
         <name>g_pfnRAMVectors</name>
         <value>0x20000000</value>
         <object_component_ref idref="oc-284"/>
      </symbol>
      <symbol id="sm-15a">
         <name>IntMasterEnable</name>
         <value>0x2e95</value>
         <object_component_ref idref="oc-f7"/>
      </symbol>
      <symbol id="sm-1ad">
         <name>SysCtlClockSet</name>
         <value>0x224d</value>
         <object_component_ref idref="oc-eb"/>
      </symbol>
      <symbol id="sm-1ae">
         <name>SysCtlDelay</name>
         <value>0x2f17</value>
         <object_component_ref idref="oc-1cb"/>
      </symbol>
      <symbol id="sm-1af">
         <name>SysCtlPeripheralEnable</name>
         <value>0x2c15</value>
         <object_component_ref idref="oc-f1"/>
      </symbol>
      <symbol id="sm-1b0">
         <name>SysCtlClockGet</name>
         <value>0x1f29</value>
         <object_component_ref idref="oc-112"/>
      </symbol>
      <symbol id="sm-20b">
         <name>TimerLoadSet</name>
         <value>0x2e71</value>
         <object_component_ref idref="oc-118"/>
      </symbol>
      <symbol id="sm-20c">
         <name>TimerIntRegister</name>
         <value>0x2db1</value>
         <object_component_ref idref="oc-124"/>
      </symbol>
      <symbol id="sm-20d">
         <name>TimerEnable</name>
         <value>0x2eb5</value>
         <object_component_ref idref="oc-12a"/>
      </symbol>
      <symbol id="sm-20e">
         <name>TimerIntEnable</name>
         <value>0x2f01</value>
         <object_component_ref idref="oc-11e"/>
      </symbol>
      <symbol id="sm-20f">
         <name>TimerConfigure</name>
         <value>0x284d</value>
         <object_component_ref idref="oc-10c"/>
      </symbol>
      <symbol id="sm-210">
         <name>TimerIntClear</name>
         <value>0x2f1d</value>
         <object_component_ref idref="oc-c9"/>
      </symbol>
      <symbol id="sm-242">
         <name>UARTConfigSetExpClk</name>
         <value>0x2ad5</value>
         <object_component_ref idref="oc-13e"/>
      </symbol>
      <symbol id="sm-243">
         <name>UARTDisable</name>
         <value>0x2d09</value>
         <object_component_ref idref="oc-202"/>
      </symbol>
      <symbol id="sm-244">
         <name>UARTCharsAvail</name>
         <value>0x2ec3</value>
         <object_component_ref idref="oc-cf"/>
      </symbol>
      <symbol id="sm-245">
         <name>UARTEnable</name>
         <value>0x2e49</value>
         <object_component_ref idref="oc-144"/>
      </symbol>
      <symbol id="sm-246">
         <name>UARTCharGet</name>
         <value>0x2ef7</value>
         <object_component_ref idref="oc-d5"/>
      </symbol>
      <symbol id="sm-250">
         <name>CPUcpsie</name>
         <value>0x2edf</value>
         <object_component_ref idref="oc-1cf"/>
      </symbol>
      <symbol id="sm-29b">
         <name>LCDStartUp</name>
         <value>0x1205</value>
         <object_component_ref idref="oc-db"/>
      </symbol>
      <symbol id="sm-29c">
         <name>displaycontrol</name>
         <value>0x2000047c</value>
         <object_component_ref idref="oc-1ba"/>
      </symbol>
      <symbol id="sm-29d">
         <name>LCDDisplay</name>
         <value>0x138b</value>
         <object_component_ref idref="oc-db"/>
      </symbol>
      <symbol id="sm-29e">
         <name>LCDnoCrusor</name>
         <value>0x13cd</value>
         <object_component_ref idref="oc-db"/>
      </symbol>
      <symbol id="sm-29f">
         <name>LCDSetup</name>
         <value>0x1259</value>
         <object_component_ref idref="oc-db"/>
      </symbol>
      <symbol id="sm-2a0">
         <name>LCDHome</name>
         <value>0x1381</value>
         <object_component_ref idref="oc-db"/>
      </symbol>
      <symbol id="sm-2a1">
         <name>LCDnoDisplay</name>
         <value>0x13a1</value>
         <object_component_ref idref="oc-db"/>
      </symbol>
      <symbol id="sm-2a2">
         <name>LCDCommandWrite</name>
         <value>0x11e1</value>
         <object_component_ref idref="oc-db"/>
      </symbol>
      <symbol id="sm-2a3">
         <name>delayUs</name>
         <value>0x1157</value>
         <object_component_ref idref="oc-db"/>
      </symbol>
      <symbol id="sm-2a4">
         <name>LCDBlink</name>
         <value>0x13e9</value>
         <object_component_ref idref="oc-db"/>
      </symbol>
      <symbol id="sm-2a5">
         <name>LCDCrusor</name>
         <value>0x13b7</value>
         <object_component_ref idref="oc-db"/>
      </symbol>
      <symbol id="sm-2a6">
         <name>LCDsetCrusor</name>
         <value>0x1315</value>
         <object_component_ref idref="oc-db"/>
      </symbol>
      <symbol id="sm-2a7">
         <name>LCDDWrite</name>
         <value>0x11f3</value>
         <object_component_ref idref="oc-db"/>
      </symbol>
      <symbol id="sm-2a8">
         <name>PulseEnable</name>
         <value>0x1169</value>
         <object_component_ref idref="oc-db"/>
      </symbol>
      <symbol id="sm-2a9">
         <name>delayMs</name>
         <value>0x1143</value>
         <object_component_ref idref="oc-db"/>
      </symbol>
      <symbol id="sm-2aa">
         <name>LCDClear</name>
         <value>0x1377</value>
         <object_component_ref idref="oc-db"/>
      </symbol>
      <symbol id="sm-2ab">
         <name>LCDnoBlink</name>
         <value>0x13ff</value>
         <object_component_ref idref="oc-db"/>
      </symbol>
      <symbol id="sm-2ac">
         <name>LCDPrint</name>
         <value>0x1297</value>
         <object_component_ref idref="oc-db"/>
      </symbol>
      <symbol id="sm-2ad">
         <name>DelayFunction</name>
         <value>0x10d9</value>
         <object_component_ref idref="oc-db"/>
      </symbol>
      <symbol id="sm-2ae">
         <name>waitus</name>
         <value>0x10d1</value>
         <object_component_ref idref="oc-db"/>
      </symbol>
      <symbol id="sm-2af">
         <name>Send</name>
         <value>0x119d</value>
         <object_component_ref idref="oc-db"/>
      </symbol>
      <symbol id="sm-2b0">
         <name>flag</name>
         <value>0x20000480</value>
         <object_component_ref idref="oc-1ba"/>
      </symbol>
      <symbol id="sm-2df">
         <name>vsnprintf</name>
         <value>0x2b61</value>
         <object_component_ref idref="oc-1b4"/>
      </symbol>
      <symbol id="sm-2fa">
         <name>memcpy</name>
         <value>0x23f3</value>
         <object_component_ref idref="oc-3b"/>
      </symbol>
      <symbol id="sm-2fb">
         <name>__aeabi_memcpy</name>
         <value>0x23f3</value>
         <object_component_ref idref="oc-3b"/>
      </symbol>
      <symbol id="sm-2fc">
         <name>__aeabi_memcpy8</name>
         <value>0x23f3</value>
         <object_component_ref idref="oc-3b"/>
      </symbol>
      <symbol id="sm-2fd">
         <name>__aeabi_memcpy4</name>
         <value>0x23f3</value>
         <object_component_ref idref="oc-3b"/>
      </symbol>
      <symbol id="sm-316">
         <name>__TI_zero_init_nomemset</name>
         <value>0x2d45</value>
         <object_component_ref idref="oc-47"/>
      </symbol>
      <symbol id="sm-32d">
         <name>__TI_decompress_none</name>
         <value>0x2ed1</value>
         <object_component_ref idref="oc-1b"/>
      </symbol>
      <symbol id="sm-350">
         <name>__TI_decompress_lzss</name>
         <value>0x2781</value>
         <object_component_ref idref="oc-15"/>
      </symbol>
      <symbol id="sm-363">
         <name>__stack</name>
         <value>0x20000270</value>
         <object_component_ref idref="oc-24"/>
      </symbol>
      <symbol id="sm-364">
         <name>_c_int00_noargs</name>
         <value>0x2c49</value>
         <object_component_ref idref="oc-59"/>
      </symbol>
      <symbol id="sm-4c9">
         <name>__TI_printfi</name>
         <value>0x26d</value>
         <object_component_ref idref="oc-23e"/>
      </symbol>
      <symbol id="sm-4e0">
         <name>__aeabi_dsub</name>
         <value>0x186d</value>
         <object_component_ref idref="oc-341"/>
      </symbol>
      <symbol id="sm-4e1">
         <name>__aeabi_dadd</name>
         <value>0x1877</value>
         <object_component_ref idref="oc-341"/>
      </symbol>
      <symbol id="sm-503">
         <name>__aeabi_cdcmpeq</name>
         <value>0x2525</value>
         <object_component_ref idref="oc-2c0"/>
      </symbol>
      <symbol id="sm-504">
         <name>__aeabi_cdcmple</name>
         <value>0x2525</value>
         <object_component_ref idref="oc-2c0"/>
      </symbol>
      <symbol id="sm-505">
         <name>__aeabi_cdrcmple</name>
         <value>0x25ab</value>
         <object_component_ref idref="oc-32c"/>
      </symbol>
      <symbol id="sm-519">
         <name>__aeabi_ddiv</name>
         <value>0x1ccd</value>
         <object_component_ref idref="oc-327"/>
      </symbol>
      <symbol id="sm-524">
         <name>__aeabi_dmul</name>
         <value>0x2151</value>
         <object_component_ref idref="oc-322"/>
      </symbol>
      <symbol id="sm-52e">
         <name>__aeabi_d2iz</name>
         <value>0x2a8d</value>
         <object_component_ref idref="oc-331"/>
      </symbol>
      <symbol id="sm-538">
         <name>__aeabi_i2d</name>
         <value>0x2cad</value>
         <object_component_ref idref="oc-33c"/>
      </symbol>
      <symbol id="sm-547">
         <name>__aeabi_memset</name>
         <value>0x2633</value>
         <object_component_ref idref="oc-8f"/>
      </symbol>
      <symbol id="sm-548">
         <name>memset</name>
         <value>0x2639</value>
         <object_component_ref idref="oc-8f"/>
      </symbol>
      <symbol id="sm-549">
         <name>__aeabi_memset8</name>
         <value>0x2633</value>
         <object_component_ref idref="oc-8f"/>
      </symbol>
      <symbol id="sm-54a">
         <name>__aeabi_memset4</name>
         <value>0x2633</value>
         <object_component_ref idref="oc-8f"/>
      </symbol>
      <symbol id="sm-54b">
         <name>__aeabi_memclr8</name>
         <value>0x2631</value>
         <object_component_ref idref="oc-8f"/>
      </symbol>
      <symbol id="sm-54c">
         <name>__aeabi_memclr4</name>
         <value>0x2631</value>
         <object_component_ref idref="oc-8f"/>
      </symbol>
      <symbol id="sm-54d">
         <name>__aeabi_memclr</name>
         <value>0x2631</value>
         <object_component_ref idref="oc-8f"/>
      </symbol>
      <symbol id="sm-55a">
         <name>__aeabi_uldivmod</name>
         <value>0x248f</value>
         <object_component_ref idref="oc-31b"/>
      </symbol>
      <symbol id="sm-582">
         <name>__TI_auto_init_nobinit_nopinit</name>
         <value>0x2b1d</value>
         <object_component_ref idref="oc-158"/>
      </symbol>
      <symbol id="sm-58c">
         <name>_system_pre_init</name>
         <value>0x2f21</value>
         <object_component_ref idref="oc-95"/>
      </symbol>
      <symbol id="sm-598">
         <name>C$$EXIT</name>
         <value>0x2f25</value>
         <object_component_ref idref="oc-14c"/>
      </symbol>
      <symbol id="sm-599">
         <name>abort</name>
         <value>0x2f25</value>
         <object_component_ref idref="oc-14c"/>
      </symbol>
      <symbol id="sm-5a9">
         <name>__TI_ltoa</name>
         <value>0x2903</value>
         <object_component_ref idref="oc-336"/>
      </symbol>
      <symbol id="sm-5c0">
         <name>atoi</name>
         <value>0x2a41</value>
         <object_component_ref idref="oc-2b4"/>
      </symbol>
      <symbol id="sm-5cb">
         <name>_ctypes_</name>
         <value>0x2f28</value>
         <object_component_ref idref="oc-316"/>
      </symbol>
      <symbol id="sm-5db">
         <name>memccpy</name>
         <value>0x2d61</value>
         <object_component_ref idref="oc-2dd"/>
      </symbol>
      <symbol id="sm-5eb">
         <name>strchr</name>
         <value>0x2df7</value>
         <object_component_ref idref="oc-36d"/>
      </symbol>
      <symbol id="sm-5f9">
         <name>strlen</name>
         <value>0x2e5d</value>
         <object_component_ref idref="oc-2ae"/>
      </symbol>
      <symbol id="sm-60f">
         <name>__aeabi_errno_addr</name>
         <value>0x2f09</value>
         <object_component_ref idref="oc-2e9"/>
      </symbol>
      <symbol id="sm-610">
         <name>errno</name>
         <value>0x20000484</value>
         <object_component_ref idref="oc-37d"/>
      </symbol>
      <symbol id="sm-629">
         <name>wcslen</name>
         <value>0x2e83</value>
         <object_component_ref idref="oc-2e3"/>
      </symbol>
      <symbol id="sm-649">
         <name>frexpl</name>
         <value>0x27e9</value>
         <object_component_ref idref="oc-361"/>
      </symbol>
      <symbol id="sm-64a">
         <name>frexp</name>
         <value>0x27e9</value>
         <object_component_ref idref="oc-361"/>
      </symbol>
      <symbol id="sm-667">
         <name>scalbn</name>
         <value>0x2041</value>
         <object_component_ref idref="oc-367"/>
      </symbol>
      <symbol id="sm-668">
         <name>scalbnl</name>
         <value>0x2041</value>
         <object_component_ref idref="oc-367"/>
      </symbol>
      <symbol id="sm-669">
         <name>ldexpl</name>
         <value>0x2041</value>
         <object_component_ref idref="oc-367"/>
      </symbol>
      <symbol id="sm-66a">
         <name>ldexp</name>
         <value>0x2041</value>
         <object_component_ref idref="oc-367"/>
      </symbol>
      <symbol id="sm-674">
         <name>__aeabi_idiv0</name>
         <value>0xcbb</value>
         <object_component_ref idref="oc-395"/>
      </symbol>
      <symbol id="sm-675">
         <name>__aeabi_ldiv0</name>
         <value>0xcbb</value>
         <object_component_ref idref="oc-395"/>
      </symbol>
      <symbol id="sm-67f">
         <name>copysign</name>
         <value>0x2d97</value>
         <object_component_ref idref="oc-3ae"/>
      </symbol>
      <symbol id="sm-680">
         <name>copysignl</name>
         <value>0x2d97</value>
         <object_component_ref idref="oc-3ae"/>
      </symbol>
      <symbol id="sm-6b7">
         <name>SysTickEnable</name>
         <value>0x2e21</value>
         <object_component_ref idref="oc-19c"/>
      </symbol>
      <symbol id="sm-6b8">
         <name>SysTickIntRegister</name>
         <value>0x2d29</value>
         <object_component_ref idref="oc-1a8"/>
      </symbol>
      <symbol id="sm-6b9">
         <name>SysTickIntEnable</name>
         <value>0x2e35</value>
         <object_component_ref idref="oc-1a2"/>
      </symbol>
      <symbol id="sm-6ba">
         <name>SysTickPeriodSet</name>
         <value>0x2ea5</value>
         <object_component_ref idref="oc-196"/>
      </symbol>
      <symbol id="sm-6bb">
         <name>SysTickDisable</name>
         <value>0x2e0d</value>
         <object_component_ref idref="oc-1ae"/>
      </symbol>
      <symbol id="sm-6bc">
         <name>__TI_static_base__</name>
         <value>0x0</value>
      </symbol>
      <symbol id="sm-6bf">
         <name>__mpu_init</name>
         <value>0x0</value>
      </symbol>
      <symbol id="sm-6c0">
         <name>_system_post_cinit</name>
         <value>0x0</value>
      </symbol>
   </symbol_table>
   <title>Link successful</title>
</link_info>
