<?xml version="1.0" encoding="ISO-8859-1" ?>
<link_info>
   <banner>TI ARM Linker PC v20.2.7.LTS</banner>
   <copyright>Copyright (c) 1996-2018 Texas Instruments Incorporated</copyright>
   <link_time>0x65772631</link_time>
   <link_errors>0x0</link_errors>
   <output_file>004_SharpDevolp2.out</output_file>
   <entry_point>
      <name>_c_int00_noargs</name>
      <address>0x2ffd</address>
   </entry_point>
   <input_file_list>
      <input_file id="fl-2">
         <path>.\</path>
         <kind>object</kind>
         <file>004_SharpDevolp2.obj</file>
         <name>004_SharpDevolp2.obj</name>
      </input_file>
      <input_file id="fl-3">
         <path>.\</path>
         <kind>object</kind>
         <file>tm4c123gh6pm_startup_ccs.obj</file>
         <name>tm4c123gh6pm_startup_ccs.obj</name>
      </input_file>
      <input_file id="fl-9">
         <kind>object</kind>
         <file>&lt;internal&gt;</file>
         <name>&lt;internal&gt;</name>
      </input_file>
      <input_file id="fl-a">
         <path>C:\ti\TivaWare_C_Series-2.2.0.295\driverlib\ccs\Debug\</path>
         <kind>archive</kind>
         <file>driverlib.lib</file>
         <name>adc.obj</name>
      </input_file>
      <input_file id="fl-b">
         <path>C:\ti\TivaWare_C_Series-2.2.0.295\driverlib\ccs\Debug\</path>
         <kind>archive</kind>
         <file>driverlib.lib</file>
         <name>gpio.obj</name>
      </input_file>
      <input_file id="fl-c">
         <path>C:\ti\TivaWare_C_Series-2.2.0.295\driverlib\ccs\Debug\</path>
         <kind>archive</kind>
         <file>driverlib.lib</file>
         <name>interrupt.obj</name>
      </input_file>
      <input_file id="fl-d">
         <path>C:\ti\TivaWare_C_Series-2.2.0.295\driverlib\ccs\Debug\</path>
         <kind>archive</kind>
         <file>driverlib.lib</file>
         <name>sysctl.obj</name>
      </input_file>
      <input_file id="fl-e">
         <path>C:\ti\TivaWare_C_Series-2.2.0.295\driverlib\ccs\Debug\</path>
         <kind>archive</kind>
         <file>driverlib.lib</file>
         <name>timer.obj</name>
      </input_file>
      <input_file id="fl-f">
         <path>C:\ti\TivaWare_C_Series-2.2.0.295\driverlib\ccs\Debug\</path>
         <kind>archive</kind>
         <file>driverlib.lib</file>
         <name>uart.obj</name>
      </input_file>
      <input_file id="fl-10">
         <path>C:\ti\TivaWare_C_Series-2.2.0.295\driverlib\ccs\Debug\</path>
         <kind>archive</kind>
         <file>driverlib.lib</file>
         <name>cpu.obj</name>
      </input_file>
      <input_file id="fl-11">
         <path>C:\Users\sm\Desktop\alan\000_LiquidCrystal1602\Debug\</path>
         <kind>archive</kind>
         <file>000_LiquidCrystal1602.lib</file>
         <name>LiquidCrystal1602.obj</name>
      </input_file>
      <input_file id="fl-c7">
         <path>C:\ti\ccs1210\ccs\tools\compiler\ti-cgt-arm_20.2.7.LTS\lib\</path>
         <kind>archive</kind>
         <file>rtsv7M4_T_le_v4SPD16_eabi.lib</file>
         <name>vsnprintf.c.obj</name>
      </input_file>
      <input_file id="fl-c8">
         <path>C:\ti\ccs1210\ccs\tools\compiler\ti-cgt-arm_20.2.7.LTS\lib\</path>
         <kind>archive</kind>
         <file>rtsv7M4_T_le_v4SPD16_eabi.lib</file>
         <name>fd_add_t2.asm.obj</name>
      </input_file>
      <input_file id="fl-c9">
         <path>C:\ti\ccs1210\ccs\tools\compiler\ti-cgt-arm_20.2.7.LTS\lib\</path>
         <kind>archive</kind>
         <file>rtsv7M4_T_le_v4SPD16_eabi.lib</file>
         <name>fd_div_t2.asm.obj</name>
      </input_file>
      <input_file id="fl-ca">
         <path>C:\ti\ccs1210\ccs\tools\compiler\ti-cgt-arm_20.2.7.LTS\lib\</path>
         <kind>archive</kind>
         <file>rtsv7M4_T_le_v4SPD16_eabi.lib</file>
         <name>fd_mul_t2.asm.obj</name>
      </input_file>
      <input_file id="fl-cb">
         <path>C:\ti\ccs1210\ccs\tools\compiler\ti-cgt-arm_20.2.7.LTS\lib\</path>
         <kind>archive</kind>
         <file>rtsv7M4_T_le_v4SPD16_eabi.lib</file>
         <name>fd_toi_t2.asm.obj</name>
      </input_file>
      <input_file id="fl-cc">
         <path>C:\ti\ccs1210\ccs\tools\compiler\ti-cgt-arm_20.2.7.LTS\lib\</path>
         <kind>archive</kind>
         <file>rtsv7M4_T_le_v4SPD16_eabi.lib</file>
         <name>memcpy_t2.asm.obj</name>
      </input_file>
      <input_file id="fl-cd">
         <path>C:\ti\ccs1210\ccs\tools\compiler\ti-cgt-arm_20.2.7.LTS\lib\</path>
         <kind>archive</kind>
         <file>rtsv7M4_T_le_v4SPD16_eabi.lib</file>
         <name>u_tofd_t2.asm.obj</name>
      </input_file>
      <input_file id="fl-ce">
         <path>C:\ti\ccs1210\ccs\tools\compiler\ti-cgt-arm_20.2.7.LTS\lib\</path>
         <kind>archive</kind>
         <file>rtsv7M4_T_le_v4SPD16_eabi.lib</file>
         <name>copy_zero_init.c.obj</name>
      </input_file>
      <input_file id="fl-cf">
         <path>C:\ti\ccs1210\ccs\tools\compiler\ti-cgt-arm_20.2.7.LTS\lib\</path>
         <kind>archive</kind>
         <file>rtsv7M4_T_le_v4SPD16_eabi.lib</file>
         <name>copy_decompress_none.c.obj</name>
      </input_file>
      <input_file id="fl-d0">
         <path>C:\ti\ccs1210\ccs\tools\compiler\ti-cgt-arm_20.2.7.LTS\lib\</path>
         <kind>archive</kind>
         <file>rtsv7M4_T_le_v4SPD16_eabi.lib</file>
         <name>copy_decompress_lzss.c.obj</name>
      </input_file>
      <input_file id="fl-d1">
         <path>C:\ti\ccs1210\ccs\tools\compiler\ti-cgt-arm_20.2.7.LTS\lib\</path>
         <kind>archive</kind>
         <file>rtsv7M4_T_le_v4SPD16_eabi.lib</file>
         <name>boot_cortex_m.c.obj</name>
      </input_file>
      <input_file id="fl-d2">
         <path>C:\ti\ccs1210\ccs\tools\compiler\ti-cgt-arm_20.2.7.LTS\lib\</path>
         <kind>archive</kind>
         <file>rtsv7M4_T_le_v4SPD16_eabi.lib</file>
         <name>_printfi.c.obj</name>
      </input_file>
      <input_file id="fl-d3">
         <path>C:\ti\ccs1210\ccs\tools\compiler\ti-cgt-arm_20.2.7.LTS\lib\</path>
         <kind>archive</kind>
         <file>rtsv7M4_T_le_v4SPD16_eabi.lib</file>
         <name>fd_cmp_t2.asm.obj</name>
      </input_file>
      <input_file id="fl-d4">
         <path>C:\ti\ccs1210\ccs\tools\compiler\ti-cgt-arm_20.2.7.LTS\lib\</path>
         <kind>archive</kind>
         <file>rtsv7M4_T_le_v4SPD16_eabi.lib</file>
         <name>i_tofd_t2.asm.obj</name>
      </input_file>
      <input_file id="fl-d5">
         <path>C:\ti\ccs1210\ccs\tools\compiler\ti-cgt-arm_20.2.7.LTS\lib\</path>
         <kind>archive</kind>
         <file>rtsv7M4_T_le_v4SPD16_eabi.lib</file>
         <name>memset_t2.asm.obj</name>
      </input_file>
      <input_file id="fl-d6">
         <path>C:\ti\ccs1210\ccs\tools\compiler\ti-cgt-arm_20.2.7.LTS\lib\</path>
         <kind>archive</kind>
         <file>rtsv7M4_T_le_v4SPD16_eabi.lib</file>
         <name>ull_div_t2.asm.obj</name>
      </input_file>
      <input_file id="fl-d7">
         <path>C:\ti\ccs1210\ccs\tools\compiler\ti-cgt-arm_20.2.7.LTS\lib\</path>
         <kind>archive</kind>
         <file>rtsv7M4_T_le_v4SPD16_eabi.lib</file>
         <name>autoinit.c.obj</name>
      </input_file>
      <input_file id="fl-d8">
         <path>C:\ti\ccs1210\ccs\tools\compiler\ti-cgt-arm_20.2.7.LTS\lib\</path>
         <kind>archive</kind>
         <file>rtsv7M4_T_le_v4SPD16_eabi.lib</file>
         <name>pre_init.c.obj</name>
      </input_file>
      <input_file id="fl-d9">
         <path>C:\ti\ccs1210\ccs\tools\compiler\ti-cgt-arm_20.2.7.LTS\lib\</path>
         <kind>archive</kind>
         <file>rtsv7M4_T_le_v4SPD16_eabi.lib</file>
         <name>cpy_tbl.c.obj</name>
      </input_file>
      <input_file id="fl-da">
         <path>C:\ti\ccs1210\ccs\tools\compiler\ti-cgt-arm_20.2.7.LTS\lib\</path>
         <kind>archive</kind>
         <file>rtsv7M4_T_le_v4SPD16_eabi.lib</file>
         <name>exit.c.obj</name>
      </input_file>
      <input_file id="fl-db">
         <path>C:\ti\ccs1210\ccs\tools\compiler\ti-cgt-arm_20.2.7.LTS\lib\</path>
         <kind>archive</kind>
         <file>rtsv7M4_T_le_v4SPD16_eabi.lib</file>
         <name>_lock.c.obj</name>
      </input_file>
      <input_file id="fl-dc">
         <path>C:\ti\ccs1210\ccs\tools\compiler\ti-cgt-arm_20.2.7.LTS\lib\</path>
         <kind>archive</kind>
         <file>rtsv7M4_T_le_v4SPD16_eabi.lib</file>
         <name>_ltoa.c.obj</name>
      </input_file>
      <input_file id="fl-dd">
         <path>C:\ti\ccs1210\ccs\tools\compiler\ti-cgt-arm_20.2.7.LTS\lib\</path>
         <kind>archive</kind>
         <file>rtsv7M4_T_le_v4SPD16_eabi.lib</file>
         <name>args_main.c.obj</name>
      </input_file>
      <input_file id="fl-de">
         <path>C:\ti\ccs1210\ccs\tools\compiler\ti-cgt-arm_20.2.7.LTS\lib\</path>
         <kind>archive</kind>
         <file>rtsv7M4_T_le_v4SPD16_eabi.lib</file>
         <name>atoi.c.obj</name>
      </input_file>
      <input_file id="fl-df">
         <path>C:\ti\ccs1210\ccs\tools\compiler\ti-cgt-arm_20.2.7.LTS\lib\</path>
         <kind>archive</kind>
         <file>rtsv7M4_T_le_v4SPD16_eabi.lib</file>
         <name>ctype.c.obj</name>
      </input_file>
      <input_file id="fl-e0">
         <path>C:\ti\ccs1210\ccs\tools\compiler\ti-cgt-arm_20.2.7.LTS\lib\</path>
         <kind>archive</kind>
         <file>rtsv7M4_T_le_v4SPD16_eabi.lib</file>
         <name>memccpy.c.obj</name>
      </input_file>
      <input_file id="fl-e1">
         <path>C:\ti\ccs1210\ccs\tools\compiler\ti-cgt-arm_20.2.7.LTS\lib\</path>
         <kind>archive</kind>
         <file>rtsv7M4_T_le_v4SPD16_eabi.lib</file>
         <name>strchr.c.obj</name>
      </input_file>
      <input_file id="fl-e2">
         <path>C:\ti\ccs1210\ccs\tools\compiler\ti-cgt-arm_20.2.7.LTS\lib\</path>
         <kind>archive</kind>
         <file>rtsv7M4_T_le_v4SPD16_eabi.lib</file>
         <name>strlen.c.obj</name>
      </input_file>
      <input_file id="fl-e3">
         <path>C:\ti\ccs1210\ccs\tools\compiler\ti-cgt-arm_20.2.7.LTS\lib\</path>
         <kind>archive</kind>
         <file>rtsv7M4_T_le_v4SPD16_eabi.lib</file>
         <name>errno.c.obj</name>
      </input_file>
      <input_file id="fl-e4">
         <path>C:\ti\ccs1210\ccs\tools\compiler\ti-cgt-arm_20.2.7.LTS\lib\</path>
         <kind>archive</kind>
         <file>rtsv7M4_T_le_v4SPD16_eabi.lib</file>
         <name>wcslen.c.obj</name>
      </input_file>
      <input_file id="fl-e5">
         <path>C:\ti\ccs1210\ccs\tools\compiler\ti-cgt-arm_20.2.7.LTS\lib\</path>
         <kind>archive</kind>
         <file>rtsv7M4_T_le_v4SPD16_eabi.lib</file>
         <name>s_frexp.c.obj</name>
      </input_file>
      <input_file id="fl-e6">
         <path>C:\ti\ccs1210\ccs\tools\compiler\ti-cgt-arm_20.2.7.LTS\lib\</path>
         <kind>archive</kind>
         <file>rtsv7M4_T_le_v4SPD16_eabi.lib</file>
         <name>s_scalbn.c.obj</name>
      </input_file>
      <input_file id="fl-e7">
         <path>C:\ti\ccs1210\ccs\tools\compiler\ti-cgt-arm_20.2.7.LTS\lib\</path>
         <kind>archive</kind>
         <file>rtsv7M4_T_le_v4SPD16_eabi.lib</file>
         <name>div0.asm.obj</name>
      </input_file>
      <input_file id="fl-e8">
         <path>C:\ti\ccs1210\ccs\tools\compiler\ti-cgt-arm_20.2.7.LTS\lib\</path>
         <kind>archive</kind>
         <file>rtsv7M4_T_le_v4SPD16_eabi.lib</file>
         <name>s_copysign.c.obj</name>
      </input_file>
      <input_file id="fl-e9">
         <path>C:\ti\TivaWare_C_Series-2.2.0.295\driverlib\ccs\Debug\</path>
         <kind>archive</kind>
         <file>driverlib.lib</file>
         <name>systick.obj</name>
      </input_file>
   </input_file_list>
   <object_component_list>
      <object_component id="oc-12">
         <name>.intvecs</name>
         <load_address>0x0</load_address>
         <run_address>0x0</run_address>
         <size>0x26c</size>
         <input_file_ref idref="fl-3"/>
      </object_component>
      <object_component id="oc-291">
         <name>.text:__TI_printfi</name>
         <load_address>0x26c</load_address>
         <run_address>0x26c</run_address>
         <size>0xa4e</size>
         <input_file_ref idref="fl-d2"/>
      </object_component>
      <object_component id="oc-3d6">
         <name>.text</name>
         <load_address>0xcba</load_address>
         <run_address>0xcba</run_address>
         <size>0x2</size>
         <input_file_ref idref="fl-e7"/>
      </object_component>
      <object_component id="oc-9b">
         <name>.text</name>
         <load_address>0xcbc</load_address>
         <run_address>0xcbc</run_address>
         <size>0x6fc</size>
         <input_file_ref idref="fl-2"/>
      </object_component>
      <object_component id="oc-e5">
         <name>.text</name>
         <load_address>0x13b8</load_address>
         <run_address>0x13b8</run_address>
         <size>0x35c</size>
         <input_file_ref idref="fl-11"/>
      </object_component>
      <object_component id="oc-32c">
         <name>.text:_pconv_a</name>
         <load_address>0x1714</load_address>
         <run_address>0x1714</run_address>
         <size>0x270</size>
         <input_file_ref idref="fl-d2"/>
      </object_component>
      <object_component id="oc-31a">
         <name>.text:_pconv_g</name>
         <load_address>0x1984</load_address>
         <run_address>0x1984</run_address>
         <size>0x1d0</size>
         <input_file_ref idref="fl-d2"/>
      </object_component>
      <object_component id="oc-106">
         <name>.text</name>
         <load_address>0x1b54</load_address>
         <run_address>0x1b54</run_address>
         <size>0x1b6</size>
         <input_file_ref idref="fl-c8"/>
      </object_component>
      <object_component id="oc-227">
         <name>.text:GPIOPadConfigSet</name>
         <load_address>0x1d0c</load_address>
         <run_address>0x1d0c</run_address>
         <size>0x16c</size>
         <input_file_ref idref="fl-b"/>
      </object_component>
      <object_component id="oc-326">
         <name>.text:_pconv_e</name>
         <load_address>0x1e78</load_address>
         <run_address>0x1e78</run_address>
         <size>0x13c</size>
         <input_file_ref idref="fl-d2"/>
      </object_component>
      <object_component id="oc-101">
         <name>.text</name>
         <load_address>0x1fb4</load_address>
         <run_address>0x1fb4</run_address>
         <size>0x136</size>
         <input_file_ref idref="fl-c9"/>
      </object_component>
      <object_component id="oc-394">
         <name>.text:fcvt</name>
         <load_address>0x20ec</load_address>
         <run_address>0x20ec</run_address>
         <size>0x124</size>
         <input_file_ref idref="fl-d2"/>
      </object_component>
      <object_component id="oc-134">
         <name>.text:SysCtlClockGet</name>
         <load_address>0x2210</load_address>
         <run_address>0x2210</run_address>
         <size>0x118</size>
         <input_file_ref idref="fl-d"/>
      </object_component>
      <object_component id="oc-3a8">
         <name>.text:scalbn</name>
         <load_address>0x2328</load_address>
         <run_address>0x2328</run_address>
         <size>0x110</size>
         <input_file_ref idref="fl-e6"/>
      </object_component>
      <object_component id="oc-fc">
         <name>.text</name>
         <load_address>0x2438</load_address>
         <run_address>0x2438</run_address>
         <size>0xfc</size>
         <input_file_ref idref="fl-ca"/>
      </object_component>
      <object_component id="oc-110">
         <name>.text:SysCtlClockSet</name>
         <load_address>0x2534</load_address>
         <run_address>0x2534</run_address>
         <size>0xf4</size>
         <input_file_ref idref="fl-d"/>
      </object_component>
      <object_component id="oc-30f">
         <name>.text:_ltostr</name>
         <load_address>0x2628</load_address>
         <run_address>0x2628</run_address>
         <size>0xb1</size>
         <input_file_ref idref="fl-d2"/>
      </object_component>
      <object_component id="oc-3b">
         <name>.text</name>
         <load_address>0x26da</load_address>
         <run_address>0x26da</run_address>
         <size>0x9c</size>
         <input_file_ref idref="fl-cc"/>
      </object_component>
      <object_component id="oc-370">
         <name>.text</name>
         <load_address>0x2776</load_address>
         <run_address>0x2776</run_address>
         <size>0x96</size>
         <input_file_ref idref="fl-d6"/>
      </object_component>
      <object_component id="oc-315">
         <name>.text:__aeabi_cdcmple</name>
         <load_address>0x280c</load_address>
         <run_address>0x280c</run_address>
         <size>0x86</size>
         <input_file_ref idref="fl-d3"/>
      </object_component>
      <object_component id="oc-377">
         <name>.text:__aeabi_cdrcmple</name>
         <load_address>0x2892</load_address>
         <run_address>0x2892</run_address>
         <size>0x86</size>
         <input_file_ref idref="fl-d3"/>
      </object_component>
      <object_component id="oc-170">
         <name>.text:ADCSequenceStepConfigure</name>
         <load_address>0x2918</load_address>
         <run_address>0x2918</run_address>
         <size>0x7a</size>
         <input_file_ref idref="fl-a"/>
      </object_component>
      <object_component id="oc-8f">
         <name>.text</name>
         <load_address>0x2992</load_address>
         <run_address>0x2992</run_address>
         <size>0x7a</size>
         <input_file_ref idref="fl-d5"/>
      </object_component>
      <object_component id="oc-38d">
         <name>.text:_mcpy</name>
         <load_address>0x2a0c</load_address>
         <run_address>0x2a0c</run_address>
         <size>0x6e</size>
         <input_file_ref idref="fl-d2"/>
      </object_component>
      <object_component id="oc-122">
         <name>.text:IntEnable</name>
         <load_address>0x2a7c</load_address>
         <run_address>0x2a7c</run_address>
         <size>0x68</size>
         <input_file_ref idref="fl-c"/>
      </object_component>
      <object_component id="oc-15">
         <name>.text:decompress:lzss:__TI_decompress_lzss</name>
         <load_address>0x2ae4</load_address>
         <run_address>0x2ae4</run_address>
         <size>0x68</size>
         <input_file_ref idref="fl-d0"/>
      </object_component>
      <object_component id="oc-3a2">
         <name>.text:frexp</name>
         <load_address>0x2b4c</load_address>
         <run_address>0x2b4c</run_address>
         <size>0x64</size>
         <input_file_ref idref="fl-e5"/>
      </object_component>
      <object_component id="oc-12e">
         <name>.text:TimerConfigure</name>
         <load_address>0x2bb0</load_address>
         <run_address>0x2bb0</run_address>
         <size>0x60</size>
         <input_file_ref idref="fl-e"/>
      </object_component>
      <object_component id="oc-320">
         <name>.text:_pconv_f</name>
         <load_address>0x2c10</load_address>
         <run_address>0x2c10</run_address>
         <size>0x56</size>
         <input_file_ref idref="fl-d2"/>
      </object_component>
      <object_component id="oc-37c">
         <name>.text:__TI_ltoa</name>
         <load_address>0x2c66</load_address>
         <run_address>0x2c66</run_address>
         <size>0x54</size>
         <input_file_ref idref="fl-dc"/>
      </object_component>
      <object_component id="oc-387">
         <name>.text:_ecpy</name>
         <load_address>0x2cba</load_address>
         <run_address>0x2cba</run_address>
         <size>0x52</size>
         <input_file_ref idref="fl-d2"/>
      </object_component>
      <object_component id="oc-16a">
         <name>.text:ADCSequenceConfigure</name>
         <load_address>0x2d0c</load_address>
         <run_address>0x2d0c</run_address>
         <size>0x4e</size>
         <input_file_ref idref="fl-a"/>
      </object_component>
      <object_component id="oc-152">
         <name>.text:GPIOPinConfigure</name>
         <load_address>0x2d5c</load_address>
         <run_address>0x2d5c</run_address>
         <size>0x4c</size>
         <input_file_ref idref="fl-b"/>
      </object_component>
      <object_component id="oc-23b">
         <name>.text:_TimerIntNumberGet</name>
         <load_address>0x2da8</load_address>
         <run_address>0x2da8</run_address>
         <size>0x4c</size>
         <input_file_ref idref="fl-e"/>
      </object_component>
      <object_component id="oc-309">
         <name>.text:atoi</name>
         <load_address>0x2df4</load_address>
         <run_address>0x2df4</run_address>
         <size>0x4c</size>
         <input_file_ref idref="fl-de"/>
      </object_component>
      <object_component id="oc-10b">
         <name>.text</name>
         <load_address>0x2e40</load_address>
         <run_address>0x2e40</run_address>
         <size>0x48</size>
         <input_file_ref idref="fl-cb"/>
      </object_component>
      <object_component id="oc-15e">
         <name>.text:UARTConfigSetExpClk</name>
         <load_address>0x2e88</load_address>
         <run_address>0x2e88</run_address>
         <size>0x46</size>
         <input_file_ref idref="fl-f"/>
      </object_component>
      <object_component id="oc-19e">
         <name>.text:__TI_auto_init_nobinit_nopinit:__TI_auto_init_nobinit_nopinit</name>
         <load_address>0x2ed0</load_address>
         <run_address>0x2ed0</run_address>
         <size>0x44</size>
         <input_file_ref idref="fl-d7"/>
      </object_component>
      <object_component id="oc-1fc">
         <name>.text:vsnprintf</name>
         <load_address>0x2f14</load_address>
         <run_address>0x2f14</run_address>
         <size>0x40</size>
         <input_file_ref idref="fl-c7"/>
      </object_component>
      <object_component id="oc-39a">
         <name>.text:_fcpy</name>
         <load_address>0x2f54</load_address>
         <run_address>0x2f54</run_address>
         <size>0x3e</size>
         <input_file_ref idref="fl-d2"/>
      </object_component>
      <object_component id="oc-241">
         <name>.text:IntRegister</name>
         <load_address>0x2f94</load_address>
         <run_address>0x2f94</run_address>
         <size>0x34</size>
         <input_file_ref idref="fl-c"/>
      </object_component>
      <object_component id="oc-116">
         <name>.text:SysCtlPeripheralEnable</name>
         <load_address>0x2fc8</load_address>
         <run_address>0x2fc8</run_address>
         <size>0x34</size>
         <input_file_ref idref="fl-d"/>
      </object_component>
      <object_component id="oc-59">
         <name>.text:_c_int00_noargs:_c_int00_noargs</name>
         <load_address>0x2ffc</load_address>
         <run_address>0x2ffc</run_address>
         <size>0x34</size>
         <input_file_ref idref="fl-d1"/>
      </object_component>
      <object_component id="oc-297">
         <name>.text:_outs</name>
         <load_address>0x3030</load_address>
         <run_address>0x3030</run_address>
         <size>0x30</size>
         <input_file_ref idref="fl-c7"/>
      </object_component>
      <object_component id="oc-182">
         <name>.text:ADCIntStatus</name>
         <load_address>0x3060</load_address>
         <run_address>0x3060</run_address>
         <size>0x2e</size>
         <input_file_ref idref="fl-a"/>
      </object_component>
      <object_component id="oc-382">
         <name>.text</name>
         <load_address>0x308e</load_address>
         <run_address>0x308e</run_address>
         <size>0x2e</size>
         <input_file_ref idref="fl-d4"/>
      </object_component>
      <object_component id="oc-22d">
         <name>.text:GPIODirModeSet</name>
         <load_address>0x30bc</load_address>
         <run_address>0x30bc</run_address>
         <size>0x2c</size>
         <input_file_ref idref="fl-b"/>
      </object_component>
      <object_component id="oc-24e">
         <name>.text:UARTDisable</name>
         <load_address>0x30e8</load_address>
         <run_address>0x30e8</run_address>
         <size>0x20</size>
         <input_file_ref idref="fl-f"/>
      </object_component>
      <object_component id="oc-f7">
         <name>.text</name>
         <load_address>0x3108</load_address>
         <run_address>0x3108</run_address>
         <size>0x20</size>
         <input_file_ref idref="fl-cd"/>
      </object_component>
      <object_component id="oc-188">
         <name>.text:ADCSequenceDataGet</name>
         <load_address>0x3128</load_address>
         <run_address>0x3128</run_address>
         <size>0x1e</size>
         <input_file_ref idref="fl-a"/>
      </object_component>
      <object_component id="oc-1f0">
         <name>.text:SysTickIntRegister</name>
         <load_address>0x3148</load_address>
         <run_address>0x3148</run_address>
         <size>0x1c</size>
         <input_file_ref idref="fl-e9"/>
      </object_component>
      <object_component id="oc-47">
         <name>.text:decompress:ZI:__TI_zero_init_nomemset:__TI_zero_init_nomemset</name>
         <load_address>0x3164</load_address>
         <run_address>0x3164</run_address>
         <size>0x1c</size>
         <input_file_ref idref="fl-ce"/>
      </object_component>
      <object_component id="oc-332">
         <name>.text:memccpy</name>
         <load_address>0x3180</load_address>
         <run_address>0x3180</run_address>
         <size>0x1c</size>
         <input_file_ref idref="fl-e0"/>
      </object_component>
      <object_component id="oc-128">
         <name>.text:GPIOPinTypeGPIOOutput</name>
         <load_address>0x319c</load_address>
         <run_address>0x319c</run_address>
         <size>0x1a</size>
         <input_file_ref idref="fl-b"/>
      </object_component>
      <object_component id="oc-3eb">
         <name>.text:copysign</name>
         <load_address>0x31b6</load_address>
         <run_address>0x31b6</run_address>
         <size>0x1a</size>
         <input_file_ref idref="fl-e8"/>
      </object_component>
      <object_component id="oc-17c">
         <name>.text:ADCProcessorTrigger</name>
         <load_address>0x31d0</load_address>
         <run_address>0x31d0</run_address>
         <size>0x18</size>
         <input_file_ref idref="fl-a"/>
      </object_component>
      <object_component id="oc-146">
         <name>.text:TimerIntRegister</name>
         <load_address>0x31e8</load_address>
         <run_address>0x31e8</run_address>
         <size>0x18</size>
         <input_file_ref idref="fl-e"/>
      </object_component>
      <object_component id="oc-29d">
         <name>.text:_outc</name>
         <load_address>0x3200</load_address>
         <run_address>0x3200</run_address>
         <size>0x18</size>
         <input_file_ref idref="fl-c7"/>
      </object_component>
      <object_component id="oc-158">
         <name>.text:GPIOPinTypeUART</name>
         <load_address>0x3218</load_address>
         <run_address>0x3218</run_address>
         <size>0x16</size>
         <input_file_ref idref="fl-b"/>
      </object_component>
      <object_component id="oc-3ae">
         <name>.text:strchr</name>
         <load_address>0x322e</load_address>
         <run_address>0x322e</run_address>
         <size>0x16</size>
         <input_file_ref idref="fl-e1"/>
      </object_component>
      <object_component id="oc-1f6">
         <name>.text:SysTickDisable</name>
         <load_address>0x3244</load_address>
         <run_address>0x3244</run_address>
         <size>0x14</size>
         <input_file_ref idref="fl-e9"/>
      </object_component>
      <object_component id="oc-1e4">
         <name>.text:SysTickEnable</name>
         <load_address>0x3258</load_address>
         <run_address>0x3258</run_address>
         <size>0x14</size>
         <input_file_ref idref="fl-e9"/>
      </object_component>
      <object_component id="oc-1ea">
         <name>.text:SysTickIntEnable</name>
         <load_address>0x326c</load_address>
         <run_address>0x326c</run_address>
         <size>0x14</size>
         <input_file_ref idref="fl-e9"/>
      </object_component>
      <object_component id="oc-164">
         <name>.text:UARTEnable</name>
         <load_address>0x3280</load_address>
         <run_address>0x3280</run_address>
         <size>0x14</size>
         <input_file_ref idref="fl-f"/>
      </object_component>
      <object_component id="oc-303">
         <name>.text:strlen</name>
         <load_address>0x3294</load_address>
         <run_address>0x3294</run_address>
         <size>0x14</size>
         <input_file_ref idref="fl-e2"/>
      </object_component>
      <object_component id="oc-13a">
         <name>.text:TimerLoadSet</name>
         <load_address>0x32a8</load_address>
         <run_address>0x32a8</run_address>
         <size>0x12</size>
         <input_file_ref idref="fl-e"/>
      </object_component>
      <object_component id="oc-338">
         <name>.text:wcslen</name>
         <load_address>0x32ba</load_address>
         <run_address>0x32ba</run_address>
         <size>0x12</size>
         <input_file_ref idref="fl-e4"/>
      </object_component>
      <object_component id="oc-11c">
         <name>.text:IntMasterEnable</name>
         <load_address>0x32cc</load_address>
         <run_address>0x32cc</run_address>
         <size>0x10</size>
         <input_file_ref idref="fl-c"/>
      </object_component>
      <object_component id="oc-1de">
         <name>.text:SysTickPeriodSet</name>
         <load_address>0x32dc</load_address>
         <run_address>0x32dc</run_address>
         <size>0x10</size>
         <input_file_ref idref="fl-e9"/>
      </object_component>
      <object_component id="oc-176">
         <name>.text:ADCSequenceEnable</name>
         <load_address>0x32ec</load_address>
         <run_address>0x32ec</run_address>
         <size>0xe</size>
         <input_file_ref idref="fl-a"/>
      </object_component>
      <object_component id="oc-14c">
         <name>.text:TimerEnable</name>
         <load_address>0x32fa</load_address>
         <run_address>0x32fa</run_address>
         <size>0xe</size>
         <input_file_ref idref="fl-e"/>
      </object_component>
      <object_component id="oc-d9">
         <name>.text:UARTCharsAvail</name>
         <load_address>0x3308</load_address>
         <run_address>0x3308</run_address>
         <size>0xe</size>
         <input_file_ref idref="fl-f"/>
      </object_component>
      <object_component id="oc-1b">
         <name>.text:decompress:none:__TI_decompress_none</name>
         <load_address>0x3316</load_address>
         <run_address>0x3316</run_address>
         <size>0xe</size>
         <input_file_ref idref="fl-cf"/>
      </object_component>
      <object_component id="oc-21b">
         <name>.text:CPUcpsie</name>
         <load_address>0x3324</load_address>
         <run_address>0x3324</run_address>
         <size>0xc</size>
         <input_file_ref idref="fl-10"/>
      </object_component>
      <object_component id="oc-27">
         <name>.text</name>
         <load_address>0x3330</load_address>
         <run_address>0x3330</run_address>
         <size>0xc</size>
         <input_file_ref idref="fl-3"/>
      </object_component>
      <object_component id="oc-df">
         <name>.text:UARTCharGet</name>
         <load_address>0x333c</load_address>
         <run_address>0x333c</run_address>
         <size>0xa</size>
         <input_file_ref idref="fl-f"/>
      </object_component>
      <object_component id="oc-f1">
         <name>.text:UARTCharPut</name>
         <load_address>0x3346</load_address>
         <run_address>0x3346</run_address>
         <size>0xa</size>
         <input_file_ref idref="fl-f"/>
      </object_component>
      <object_component id="oc-140">
         <name>.text:TimerIntEnable</name>
         <load_address>0x3350</load_address>
         <run_address>0x3350</run_address>
         <size>0x8</size>
         <input_file_ref idref="fl-e"/>
      </object_component>
      <object_component id="oc-33e">
         <name>.text:__aeabi_errno_addr</name>
         <load_address>0x3358</load_address>
         <run_address>0x3358</run_address>
         <size>0x8</size>
         <input_file_ref idref="fl-e3"/>
      </object_component>
      <object_component id="oc-eb">
         <name>.text:GPIOPinWrite</name>
         <load_address>0x3360</load_address>
         <run_address>0x3360</run_address>
         <size>0x6</size>
         <input_file_ref idref="fl-b"/>
      </object_component>
      <object_component id="oc-217">
         <name>.text:SysCtlDelay</name>
         <load_address>0x3366</load_address>
         <run_address>0x3366</run_address>
         <size>0x6</size>
         <input_file_ref idref="fl-d"/>
      </object_component>
      <object_component id="oc-c9">
         <name>.text:TimerIntClear</name>
         <load_address>0x336c</load_address>
         <run_address>0x336c</run_address>
         <size>0x4</size>
         <input_file_ref idref="fl-e"/>
      </object_component>
      <object_component id="oc-95">
         <name>.text:_system_pre_init</name>
         <load_address>0x3370</load_address>
         <run_address>0x3370</run_address>
         <size>0x4</size>
         <input_file_ref idref="fl-d8"/>
      </object_component>
      <object_component id="oc-192">
         <name>.text:abort:abort</name>
         <load_address>0x3374</load_address>
         <run_address>0x3374</run_address>
         <size>0x4</size>
         <input_file_ref idref="fl-da"/>
      </object_component>
      <object_component id="oc-36b">
         <name>.const:.string:_ctypes_</name>
         <load_address>0x3378</load_address>
         <run_address>0x3378</run_address>
         <size>0x101</size>
         <input_file_ref idref="fl-df"/>
      </object_component>
      <object_component id="oc-249">
         <name>.const:g_pui32GPIOBaseAddrs</name>
         <load_address>0x347c</load_address>
         <run_address>0x347c</run_address>
         <size>0x90</size>
         <input_file_ref idref="fl-b"/>
      </object_component>
      <object_component id="oc-235">
         <name>.const:g_pui32Xtals</name>
         <load_address>0x350c</load_address>
         <run_address>0x350c</run_address>
         <size>0x6c</size>
         <input_file_ref idref="fl-d"/>
      </object_component>
      <object_component id="oc-2d0">
         <name>.const:g_ppui32TimerIntMap</name>
         <load_address>0x3578</load_address>
         <run_address>0x3578</run_address>
         <size>0x60</size>
         <input_file_ref idref="fl-e"/>
      </object_component>
      <object_component id="oc-2d3">
         <name>.const:g_ppui32TimerIntMapSnowflake</name>
         <load_address>0x35d8</load_address>
         <run_address>0x35d8</run_address>
         <size>0x40</size>
         <input_file_ref idref="fl-e"/>
      </object_component>
      <object_component id="oc-222">
         <name>.const:g_pui32EnRegs</name>
         <load_address>0x3618</load_address>
         <run_address>0x3618</run_address>
         <size>0x14</size>
         <input_file_ref idref="fl-c"/>
      </object_component>
      <object_component id="oc-205">
         <name>.const:$P$T0$1</name>
         <load_address>0x362c</load_address>
         <run_address>0x362c</run_address>
         <size>0x8</size>
         <input_file_ref idref="fl-11"/>
      </object_component>
      <object_component id="oc-444">
         <name>.cinit..data.load</name>
         <load_address>0x3638</load_address>
         <run_address>0x3638</run_address>
         <size>0x18</size>
      </object_component>
      <object_component id="oc-441">
         <name>__TI_handler_table</name>
         <load_address>0x3650</load_address>
         <run_address>0x3650</run_address>
         <size>0xc</size>
      </object_component>
      <object_component id="oc-445">
         <name>.cinit..bss.load</name>
         <load_address>0x3660</load_address>
         <run_address>0x3660</run_address>
         <size>0x8</size>
      </object_component>
      <object_component id="oc-443">
         <name>.cinit..vtable.load</name>
         <load_address>0x3668</load_address>
         <run_address>0x3668</run_address>
         <size>0x8</size>
      </object_component>
      <object_component id="oc-442">
         <name>__TI_cinit_table</name>
         <load_address>0x3670</load_address>
         <run_address>0x3670</run_address>
         <size>0x18</size>
      </object_component>
      <object_component id="oc-2d7">
         <name>.vtable</name>
         <uninitialized>true</uninitialized>
         <run_address>0x20000000</run_address>
         <size>0x26c</size>
         <input_file_ref idref="fl-c"/>
      </object_component>
      <object_component id="oc-cf">
         <name>.data</name>
         <load_address>0x2000049c</load_address>
         <run_address>0x2000049c</run_address>
         <size>0xc</size>
         <input_file_ref idref="fl-2"/>
      </object_component>
      <object_component id="oc-202">
         <name>.data</name>
         <load_address>0x200004a8</load_address>
         <run_address>0x200004a8</run_address>
         <size>0x5</size>
         <input_file_ref idref="fl-11"/>
      </object_component>
      <object_component id="oc-3be">
         <name>.data</name>
         <load_address>0x200004b0</load_address>
         <run_address>0x200004b0</run_address>
         <size>0x4</size>
         <input_file_ref idref="fl-e3"/>
      </object_component>
      <object_component id="oc-d8">
         <name>.common:receivedData</name>
         <uninitialized>true</uninitialized>
         <run_address>0x20000480</run_address>
         <size>0x10</size>
      </object_component>
      <object_component id="oc-d2">
         <name>.common:saniyeBirler</name>
         <uninitialized>true</uninitialized>
         <run_address>0x20000498</run_address>
         <size>0x1</size>
      </object_component>
      <object_component id="oc-d3">
         <name>.common:saniyeOnlar</name>
         <uninitialized>true</uninitialized>
         <run_address>0x20000499</run_address>
         <size>0x1</size>
      </object_component>
      <object_component id="oc-d4">
         <name>.common:dakikaBirler</name>
         <uninitialized>true</uninitialized>
         <run_address>0x20000494</run_address>
         <size>0x1</size>
      </object_component>
      <object_component id="oc-d5">
         <name>.common:dakikaOnlar</name>
         <uninitialized>true</uninitialized>
         <run_address>0x20000495</run_address>
         <size>0x1</size>
      </object_component>
      <object_component id="oc-d6">
         <name>.common:saatBirler</name>
         <uninitialized>true</uninitialized>
         <run_address>0x20000496</run_address>
         <size>0x1</size>
      </object_component>
      <object_component id="oc-d7">
         <name>.common:saatOnlar</name>
         <uninitialized>true</uninitialized>
         <run_address>0x20000497</run_address>
         <size>0x1</size>
      </object_component>
      <object_component id="oc-190">
         <name>.common:ADCData</name>
         <uninitialized>true</uninitialized>
         <run_address>0x20000470</run_address>
         <size>0x10</size>
      </object_component>
      <object_component id="oc-18f">
         <name>.common:TemperatureAverage</name>
         <uninitialized>true</uninitialized>
         <run_address>0x20000490</run_address>
         <size>0x2</size>
      </object_component>
      <object_component id="oc-18e">
         <name>.common:TemperatureValueC</name>
         <uninitialized>true</uninitialized>
         <run_address>0x20000492</run_address>
         <size>0x2</size>
      </object_component>
      <object_component id="oc-24">
         <name>.stack</name>
         <uninitialized>true</uninitialized>
         <run_address>0x20000270</run_address>
         <size>0x4</size>
         <input_file_ref idref="fl-d1"/>
      </object_component>
      <object_component id="oc-447">
         <name>.stack</name>
         <uninitialized>true</uninitialized>
         <run_address>0x20000270</run_address>
         <size>0x0</size>
      </object_component>
      <object_component id="oc-b7">
         <name>.debug_info</name>
         <load_address>0x0</load_address>
         <run_address>0x0</run_address>
         <size>0xb52</size>
         <input_file_ref idref="fl-2"/>
      </object_component>
      <object_component id="oc-d0">
         <name>.debug_info</name>
         <load_address>0xb52</load_address>
         <run_address>0xb52</run_address>
         <size>0x11f</size>
         <input_file_ref idref="fl-2"/>
      </object_component>
      <object_component id="oc-9c">
         <name>.debug_info</name>
         <load_address>0xc71</load_address>
         <run_address>0xc71</run_address>
         <size>0xba3</size>
         <input_file_ref idref="fl-2"/>
      </object_component>
      <object_component id="oc-70">
         <name>.debug_info</name>
         <load_address>0x1814</load_address>
         <run_address>0x1814</run_address>
         <size>0x26b</size>
         <input_file_ref idref="fl-2"/>
      </object_component>
      <object_component id="oc-b2">
         <name>.debug_info</name>
         <load_address>0x1a7f</load_address>
         <run_address>0x1a7f</run_address>
         <size>0x8b</size>
         <input_file_ref idref="fl-2"/>
      </object_component>
      <object_component id="oc-ad">
         <name>.debug_info</name>
         <load_address>0x1b0a</load_address>
         <run_address>0x1b0a</run_address>
         <size>0x2a4</size>
         <input_file_ref idref="fl-2"/>
      </object_component>
      <object_component id="oc-75">
         <name>.debug_info</name>
         <load_address>0x1dae</load_address>
         <run_address>0x1dae</run_address>
         <size>0xbb</size>
         <input_file_ref idref="fl-2"/>
      </object_component>
      <object_component id="oc-20a">
         <name>.debug_info</name>
         <load_address>0x1e69</load_address>
         <run_address>0x1e69</run_address>
         <size>0x2c</size>
         <input_file_ref idref="fl-2"/>
      </object_component>
      <object_component id="oc-2f">
         <name>.debug_info</name>
         <load_address>0x1e95</load_address>
         <run_address>0x1e95</run_address>
         <size>0x2ac</size>
         <input_file_ref idref="fl-3"/>
      </object_component>
      <object_component id="oc-13">
         <name>.debug_info</name>
         <load_address>0x2141</load_address>
         <run_address>0x2141</run_address>
         <size>0xeb</size>
         <input_file_ref idref="fl-3"/>
      </object_component>
      <object_component id="oc-28">
         <name>.debug_info</name>
         <load_address>0x222c</load_address>
         <run_address>0x222c</run_address>
         <size>0x267</size>
         <input_file_ref idref="fl-3"/>
      </object_component>
      <object_component id="oc-36">
         <name>.debug_info</name>
         <load_address>0x2493</load_address>
         <run_address>0x2493</run_address>
         <size>0x84</size>
         <input_file_ref idref="fl-3"/>
      </object_component>
      <object_component id="oc-257">
         <name>.debug_info</name>
         <load_address>0x2517</load_address>
         <run_address>0x2517</run_address>
         <size>0x3ba</size>
         <input_file_ref idref="fl-a"/>
      </object_component>
      <object_component id="oc-171">
         <name>.debug_info</name>
         <load_address>0x28d1</load_address>
         <run_address>0x28d1</run_address>
         <size>0x33c</size>
         <input_file_ref idref="fl-a"/>
      </object_component>
      <object_component id="oc-177">
         <name>.debug_info</name>
         <load_address>0x2c0d</load_address>
         <run_address>0x2c0d</run_address>
         <size>0x2a9</size>
         <input_file_ref idref="fl-a"/>
      </object_component>
      <object_component id="oc-189">
         <name>.debug_info</name>
         <load_address>0x2eb6</load_address>
         <run_address>0x2eb6</run_address>
         <size>0x308</size>
         <input_file_ref idref="fl-a"/>
      </object_component>
      <object_component id="oc-16b">
         <name>.debug_info</name>
         <load_address>0x31be</load_address>
         <run_address>0x31be</run_address>
         <size>0x32f</size>
         <input_file_ref idref="fl-a"/>
      </object_component>
      <object_component id="oc-17d">
         <name>.debug_info</name>
         <load_address>0x34ed</load_address>
         <run_address>0x34ed</run_address>
         <size>0x2ad</size>
         <input_file_ref idref="fl-a"/>
      </object_component>
      <object_component id="oc-183">
         <name>.debug_info</name>
         <load_address>0x379a</load_address>
         <run_address>0x379a</run_address>
         <size>0x2f0</size>
         <input_file_ref idref="fl-a"/>
      </object_component>
      <object_component id="oc-284">
         <name>.debug_info</name>
         <load_address>0x3a8a</load_address>
         <run_address>0x3a8a</run_address>
         <size>0x26b</size>
         <input_file_ref idref="fl-a"/>
      </object_component>
      <object_component id="oc-27d">
         <name>.debug_info</name>
         <load_address>0x3cf5</load_address>
         <run_address>0x3cf5</run_address>
         <size>0x297</size>
         <input_file_ref idref="fl-a"/>
      </object_component>
      <object_component id="oc-2c2">
         <name>.debug_info</name>
         <load_address>0x3f8c</load_address>
         <run_address>0x3f8c</run_address>
         <size>0xef</size>
         <input_file_ref idref="fl-a"/>
      </object_component>
      <object_component id="oc-1d3">
         <name>.debug_info</name>
         <load_address>0x407b</load_address>
         <run_address>0x407b</run_address>
         <size>0xbb</size>
         <input_file_ref idref="fl-a"/>
      </object_component>
      <object_component id="oc-210">
         <name>.debug_info</name>
         <load_address>0x4136</load_address>
         <run_address>0x4136</run_address>
         <size>0x3e4</size>
         <input_file_ref idref="fl-b"/>
      </object_component>
      <object_component id="oc-24a">
         <name>.debug_info</name>
         <load_address>0x451a</load_address>
         <run_address>0x451a</run_address>
         <size>0x164</size>
         <input_file_ref idref="fl-b"/>
      </object_component>
      <object_component id="oc-ec">
         <name>.debug_info</name>
         <load_address>0x467e</load_address>
         <run_address>0x467e</run_address>
         <size>0x2ac</size>
         <input_file_ref idref="fl-b"/>
      </object_component>
      <object_component id="oc-22e">
         <name>.debug_info</name>
         <load_address>0x492a</load_address>
         <run_address>0x492a</run_address>
         <size>0x2bc</size>
         <input_file_ref idref="fl-b"/>
      </object_component>
      <object_component id="oc-228">
         <name>.debug_info</name>
         <load_address>0x4be6</load_address>
         <run_address>0x4be6</run_address>
         <size>0x31f</size>
         <input_file_ref idref="fl-b"/>
      </object_component>
      <object_component id="oc-159">
         <name>.debug_info</name>
         <load_address>0x4f05</load_address>
         <run_address>0x4f05</run_address>
         <size>0x29b</size>
         <input_file_ref idref="fl-b"/>
      </object_component>
      <object_component id="oc-129">
         <name>.debug_info</name>
         <load_address>0x51a0</load_address>
         <run_address>0x51a0</run_address>
         <size>0x2c0</size>
         <input_file_ref idref="fl-b"/>
      </object_component>
      <object_component id="oc-153">
         <name>.debug_info</name>
         <load_address>0x5460</load_address>
         <run_address>0x5460</run_address>
         <size>0x289</size>
         <input_file_ref idref="fl-b"/>
      </object_component>
      <object_component id="oc-226">
         <name>.debug_info</name>
         <load_address>0x56e9</load_address>
         <run_address>0x56e9</run_address>
         <size>0x3b7</size>
         <input_file_ref idref="fl-c"/>
      </object_component>
      <object_component id="oc-223">
         <name>.debug_info</name>
         <load_address>0x5aa0</load_address>
         <run_address>0x5aa0</run_address>
         <size>0x15b</size>
         <input_file_ref idref="fl-c"/>
      </object_component>
      <object_component id="oc-2d8">
         <name>.debug_info</name>
         <load_address>0x5bfb</load_address>
         <run_address>0x5bfb</run_address>
         <size>0x160</size>
         <input_file_ref idref="fl-c"/>
      </object_component>
      <object_component id="oc-243">
         <name>.debug_info</name>
         <load_address>0x5d5b</load_address>
         <run_address>0x5d5b</run_address>
         <size>0x2ca</size>
         <input_file_ref idref="fl-c"/>
      </object_component>
      <object_component id="oc-11e">
         <name>.debug_info</name>
         <load_address>0x6025</load_address>
         <run_address>0x6025</run_address>
         <size>0x247</size>
         <input_file_ref idref="fl-c"/>
      </object_component>
      <object_component id="oc-124">
         <name>.debug_info</name>
         <load_address>0x626c</load_address>
         <run_address>0x626c</run_address>
         <size>0x271</size>
         <input_file_ref idref="fl-c"/>
      </object_component>
      <object_component id="oc-219">
         <name>.debug_info</name>
         <load_address>0x64dd</load_address>
         <run_address>0x64dd</run_address>
         <size>0x441</size>
         <input_file_ref idref="fl-d"/>
      </object_component>
      <object_component id="oc-236">
         <name>.debug_info</name>
         <load_address>0x691e</load_address>
         <run_address>0x691e</run_address>
         <size>0x156</size>
         <input_file_ref idref="fl-d"/>
      </object_component>
      <object_component id="oc-118">
         <name>.debug_info</name>
         <load_address>0x6a74</load_address>
         <run_address>0x6a74</run_address>
         <size>0x286</size>
         <input_file_ref idref="fl-d"/>
      </object_component>
      <object_component id="oc-112">
         <name>.debug_info</name>
         <load_address>0x6cfa</load_address>
         <run_address>0x6cfa</run_address>
         <size>0x2e4</size>
         <input_file_ref idref="fl-d"/>
      </object_component>
      <object_component id="oc-135">
         <name>.debug_info</name>
         <load_address>0x6fde</load_address>
         <run_address>0x6fde</run_address>
         <size>0x2be</size>
         <input_file_ref idref="fl-d"/>
      </object_component>
      <object_component id="oc-2be">
         <name>.debug_info</name>
         <load_address>0x729c</load_address>
         <run_address>0x729c</run_address>
         <size>0x51</size>
         <input_file_ref idref="fl-d"/>
      </object_component>
      <object_component id="oc-1d8">
         <name>.debug_info</name>
         <load_address>0x72ed</load_address>
         <run_address>0x72ed</run_address>
         <size>0x3c7</size>
         <input_file_ref idref="fl-e"/>
      </object_component>
      <object_component id="oc-2d1">
         <name>.debug_info</name>
         <load_address>0x76b4</load_address>
         <run_address>0x76b4</run_address>
         <size>0x163</size>
         <input_file_ref idref="fl-e"/>
      </object_component>
      <object_component id="oc-2d4">
         <name>.debug_info</name>
         <load_address>0x7817</load_address>
         <run_address>0x7817</run_address>
         <size>0x175</size>
         <input_file_ref idref="fl-e"/>
      </object_component>
      <object_component id="oc-13b">
         <name>.debug_info</name>
         <load_address>0x798c</load_address>
         <run_address>0x798c</run_address>
         <size>0x2c3</size>
         <input_file_ref idref="fl-e"/>
      </object_component>
      <object_component id="oc-23c">
         <name>.debug_info</name>
         <load_address>0x7c4f</load_address>
         <run_address>0x7c4f</run_address>
         <size>0x2f4</size>
         <input_file_ref idref="fl-e"/>
      </object_component>
      <object_component id="oc-147">
         <name>.debug_info</name>
         <load_address>0x7f43</load_address>
         <run_address>0x7f43</run_address>
         <size>0x2ed</size>
         <input_file_ref idref="fl-e"/>
      </object_component>
      <object_component id="oc-141">
         <name>.debug_info</name>
         <load_address>0x8230</load_address>
         <run_address>0x8230</run_address>
         <size>0x29d</size>
         <input_file_ref idref="fl-e"/>
      </object_component>
      <object_component id="oc-ca">
         <name>.debug_info</name>
         <load_address>0x84cd</load_address>
         <run_address>0x84cd</run_address>
         <size>0x29b</size>
         <input_file_ref idref="fl-e"/>
      </object_component>
      <object_component id="oc-14d">
         <name>.debug_info</name>
         <load_address>0x8768</load_address>
         <run_address>0x8768</run_address>
         <size>0x288</size>
         <input_file_ref idref="fl-e"/>
      </object_component>
      <object_component id="oc-12f">
         <name>.debug_info</name>
         <load_address>0x89f0</load_address>
         <run_address>0x89f0</run_address>
         <size>0x295</size>
         <input_file_ref idref="fl-e"/>
      </object_component>
      <object_component id="oc-1dc">
         <name>.debug_info</name>
         <load_address>0x8c85</load_address>
         <run_address>0x8c85</run_address>
         <size>0x3cb</size>
         <input_file_ref idref="fl-f"/>
      </object_component>
      <object_component id="oc-165">
         <name>.debug_info</name>
         <load_address>0x9050</load_address>
         <run_address>0x9050</run_address>
         <size>0x250</size>
         <input_file_ref idref="fl-f"/>
      </object_component>
      <object_component id="oc-24f">
         <name>.debug_info</name>
         <load_address>0x92a0</load_address>
         <run_address>0x92a0</run_address>
         <size>0x252</size>
         <input_file_ref idref="fl-f"/>
      </object_component>
      <object_component id="oc-15f">
         <name>.debug_info</name>
         <load_address>0x94f2</load_address>
         <run_address>0x94f2</run_address>
         <size>0x32f</size>
         <input_file_ref idref="fl-f"/>
      </object_component>
      <object_component id="oc-da">
         <name>.debug_info</name>
         <load_address>0x9821</load_address>
         <run_address>0x9821</run_address>
         <size>0x25c</size>
         <input_file_ref idref="fl-f"/>
      </object_component>
      <object_component id="oc-f2">
         <name>.debug_info</name>
         <load_address>0x9a7d</load_address>
         <run_address>0x9a7d</run_address>
         <size>0x27c</size>
         <input_file_ref idref="fl-f"/>
      </object_component>
      <object_component id="oc-e0">
         <name>.debug_info</name>
         <load_address>0x9cf9</load_address>
         <run_address>0x9cf9</run_address>
         <size>0x256</size>
         <input_file_ref idref="fl-f"/>
      </object_component>
      <object_component id="oc-21d">
         <name>.debug_info</name>
         <load_address>0x9f4f</load_address>
         <run_address>0x9f4f</run_address>
         <size>0x21b</size>
         <input_file_ref idref="fl-10"/>
      </object_component>
      <object_component id="oc-209">
         <name>.debug_info</name>
         <load_address>0xa16a</load_address>
         <run_address>0xa16a</run_address>
         <size>0x4b0</size>
         <input_file_ref idref="fl-11"/>
      </object_component>
      <object_component id="oc-203">
         <name>.debug_info</name>
         <load_address>0xa61a</load_address>
         <run_address>0xa61a</run_address>
         <size>0x106</size>
         <input_file_ref idref="fl-11"/>
      </object_component>
      <object_component id="oc-206">
         <name>.debug_info</name>
         <load_address>0xa720</load_address>
         <run_address>0xa720</run_address>
         <size>0xde</size>
         <input_file_ref idref="fl-11"/>
      </object_component>
      <object_component id="oc-e6">
         <name>.debug_info</name>
         <load_address>0xa7fe</load_address>
         <run_address>0xa7fe</run_address>
         <size>0xf57</size>
         <input_file_ref idref="fl-11"/>
      </object_component>
      <object_component id="oc-2b5">
         <name>.debug_info</name>
         <load_address>0xb755</load_address>
         <run_address>0xb755</run_address>
         <size>0xcc</size>
         <input_file_ref idref="fl-11"/>
      </object_component>
      <object_component id="oc-2a4">
         <name>.debug_info</name>
         <load_address>0xb821</load_address>
         <run_address>0xb821</run_address>
         <size>0x340</size>
         <input_file_ref idref="fl-c7"/>
      </object_component>
      <object_component id="oc-1fd">
         <name>.debug_info</name>
         <load_address>0xbb61</load_address>
         <run_address>0xbb61</run_address>
         <size>0x208</size>
         <input_file_ref idref="fl-c7"/>
      </object_component>
      <object_component id="oc-29a">
         <name>.debug_info</name>
         <load_address>0xbd69</load_address>
         <run_address>0xbd69</run_address>
         <size>0x1c6</size>
         <input_file_ref idref="fl-c7"/>
      </object_component>
      <object_component id="oc-29e">
         <name>.debug_info</name>
         <load_address>0xbf2f</load_address>
         <run_address>0xbf2f</run_address>
         <size>0x179</size>
         <input_file_ref idref="fl-c7"/>
      </object_component>
      <object_component id="oc-2a5">
         <name>.debug_info</name>
         <load_address>0xc0a8</load_address>
         <run_address>0xc0a8</run_address>
         <size>0x2c</size>
         <input_file_ref idref="fl-c7"/>
      </object_component>
      <object_component id="oc-2aa">
         <name>.debug_info</name>
         <load_address>0xc0d4</load_address>
         <run_address>0xc0d4</run_address>
         <size>0x69</size>
         <input_file_ref idref="fl-c7"/>
      </object_component>
      <object_component id="oc-109">
         <name>.debug_info</name>
         <load_address>0xc13d</load_address>
         <run_address>0xc13d</run_address>
         <size>0x14c</size>
         <input_file_ref idref="fl-c8"/>
      </object_component>
      <object_component id="oc-104">
         <name>.debug_info</name>
         <load_address>0xc289</load_address>
         <run_address>0xc289</run_address>
         <size>0x13a</size>
         <input_file_ref idref="fl-c9"/>
      </object_component>
      <object_component id="oc-fe">
         <name>.debug_info</name>
         <load_address>0xc3c3</load_address>
         <run_address>0xc3c3</run_address>
         <size>0x13a</size>
         <input_file_ref idref="fl-ca"/>
      </object_component>
      <object_component id="oc-10c">
         <name>.debug_info</name>
         <load_address>0xc4fd</load_address>
         <run_address>0xc4fd</run_address>
         <size>0x12e</size>
         <input_file_ref idref="fl-cb"/>
      </object_component>
      <object_component id="oc-3c">
         <name>.debug_info</name>
         <load_address>0xc62b</load_address>
         <run_address>0xc62b</run_address>
         <size>0x119</size>
         <input_file_ref idref="fl-cc"/>
      </object_component>
      <object_component id="oc-f8">
         <name>.debug_info</name>
         <load_address>0xc744</load_address>
         <run_address>0xc744</run_address>
         <size>0x12e</size>
         <input_file_ref idref="fl-cd"/>
      </object_component>
      <object_component id="oc-8e">
         <name>.debug_info</name>
         <load_address>0xc872</load_address>
         <run_address>0xc872</run_address>
         <size>0x2d4</size>
         <input_file_ref idref="fl-ce"/>
      </object_component>
      <object_component id="oc-4a">
         <name>.debug_info</name>
         <load_address>0xcb46</load_address>
         <run_address>0xcb46</run_address>
         <size>0x1d2</size>
         <input_file_ref idref="fl-ce"/>
      </object_component>
      <object_component id="oc-89">
         <name>.debug_info</name>
         <load_address>0xcd18</load_address>
         <run_address>0xcd18</run_address>
         <size>0x46</size>
         <input_file_ref idref="fl-ce"/>
      </object_component>
      <object_component id="oc-c0">
         <name>.debug_info</name>
         <load_address>0xcd5e</load_address>
         <run_address>0xcd5e</run_address>
         <size>0x2c</size>
         <input_file_ref idref="fl-ce"/>
      </object_component>
      <object_component id="oc-46">
         <name>.debug_info</name>
         <load_address>0xcd8a</load_address>
         <run_address>0xcd8a</run_address>
         <size>0x2a8</size>
         <input_file_ref idref="fl-cf"/>
      </object_component>
      <object_component id="oc-1c">
         <name>.debug_info</name>
         <load_address>0xd032</load_address>
         <run_address>0xd032</run_address>
         <size>0x1ea</size>
         <input_file_ref idref="fl-cf"/>
      </object_component>
      <object_component id="oc-41">
         <name>.debug_info</name>
         <load_address>0xd21c</load_address>
         <run_address>0xd21c</run_address>
         <size>0x46</size>
         <input_file_ref idref="fl-cf"/>
      </object_component>
      <object_component id="oc-81">
         <name>.debug_info</name>
         <load_address>0xd262</load_address>
         <run_address>0xd262</run_address>
         <size>0x2c</size>
         <input_file_ref idref="fl-cf"/>
      </object_component>
      <object_component id="oc-7f">
         <name>.debug_info</name>
         <load_address>0xd28e</load_address>
         <run_address>0xd28e</run_address>
         <size>0x29e</size>
         <input_file_ref idref="fl-d0"/>
      </object_component>
      <object_component id="oc-19">
         <name>.debug_info</name>
         <load_address>0xd52c</load_address>
         <run_address>0xd52c</run_address>
         <size>0x250</size>
         <input_file_ref idref="fl-d0"/>
      </object_component>
      <object_component id="oc-31">
         <name>.debug_info</name>
         <load_address>0xd77c</load_address>
         <run_address>0xd77c</run_address>
         <size>0x60</size>
         <input_file_ref idref="fl-d0"/>
      </object_component>
      <object_component id="oc-b9">
         <name>.debug_info</name>
         <load_address>0xd7dc</load_address>
         <run_address>0xd7dc</run_address>
         <size>0x46</size>
         <input_file_ref idref="fl-d0"/>
      </object_component>
      <object_component id="oc-7a">
         <name>.debug_info</name>
         <load_address>0xd822</load_address>
         <run_address>0xd822</run_address>
         <size>0x39</size>
         <input_file_ref idref="fl-d0"/>
      </object_component>
      <object_component id="oc-25">
         <name>.debug_info</name>
         <load_address>0xd85b</load_address>
         <run_address>0xd85b</run_address>
         <size>0x10b</size>
         <input_file_ref idref="fl-d1"/>
      </object_component>
      <object_component id="oc-5a">
         <name>.debug_info</name>
         <load_address>0xd966</load_address>
         <run_address>0xd966</run_address>
         <size>0x1a9</size>
         <input_file_ref idref="fl-d1"/>
      </object_component>
      <object_component id="oc-345">
         <name>.debug_info</name>
         <load_address>0xdb0f</load_address>
         <run_address>0xdb0f</run_address>
         <size>0x590</size>
         <input_file_ref idref="fl-d2"/>
      </object_component>
      <object_component id="oc-310">
         <name>.debug_info</name>
         <load_address>0xe09f</load_address>
         <run_address>0xe09f</run_address>
         <size>0x21e</size>
         <input_file_ref idref="fl-d2"/>
      </object_component>
      <object_component id="oc-388">
         <name>.debug_info</name>
         <load_address>0xe2bd</load_address>
         <run_address>0xe2bd</run_address>
         <size>0x1b3</size>
         <input_file_ref idref="fl-d2"/>
      </object_component>
      <object_component id="oc-38f">
         <name>.debug_info</name>
         <load_address>0xe470</load_address>
         <run_address>0xe470</run_address>
         <size>0x21b</size>
         <input_file_ref idref="fl-d2"/>
      </object_component>
      <object_component id="oc-31b">
         <name>.debug_info</name>
         <load_address>0xe68b</load_address>
         <run_address>0xe68b</run_address>
         <size>0x3c0</size>
         <input_file_ref idref="fl-d2"/>
      </object_component>
      <object_component id="oc-396">
         <name>.debug_info</name>
         <load_address>0xea4b</load_address>
         <run_address>0xea4b</run_address>
         <size>0x30a</size>
         <input_file_ref idref="fl-d2"/>
      </object_component>
      <object_component id="oc-39c">
         <name>.debug_info</name>
         <load_address>0xed55</load_address>
         <run_address>0xed55</run_address>
         <size>0x215</size>
         <input_file_ref idref="fl-d2"/>
      </object_component>
      <object_component id="oc-321">
         <name>.debug_info</name>
         <load_address>0xef6a</load_address>
         <run_address>0xef6a</run_address>
         <size>0x215</size>
         <input_file_ref idref="fl-d2"/>
      </object_component>
      <object_component id="oc-328">
         <name>.debug_info</name>
         <load_address>0xf17f</load_address>
         <run_address>0xf17f</run_address>
         <size>0x304</size>
         <input_file_ref idref="fl-d2"/>
      </object_component>
      <object_component id="oc-32d">
         <name>.debug_info</name>
         <load_address>0xf483</load_address>
         <run_address>0xf483</run_address>
         <size>0x4b5</size>
         <input_file_ref idref="fl-d2"/>
      </object_component>
      <object_component id="oc-293">
         <name>.debug_info</name>
         <load_address>0xf938</load_address>
         <run_address>0xf938</run_address>
         <size>0x5f4</size>
         <input_file_ref idref="fl-d2"/>
      </object_component>
      <object_component id="oc-346">
         <name>.debug_info</name>
         <load_address>0xff2c</load_address>
         <run_address>0xff2c</run_address>
         <size>0x86</size>
         <input_file_ref idref="fl-d2"/>
      </object_component>
      <object_component id="oc-3c5">
         <name>.debug_info</name>
         <load_address>0xffb2</load_address>
         <run_address>0xffb2</run_address>
         <size>0x39</size>
         <input_file_ref idref="fl-d2"/>
      </object_component>
      <object_component id="oc-402">
         <name>.debug_info</name>
         <load_address>0xffeb</load_address>
         <run_address>0xffeb</run_address>
         <size>0xb6</size>
         <input_file_ref idref="fl-d2"/>
      </object_component>
      <object_component id="oc-3ca">
         <name>.debug_info</name>
         <load_address>0x100a1</load_address>
         <run_address>0x100a1</run_address>
         <size>0x46</size>
         <input_file_ref idref="fl-d2"/>
      </object_component>
      <object_component id="oc-34b">
         <name>.debug_info</name>
         <load_address>0x100e7</load_address>
         <run_address>0x100e7</run_address>
         <size>0x46</size>
         <input_file_ref idref="fl-d2"/>
      </object_component>
      <object_component id="oc-316">
         <name>.debug_info</name>
         <load_address>0x1012d</load_address>
         <run_address>0x1012d</run_address>
         <size>0x128</size>
         <input_file_ref idref="fl-d3"/>
      </object_component>
      <object_component id="oc-37a">
         <name>.debug_info</name>
         <load_address>0x10255</load_address>
         <run_address>0x10255</run_address>
         <size>0x12a</size>
         <input_file_ref idref="fl-d3"/>
      </object_component>
      <object_component id="oc-383">
         <name>.debug_info</name>
         <load_address>0x1037f</load_address>
         <run_address>0x1037f</run_address>
         <size>0x12c</size>
         <input_file_ref idref="fl-d4"/>
      </object_component>
      <object_component id="oc-92">
         <name>.debug_info</name>
         <load_address>0x104ab</load_address>
         <run_address>0x104ab</run_address>
         <size>0x147</size>
         <input_file_ref idref="fl-d5"/>
      </object_component>
      <object_component id="oc-373">
         <name>.debug_info</name>
         <load_address>0x105f2</load_address>
         <run_address>0x105f2</run_address>
         <size>0x134</size>
         <input_file_ref idref="fl-d6"/>
      </object_component>
      <object_component id="oc-268">
         <name>.debug_info</name>
         <load_address>0x10726</load_address>
         <run_address>0x10726</run_address>
         <size>0x4b3</size>
         <input_file_ref idref="fl-d7"/>
      </object_component>
      <object_component id="oc-19f">
         <name>.debug_info</name>
         <load_address>0x10bd9</load_address>
         <run_address>0x10bd9</run_address>
         <size>0x1a6</size>
         <input_file_ref idref="fl-d7"/>
      </object_component>
      <object_component id="oc-2f0">
         <name>.debug_info</name>
         <load_address>0x10d7f</load_address>
         <run_address>0x10d7f</run_address>
         <size>0x39</size>
         <input_file_ref idref="fl-d7"/>
      </object_component>
      <object_component id="oc-35d">
         <name>.debug_info</name>
         <load_address>0x10db8</load_address>
         <run_address>0x10db8</run_address>
         <size>0x39</size>
         <input_file_ref idref="fl-d7"/>
      </object_component>
      <object_component id="oc-2f5">
         <name>.debug_info</name>
         <load_address>0x10df1</load_address>
         <run_address>0x10df1</run_address>
         <size>0x39</size>
         <input_file_ref idref="fl-d7"/>
      </object_component>
      <object_component id="oc-2fa">
         <name>.debug_info</name>
         <load_address>0x10e2a</load_address>
         <run_address>0x10e2a</run_address>
         <size>0xcd</size>
         <input_file_ref idref="fl-d7"/>
      </object_component>
      <object_component id="oc-96">
         <name>.debug_info</name>
         <load_address>0x10ef7</load_address>
         <run_address>0x10ef7</run_address>
         <size>0x153</size>
         <input_file_ref idref="fl-d8"/>
      </object_component>
      <object_component id="oc-195">
         <name>.debug_info</name>
         <load_address>0x1104a</load_address>
         <run_address>0x1104a</run_address>
         <size>0x122</size>
         <input_file_ref idref="fl-da"/>
      </object_component>
      <object_component id="oc-3de">
         <name>.debug_info</name>
         <load_address>0x1116c</load_address>
         <run_address>0x1116c</run_address>
         <size>0x29c</size>
         <input_file_ref idref="fl-dc"/>
      </object_component>
      <object_component id="oc-37e">
         <name>.debug_info</name>
         <load_address>0x11408</load_address>
         <run_address>0x11408</run_address>
         <size>0x1da</size>
         <input_file_ref idref="fl-dc"/>
      </object_component>
      <object_component id="oc-36f">
         <name>.debug_info</name>
         <load_address>0x115e2</load_address>
         <run_address>0x115e2</run_address>
         <size>0x2b9</size>
         <input_file_ref idref="fl-de"/>
      </object_component>
      <object_component id="oc-30a">
         <name>.debug_info</name>
         <load_address>0x1189b</load_address>
         <run_address>0x1189b</run_address>
         <size>0x17c</size>
         <input_file_ref idref="fl-de"/>
      </object_component>
      <object_component id="oc-3d3">
         <name>.debug_info</name>
         <load_address>0x11a17</load_address>
         <run_address>0x11a17</run_address>
         <size>0xf9</size>
         <input_file_ref idref="fl-df"/>
      </object_component>
      <object_component id="oc-36c">
         <name>.debug_info</name>
         <load_address>0x11b10</load_address>
         <run_address>0x11b10</run_address>
         <size>0x105</size>
         <input_file_ref idref="fl-df"/>
      </object_component>
      <object_component id="oc-3b6">
         <name>.debug_info</name>
         <load_address>0x11c15</load_address>
         <run_address>0x11c15</run_address>
         <size>0x2a7</size>
         <input_file_ref idref="fl-e0"/>
      </object_component>
      <object_component id="oc-334">
         <name>.debug_info</name>
         <load_address>0x11ebc</load_address>
         <run_address>0x11ebc</run_address>
         <size>0x1b8</size>
         <input_file_ref idref="fl-e0"/>
      </object_component>
      <object_component id="oc-3f4">
         <name>.debug_info</name>
         <load_address>0x12074</load_address>
         <run_address>0x12074</run_address>
         <size>0x29a</size>
         <input_file_ref idref="fl-e1"/>
      </object_component>
      <object_component id="oc-3b0">
         <name>.debug_info</name>
         <load_address>0x1230e</load_address>
         <run_address>0x1230e</run_address>
         <size>0x262</size>
         <input_file_ref idref="fl-e1"/>
      </object_component>
      <object_component id="oc-36a">
         <name>.debug_info</name>
         <load_address>0x12570</load_address>
         <run_address>0x12570</run_address>
         <size>0x28f</size>
         <input_file_ref idref="fl-e2"/>
      </object_component>
      <object_component id="oc-304">
         <name>.debug_info</name>
         <load_address>0x127ff</load_address>
         <run_address>0x127ff</run_address>
         <size>0x245</size>
         <input_file_ref idref="fl-e2"/>
      </object_component>
      <object_component id="oc-3c2">
         <name>.debug_info</name>
         <load_address>0x12a44</load_address>
         <run_address>0x12a44</run_address>
         <size>0x289</size>
         <input_file_ref idref="fl-e3"/>
      </object_component>
      <object_component id="oc-3bf">
         <name>.debug_info</name>
         <load_address>0x12ccd</load_address>
         <run_address>0x12ccd</run_address>
         <size>0x10e</size>
         <input_file_ref idref="fl-e3"/>
      </object_component>
      <object_component id="oc-33f">
         <name>.debug_info</name>
         <load_address>0x12ddb</load_address>
         <run_address>0x12ddb</run_address>
         <size>0x14e</size>
         <input_file_ref idref="fl-e3"/>
      </object_component>
      <object_component id="oc-3bd">
         <name>.debug_info</name>
         <load_address>0x12f29</load_address>
         <run_address>0x12f29</run_address>
         <size>0x28f</size>
         <input_file_ref idref="fl-e4"/>
      </object_component>
      <object_component id="oc-33a">
         <name>.debug_info</name>
         <load_address>0x131b8</load_address>
         <run_address>0x131b8</run_address>
         <size>0x15a</size>
         <input_file_ref idref="fl-e4"/>
      </object_component>
      <object_component id="oc-3f7">
         <name>.debug_info</name>
         <load_address>0x13312</load_address>
         <run_address>0x13312</run_address>
         <size>0x46</size>
         <input_file_ref idref="fl-e4"/>
      </object_component>
      <object_component id="oc-3b8">
         <name>.debug_info</name>
         <load_address>0x13358</load_address>
         <run_address>0x13358</run_address>
         <size>0x39</size>
         <input_file_ref idref="fl-e4"/>
      </object_component>
      <object_component id="oc-3e5">
         <name>.debug_info</name>
         <load_address>0x13391</load_address>
         <run_address>0x13391</run_address>
         <size>0x295</size>
         <input_file_ref idref="fl-e5"/>
      </object_component>
      <object_component id="oc-3a4">
         <name>.debug_info</name>
         <load_address>0x13626</load_address>
         <run_address>0x13626</run_address>
         <size>0x195</size>
         <input_file_ref idref="fl-e5"/>
      </object_component>
      <object_component id="oc-40e">
         <name>.debug_info</name>
         <load_address>0x137bb</load_address>
         <run_address>0x137bb</run_address>
         <size>0x39</size>
         <input_file_ref idref="fl-e5"/>
      </object_component>
      <object_component id="oc-3e6">
         <name>.debug_info</name>
         <load_address>0x137f4</load_address>
         <run_address>0x137f4</run_address>
         <size>0x2c</size>
         <input_file_ref idref="fl-e5"/>
      </object_component>
      <object_component id="oc-3f2">
         <name>.debug_info</name>
         <load_address>0x13820</load_address>
         <run_address>0x13820</run_address>
         <size>0x2f8</size>
         <input_file_ref idref="fl-e6"/>
      </object_component>
      <object_component id="oc-3aa">
         <name>.debug_info</name>
         <load_address>0x13b18</load_address>
         <run_address>0x13b18</run_address>
         <size>0x225</size>
         <input_file_ref idref="fl-e6"/>
      </object_component>
      <object_component id="oc-3d8">
         <name>.debug_info</name>
         <load_address>0x13d3d</load_address>
         <run_address>0x13d3d</run_address>
         <size>0x115</size>
         <input_file_ref idref="fl-e7"/>
      </object_component>
      <object_component id="oc-3ec">
         <name>.debug_info</name>
         <load_address>0x13e52</load_address>
         <run_address>0x13e52</run_address>
         <size>0x161</size>
         <input_file_ref idref="fl-e8"/>
      </object_component>
      <object_component id="oc-28c">
[...]
      </symbol>
      <symbol id="sm-d2">
         <name>ADCRead</name>
         <value>0x12eb</value>
         <object_component_ref idref="oc-9b"/>
      </symbol>
      <symbol id="sm-d3">
         <name>ledControl</name>
         <value>0x2000049c</value>
         <object_component_ref idref="oc-cf"/>
      </symbol>
      <symbol id="sm-d4">
         <name>zaman</name>
         <value>0x200004a0</value>
         <object_component_ref idref="oc-cf"/>
      </symbol>
      <symbol id="sm-d5">
         <name>kesmefonksiyon</name>
         <value>0xcbd</value>
         <object_component_ref idref="oc-9b"/>
      </symbol>
      <symbol id="sm-d6">
         <name>Setup</name>
         <value>0x11f9</value>
         <object_component_ref idref="oc-9b"/>
      </symbol>
      <symbol id="sm-d7">
         <name>UARTSend</name>
         <value>0x1099</value>
         <object_component_ref idref="oc-9b"/>
      </symbol>
      <symbol id="sm-d8">
         <name>TIMERSetup</name>
         <value>0x1233</value>
         <object_component_ref idref="oc-9b"/>
      </symbol>
      <symbol id="sm-f9">
         <name>ResetISR</name>
         <value>0x3331</value>
         <object_component_ref idref="oc-27"/>
      </symbol>
      <symbol id="sm-fa">
         <name>g_pfnVectors</name>
         <value>0x0</value>
         <object_component_ref idref="oc-12"/>
      </symbol>
      <symbol id="sm-14b">
         <name>ADCProcessorTrigger</name>
         <value>0x31d1</value>
         <object_component_ref idref="oc-17c"/>
      </symbol>
      <symbol id="sm-14c">
         <name>ADCSequenceEnable</name>
         <value>0x32ed</value>
         <object_component_ref idref="oc-176"/>
      </symbol>
      <symbol id="sm-14d">
         <name>ADCSequenceConfigure</name>
         <value>0x2d0d</value>
         <object_component_ref idref="oc-16a"/>
      </symbol>
      <symbol id="sm-14e">
         <name>ADCSequenceStepConfigure</name>
         <value>0x2919</value>
         <object_component_ref idref="oc-170"/>
      </symbol>
      <symbol id="sm-14f">
         <name>ADCIntStatus</name>
         <value>0x3061</value>
         <object_component_ref idref="oc-182"/>
      </symbol>
      <symbol id="sm-150">
         <name>ADCSequenceDataGet</name>
         <value>0x3129</value>
         <object_component_ref idref="oc-188"/>
      </symbol>
      <symbol id="sm-19a">
         <name>GPIOPinConfigure</name>
         <value>0x2d5d</value>
         <object_component_ref idref="oc-152"/>
      </symbol>
      <symbol id="sm-19b">
         <name>GPIOPinTypeUART</name>
         <value>0x3219</value>
         <object_component_ref idref="oc-158"/>
      </symbol>
      <symbol id="sm-19c">
         <name>GPIOPinTypeGPIOOutput</name>
         <value>0x319d</value>
         <object_component_ref idref="oc-128"/>
      </symbol>
      <symbol id="sm-19d">
         <name>GPIODirModeSet</name>
         <value>0x30bd</value>
         <object_component_ref idref="oc-22d"/>
      </symbol>
      <symbol id="sm-19e">
         <name>GPIOPinWrite</name>
         <value>0x3361</value>
         <object_component_ref idref="oc-eb"/>
      </symbol>
      <symbol id="sm-19f">
         <name>GPIOPadConfigSet</name>
         <value>0x1d0d</value>
         <object_component_ref idref="oc-227"/>
      </symbol>
      <symbol id="sm-1d9">
         <name>IntEnable</name>
         <value>0x2a7d</value>
         <object_component_ref idref="oc-122"/>
      </symbol>
      <symbol id="sm-1da">
         <name>IntRegister</name>
         <value>0x2f95</value>
         <object_component_ref idref="oc-241"/>
      </symbol>
      <symbol id="sm-1db">
         <name>g_pfnRAMVectors</name>
         <value>0x20000000</value>
         <object_component_ref idref="oc-2d7"/>
      </symbol>
      <symbol id="sm-1dc">
         <name>IntMasterEnable</name>
         <value>0x32cd</value>
         <object_component_ref idref="oc-11c"/>
      </symbol>
      <symbol id="sm-22f">
         <name>SysCtlClockSet</name>
         <value>0x2535</value>
         <object_component_ref idref="oc-110"/>
      </symbol>
      <symbol id="sm-230">
         <name>SysCtlDelay</name>
         <value>0x3367</value>
         <object_component_ref idref="oc-217"/>
      </symbol>
      <symbol id="sm-231">
         <name>SysCtlPeripheralEnable</name>
         <value>0x2fc9</value>
         <object_component_ref idref="oc-116"/>
      </symbol>
      <symbol id="sm-232">
         <name>SysCtlClockGet</name>
         <value>0x2211</value>
         <object_component_ref idref="oc-134"/>
      </symbol>
      <symbol id="sm-28d">
         <name>TimerLoadSet</name>
         <value>0x32a9</value>
         <object_component_ref idref="oc-13a"/>
      </symbol>
      <symbol id="sm-28e">
         <name>TimerIntRegister</name>
         <value>0x31e9</value>
         <object_component_ref idref="oc-146"/>
      </symbol>
      <symbol id="sm-28f">
         <name>TimerEnable</name>
         <value>0x32fb</value>
         <object_component_ref idref="oc-14c"/>
      </symbol>
      <symbol id="sm-290">
         <name>TimerIntEnable</name>
         <value>0x3351</value>
         <object_component_ref idref="oc-140"/>
      </symbol>
      <symbol id="sm-291">
         <name>TimerConfigure</name>
         <value>0x2bb1</value>
         <object_component_ref idref="oc-12e"/>
      </symbol>
      <symbol id="sm-292">
         <name>TimerIntClear</name>
         <value>0x336d</value>
         <object_component_ref idref="oc-c9"/>
      </symbol>
      <symbol id="sm-2cd">
         <name>UARTConfigSetExpClk</name>
         <value>0x2e89</value>
         <object_component_ref idref="oc-15e"/>
      </symbol>
      <symbol id="sm-2ce">
         <name>UARTDisable</name>
         <value>0x30e9</value>
         <object_component_ref idref="oc-24e"/>
      </symbol>
      <symbol id="sm-2cf">
         <name>UARTCharsAvail</name>
         <value>0x3309</value>
         <object_component_ref idref="oc-d9"/>
      </symbol>
      <symbol id="sm-2d0">
         <name>UARTCharPut</name>
         <value>0x3347</value>
         <object_component_ref idref="oc-f1"/>
      </symbol>
      <symbol id="sm-2d1">
         <name>UARTEnable</name>
         <value>0x3281</value>
         <object_component_ref idref="oc-164"/>
      </symbol>
      <symbol id="sm-2d2">
         <name>UARTCharGet</name>
         <value>0x333d</value>
         <object_component_ref idref="oc-df"/>
      </symbol>
      <symbol id="sm-2dc">
         <name>CPUcpsie</name>
         <value>0x3325</value>
         <object_component_ref idref="oc-21b"/>
      </symbol>
      <symbol id="sm-322">
         <name>LCDStartUp</name>
         <value>0x14ed</value>
         <object_component_ref idref="oc-e5"/>
      </symbol>
      <symbol id="sm-323">
         <name>displaycontrol</name>
         <value>0x200004a8</value>
         <object_component_ref idref="oc-202"/>
      </symbol>
      <symbol id="sm-324">
         <name>LCDDisplay</name>
         <value>0x1673</value>
         <object_component_ref idref="oc-e5"/>
      </symbol>
      <symbol id="sm-325">
         <name>LCDnoCrusor</name>
         <value>0x16b5</value>
         <object_component_ref idref="oc-e5"/>
      </symbol>
      <symbol id="sm-326">
         <name>LCDSetup</name>
         <value>0x1541</value>
         <object_component_ref idref="oc-e5"/>
      </symbol>
      <symbol id="sm-327">
         <name>LCDHome</name>
         <value>0x1669</value>
         <object_component_ref idref="oc-e5"/>
      </symbol>
      <symbol id="sm-328">
         <name>LCDnoDisplay</name>
         <value>0x1689</value>
         <object_component_ref idref="oc-e5"/>
      </symbol>
      <symbol id="sm-329">
         <name>LCDCommandWrite</name>
         <value>0x14c9</value>
         <object_component_ref idref="oc-e5"/>
      </symbol>
      <symbol id="sm-32a">
         <name>delayUs</name>
         <value>0x143f</value>
         <object_component_ref idref="oc-e5"/>
      </symbol>
      <symbol id="sm-32b">
         <name>LCDBlink</name>
         <value>0x16d1</value>
         <object_component_ref idref="oc-e5"/>
      </symbol>
      <symbol id="sm-32c">
         <name>LCDCrusor</name>
         <value>0x169f</value>
         <object_component_ref idref="oc-e5"/>
      </symbol>
      <symbol id="sm-32d">
         <name>LCDsetCrusor</name>
         <value>0x15fd</value>
         <object_component_ref idref="oc-e5"/>
      </symbol>
      <symbol id="sm-32e">
         <name>PulseEnable</name>
         <value>0x1451</value>
         <object_component_ref idref="oc-e5"/>
      </symbol>
      <symbol id="sm-32f">
         <name>delayMs</name>
         <value>0x142b</value>
         <object_component_ref idref="oc-e5"/>
      </symbol>
      <symbol id="sm-330">
         <name>LCDClear</name>
         <value>0x165f</value>
         <object_component_ref idref="oc-e5"/>
      </symbol>
      <symbol id="sm-331">
         <name>LCDnoBlink</name>
         <value>0x16e7</value>
         <object_component_ref idref="oc-e5"/>
      </symbol>
      <symbol id="sm-332">
         <name>LCDWrite</name>
         <value>0x14db</value>
         <object_component_ref idref="oc-e5"/>
      </symbol>
      <symbol id="sm-333">
         <name>LCDPrint</name>
         <value>0x157f</value>
         <object_component_ref idref="oc-e5"/>
      </symbol>
      <symbol id="sm-334">
         <name>DelayFunction</name>
         <value>0x13c1</value>
         <object_component_ref idref="oc-e5"/>
      </symbol>
      <symbol id="sm-335">
         <name>waitus</name>
         <value>0x13b9</value>
         <object_component_ref idref="oc-e5"/>
      </symbol>
      <symbol id="sm-336">
         <name>Send</name>
         <value>0x1485</value>
         <object_component_ref idref="oc-e5"/>
      </symbol>
      <symbol id="sm-337">
         <name>flag</name>
         <value>0x200004ac</value>
         <object_component_ref idref="oc-202"/>
      </symbol>
      <symbol id="sm-366">
         <name>vsnprintf</name>
         <value>0x2f15</value>
         <object_component_ref idref="oc-1fc"/>
      </symbol>
      <symbol id="sm-37d">
         <name>__aeabi_dsub</name>
         <value>0x1b55</value>
         <object_component_ref idref="oc-106"/>
      </symbol>
      <symbol id="sm-37e">
         <name>__aeabi_dadd</name>
         <value>0x1b5f</value>
         <object_component_ref idref="oc-106"/>
      </symbol>
      <symbol id="sm-392">
         <name>__aeabi_ddiv</name>
         <value>0x1fb5</value>
         <object_component_ref idref="oc-101"/>
      </symbol>
      <symbol id="sm-39d">
         <name>__aeabi_dmul</name>
         <value>0x2439</value>
         <object_component_ref idref="oc-fc"/>
      </symbol>
      <symbol id="sm-3a7">
         <name>__aeabi_d2iz</name>
         <value>0x2e41</value>
         <object_component_ref idref="oc-10b"/>
      </symbol>
      <symbol id="sm-3c2">
         <name>memcpy</name>
         <value>0x26db</value>
         <object_component_ref idref="oc-3b"/>
      </symbol>
      <symbol id="sm-3c3">
         <name>__aeabi_memcpy</name>
         <value>0x26db</value>
         <object_component_ref idref="oc-3b"/>
      </symbol>
      <symbol id="sm-3c4">
         <name>__aeabi_memcpy8</name>
         <value>0x26db</value>
         <object_component_ref idref="oc-3b"/>
      </symbol>
      <symbol id="sm-3c5">
         <name>__aeabi_memcpy4</name>
         <value>0x26db</value>
         <object_component_ref idref="oc-3b"/>
      </symbol>
      <symbol id="sm-3cf">
         <name>__aeabi_ui2d</name>
         <value>0x3109</value>
         <object_component_ref idref="oc-f7"/>
      </symbol>
      <symbol id="sm-3e8">
         <name>__TI_zero_init_nomemset</name>
         <value>0x3165</value>
         <object_component_ref idref="oc-47"/>
      </symbol>
      <symbol id="sm-3ff">
         <name>__TI_decompress_none</name>
         <value>0x3317</value>
         <object_component_ref idref="oc-1b"/>
      </symbol>
      <symbol id="sm-422">
         <name>__TI_decompress_lzss</name>
         <value>0x2ae5</value>
         <object_component_ref idref="oc-15"/>
      </symbol>
      <symbol id="sm-435">
         <name>__stack</name>
         <value>0x20000270</value>
         <object_component_ref idref="oc-24"/>
      </symbol>
      <symbol id="sm-436">
         <name>_c_int00_noargs</name>
         <value>0x2ffd</value>
         <object_component_ref idref="oc-59"/>
      </symbol>
      <symbol id="sm-59b">
         <name>__TI_printfi</name>
         <value>0x26d</value>
         <object_component_ref idref="oc-291"/>
      </symbol>
      <symbol id="sm-5bd">
         <name>__aeabi_cdcmpeq</name>
         <value>0x280d</value>
         <object_component_ref idref="oc-315"/>
      </symbol>
      <symbol id="sm-5be">
         <name>__aeabi_cdcmple</name>
         <value>0x280d</value>
         <object_component_ref idref="oc-315"/>
      </symbol>
      <symbol id="sm-5bf">
         <name>__aeabi_cdrcmple</name>
         <value>0x2893</value>
         <object_component_ref idref="oc-377"/>
      </symbol>
      <symbol id="sm-5c9">
         <name>__aeabi_i2d</name>
         <value>0x308f</value>
         <object_component_ref idref="oc-382"/>
      </symbol>
      <symbol id="sm-5d8">
         <name>__aeabi_memset</name>
         <value>0x2995</value>
         <object_component_ref idref="oc-8f"/>
      </symbol>
      <symbol id="sm-5d9">
         <name>memset</name>
         <value>0x299b</value>
         <object_component_ref idref="oc-8f"/>
      </symbol>
      <symbol id="sm-5da">
         <name>__aeabi_memset8</name>
         <value>0x2995</value>
         <object_component_ref idref="oc-8f"/>
      </symbol>
      <symbol id="sm-5db">
         <name>__aeabi_memset4</name>
         <value>0x2995</value>
         <object_component_ref idref="oc-8f"/>
      </symbol>
      <symbol id="sm-5dc">
         <name>__aeabi_memclr8</name>
         <value>0x2993</value>
         <object_component_ref idref="oc-8f"/>
      </symbol>
      <symbol id="sm-5dd">
         <name>__aeabi_memclr4</name>
         <value>0x2993</value>
         <object_component_ref idref="oc-8f"/>
      </symbol>
      <symbol id="sm-5de">
         <name>__aeabi_memclr</name>
         <value>0x2993</value>
         <object_component_ref idref="oc-8f"/>
      </symbol>
      <symbol id="sm-5eb">
         <name>__aeabi_uldivmod</name>
         <value>0x2777</value>
         <object_component_ref idref="oc-370"/>
      </symbol>
      <symbol id="sm-613">
         <name>__TI_auto_init_nobinit_nopinit</name>
         <value>0x2ed1</value>
         <object_component_ref idref="oc-19e"/>
      </symbol>
      <symbol id="sm-61d">
         <name>_system_pre_init</name>
         <value>0x3371</value>
         <object_component_ref idref="oc-95"/>
      </symbol>
      <symbol id="sm-629">
         <name>C$$EXIT</name>
         <value>0x3375</value>
         <object_component_ref idref="oc-192"/>
      </symbol>
      <symbol id="sm-62a">
         <name>abort</name>
         <value>0x3375</value>
         <object_component_ref idref="oc-192"/>
      </symbol>
      <symbol id="sm-63a">
         <name>__TI_ltoa</name>
         <value>0x2c67</value>
         <object_component_ref idref="oc-37c"/>
      </symbol>
      <symbol id="sm-651">
         <name>atoi</name>
         <value>0x2df5</value>
         <object_component_ref idref="oc-309"/>
      </symbol>
      <symbol id="sm-65c">
         <name>_ctypes_</name>
         <value>0x3378</value>
         <object_component_ref idref="oc-36b"/>
      </symbol>
      <symbol id="sm-66c">
         <name>memccpy</name>
         <value>0x3181</value>
         <object_component_ref idref="oc-332"/>
      </symbol>
      <symbol id="sm-67c">
         <name>strchr</name>
         <value>0x322f</value>
         <object_component_ref idref="oc-3ae"/>
      </symbol>
      <symbol id="sm-68a">
         <name>strlen</name>
         <value>0x3295</value>
         <object_component_ref idref="oc-303"/>
      </symbol>
      <symbol id="sm-6a0">
         <name>__aeabi_errno_addr</name>
         <value>0x3359</value>
         <object_component_ref idref="oc-33e"/>
      </symbol>
      <symbol id="sm-6a1">
         <name>errno</name>
         <value>0x200004b0</value>
         <object_component_ref idref="oc-3be"/>
      </symbol>
      <symbol id="sm-6ba">
         <name>wcslen</name>
         <value>0x32bb</value>
         <object_component_ref idref="oc-338"/>
      </symbol>
      <symbol id="sm-6da">
         <name>frexpl</name>
         <value>0x2b4d</value>
         <object_component_ref idref="oc-3a2"/>
      </symbol>
      <symbol id="sm-6db">
         <name>frexp</name>
         <value>0x2b4d</value>
         <object_component_ref idref="oc-3a2"/>
      </symbol>
      <symbol id="sm-6f8">
         <name>scalbn</name>
         <value>0x2329</value>
         <object_component_ref idref="oc-3a8"/>
      </symbol>
      <symbol id="sm-6f9">
         <name>scalbnl</name>
         <value>0x2329</value>
         <object_component_ref idref="oc-3a8"/>
      </symbol>
      <symbol id="sm-6fa">
         <name>ldexpl</name>
         <value>0x2329</value>
         <object_component_ref idref="oc-3a8"/>
      </symbol>
      <symbol id="sm-6fb">
         <name>ldexp</name>
         <value>0x2329</value>
         <object_component_ref idref="oc-3a8"/>
      </symbol>
      <symbol id="sm-705">
         <name>__aeabi_idiv0</name>
         <value>0xcbb</value>
         <object_component_ref idref="oc-3d6"/>
      </symbol>
      <symbol id="sm-706">
         <name>__aeabi_ldiv0</name>
         <value>0xcbb</value>
         <object_component_ref idref="oc-3d6"/>
      </symbol>
      <symbol id="sm-710">
         <name>copysign</name>
         <value>0x31b7</value>
         <object_component_ref idref="oc-3eb"/>
      </symbol>
      <symbol id="sm-711">
         <name>copysignl</name>
         <value>0x31b7</value>
         <object_component_ref idref="oc-3eb"/>
      </symbol>
      <symbol id="sm-748">
         <name>SysTickEnable</name>
         <value>0x3259</value>
         <object_component_ref idref="oc-1e4"/>
      </symbol>
      <symbol id="sm-749">
         <name>SysTickIntRegister</name>
         <value>0x3149</value>
         <object_component_ref idref="oc-1f0"/>
      </symbol>
      <symbol id="sm-74a">
         <name>SysTickIntEnable</name>
         <value>0x326d</value>
         <object_component_ref idref="oc-1ea"/>
      </symbol>
      <symbol id="sm-74b">
         <name>SysTickPeriodSet</name>
         <value>0x32dd</value>
         <object_component_ref idref="oc-1de"/>
      </symbol>
      <symbol id="sm-74c">
         <name>SysTickDisable</name>
         <value>0x3245</value>
         <object_component_ref idref="oc-1f6"/>
      </symbol>
      <symbol id="sm-74d">
         <name>__TI_static_base__</name>
         <value>0x0</value>
      </symbol>
      <symbol id="sm-750">
         <name>__mpu_init</name>
         <value>0x0</value>
      </symbol>
      <symbol id="sm-751">
         <name>_system_post_cinit</name>
         <value>0x0</value>
      </symbol>
   </symbol_table>
   <title>Link successful</title>
</link_info>
