******************************************************************************
                  TI ARM Linker PC v20.2.7                     
******************************************************************************
>> Linked Mon Dec 11 18:09:37 2023

OUTPUT FILE NAME:   <004_SharpDevolp2.out>
ENTRY POINT SYMBOL: "_c_int00_noargs"  address: 00002ffd


MEMORY CONFIGURATION

         name            origin    length      used     unused   attr    fill
----------------------  --------  ---------  --------  --------  ----  --------
  FLASH                 00000000   00040000  00003684  0003c97c  R  X
  SRAM                  20000000   00008000  000004ae  00007b52  RW X


SEGMENT ALLOCATION MAP

run origin  load origin   length   init length attrs members
----------  ----------- ---------- ----------- ----- -------
00000000    00000000    00003688   00003688    r-x
  00000000    00000000    0000026c   0000026c    r-- .intvecs
  0000026c    0000026c    0000310c   0000310c    r-x .text
  00003378    00003378    000002bc   000002bc    r-- .const
  00003638    00003638    00000050   00000050    r-- .cinit
20000000    20000000    000004b4   00000000    rw-
  20000000    20000000    0000026c   00000000    rw- .vtable
  20000270    20000270    00000200   00000000    rw- .stack
  20000470    20000470    0000002a   00000000    rw- .bss
  2000049c    2000049c    00000018   00000000    rw- .data


SECTION ALLOCATION MAP

 output                                  attributes/
section   page    origin      length       input sections
--------  ----  ----------  ----------   ----------------
.intvecs   0    00000000    0000026c     
                  00000000    0000026c     tm4c123gh6pm_startup_ccs.obj (.intvecs)

.text      0    0000026c    0000310c     
                  0000026c    00000a4e     rtsv7M4_T_le_v4SPD16_eabi.lib : _printfi.c.obj (.text:__TI_printfi)
                  00000cba    00000002                                   : div0.asm.obj (.text)
                  00000cbc    000006fc     004_SharpDevolp2.obj (.text)
                  000013b8    0000035c     000_LiquidCrystal1602.lib : LiquidCrystal1602.obj (.text)
                  00001714    00000270     rtsv7M4_T_le_v4SPD16_eabi.lib : _printfi.c.obj (.text:_pconv_a)
                  00001984    000001d0                                   : _printfi.c.obj (.text:_pconv_g)
                  00001b54    000001b6                                   : fd_add_t2.asm.obj (.text)
                  00001d0a    00000002     --HOLE-- [fill = 0]
                  00001d0c    0000016c     driverlib.lib : gpio.obj (.text:GPIOPadConfigSet)
                  00001e78    0000013c     rtsv7M4_T_le_v4SPD16_eabi.lib : _printfi.c.obj (.text:_pconv_e)
                  00001fb4    00000136                                   : fd_div_t2.asm.obj (.text)
                  000020ea    00000002     --HOLE-- [fill = 0]
                  000020ec    00000124                                   : _printfi.c.obj (.text:fcvt)
                  00002210    00000118     driverlib.lib : sysctl.obj (.text:SysCtlClockGet)
                  00002328    00000110     rtsv7M4_T_le_v4SPD16_eabi.lib : s_scalbn.c.obj (.text:scalbn)
                  00002438    000000fc                                   : fd_mul_t2.asm.obj (.text)
                  00002534    000000f4     driverlib.lib : sysctl.obj (.text:SysCtlClockSet)
                  00002628    000000b1     rtsv7M4_T_le_v4SPD16_eabi.lib : _printfi.c.obj (.text:_ltostr)
                  000026d9    00000001     --HOLE-- [fill = 0]
                  000026da    0000009c                                   : memcpy_t2.asm.obj (.text)
                  00002776    00000096                                   : ull_div_t2.asm.obj (.text)
                  0000280c    00000086                                   : fd_cmp_t2.asm.obj (.text:__aeabi_cdcmple)
                  00002892    00000086                                   : fd_cmp_t2.asm.obj (.text:__aeabi_cdrcmple)
                  00002918    0000007a     driverlib.lib : adc.obj (.text:ADCSequenceStepConfigure)
                  00002992    0000007a     rtsv7M4_T_le_v4SPD16_eabi.lib : memset_t2.asm.obj (.text)
                  00002a0c    0000006e                                   : _printfi.c.obj (.text:_mcpy)
                  00002a7a    00000002     --HOLE-- [fill = 0]
                  00002a7c    00000068     driverlib.lib : interrupt.obj (.text:IntEnable)
                  00002ae4    00000068     rtsv7M4_T_le_v4SPD16_eabi.lib : copy_decompress_lzss.c.obj (.text:decompress:lzss:__TI_decompress_lzss)
                  00002b4c    00000064                                   : s_frexp.c.obj (.text:frexp)
                  00002bb0    00000060     driverlib.lib : timer.obj (.text:TimerConfigure)
                  00002c10    00000056     rtsv7M4_T_le_v4SPD16_eabi.lib : _printfi.c.obj (.text:_pconv_f)
                  00002c66    00000054                                   : _ltoa.c.obj (.text:__TI_ltoa)
                  00002cba    00000052                                   : _printfi.c.obj (.text:_ecpy)
                  00002d0c    0000004e     driverlib.lib : adc.obj (.text:ADCSequenceConfigure)
                  00002d5a    00000002     --HOLE-- [fill = 0]
                  00002d5c    0000004c                   : gpio.obj (.text:GPIOPinConfigure)
                  00002da8    0000004c                   : timer.obj (.text:_TimerIntNumberGet)
                  00002df4    0000004c     rtsv7M4_T_le_v4SPD16_eabi.lib : atoi.c.obj (.text:atoi)
                  00002e40    00000048                                   : fd_toi_t2.asm.obj (.text)
                  00002e88    00000046     driverlib.lib : uart.obj (.text:UARTConfigSetExpClk)
                  00002ece    00000002     --HOLE-- [fill = 0]
                  00002ed0    00000044     rtsv7M4_T_le_v4SPD16_eabi.lib : autoinit.c.obj (.text:__TI_auto_init_nobinit_nopinit:__TI_auto_init_nobinit_nopinit)
                  00002f14    00000040                                   : vsnprintf.c.obj (.text:vsnprintf)
                  00002f54    0000003e                                   : _printfi.c.obj (.text:_fcpy)
                  00002f92    00000002     --HOLE-- [fill = 0]
                  00002f94    00000034     driverlib.lib : interrupt.obj (.text:IntRegister)
                  00002fc8    00000034                   : sysctl.obj (.text:SysCtlPeripheralEnable)
                  00002ffc    00000034     rtsv7M4_T_le_v4SPD16_eabi.lib : boot_cortex_m.c.obj (.text:_c_int00_noargs:_c_int00_noargs)
                  00003030    00000030                                   : vsnprintf.c.obj (.text:_outs)
                  00003060    0000002e     driverlib.lib : adc.obj (.text:ADCIntStatus)
                  0000308e    0000002e     rtsv7M4_T_le_v4SPD16_eabi.lib : i_tofd_t2.asm.obj (.text)
                  000030bc    0000002c     driverlib.lib : gpio.obj (.text:GPIODirModeSet)
                  000030e8    00000020                   : uart.obj (.text:UARTDisable)
                  00003108    00000020     rtsv7M4_T_le_v4SPD16_eabi.lib : u_tofd_t2.asm.obj (.text)
                  00003128    0000001e     driverlib.lib : adc.obj (.text:ADCSequenceDataGet)
                  00003146    00000002     --HOLE-- [fill = 0]
                  00003148    0000001c                   : systick.obj (.text:SysTickIntRegister)
                  00003164    0000001c     rtsv7M4_T_le_v4SPD16_eabi.lib : copy_zero_init.c.obj (.text:decompress:ZI:__TI_zero_init_nomemset:__TI_zero_init_nomemset)
                  00003180    0000001c                                   : memccpy.c.obj (.text:memccpy)
                  0000319c    0000001a     driverlib.lib : gpio.obj (.text:GPIOPinTypeGPIOOutput)
                  000031b6    0000001a     rtsv7M4_T_le_v4SPD16_eabi.lib : s_copysign.c.obj (.text:copysign)
                  000031d0    00000018     driverlib.lib : adc.obj (.text:ADCProcessorTrigger)
                  000031e8    00000018                   : timer.obj (.text:TimerIntRegister)
                  00003200    00000018     rtsv7M4_T_le_v4SPD16_eabi.lib : vsnprintf.c.obj (.text:_outc)
                  00003218    00000016     driverlib.lib : gpio.obj (.text:GPIOPinTypeUART)
                  0000322e    00000016     rtsv7M4_T_le_v4SPD16_eabi.lib : strchr.c.obj (.text:strchr)
                  00003244    00000014     driverlib.lib : systick.obj (.text:SysTickDisable)
                  00003258    00000014                   : systick.obj (.text:SysTickEnable)
                  0000326c    00000014                   : systick.obj (.text:SysTickIntEnable)
                  00003280    00000014                   : uart.obj (.text:UARTEnable)
                  00003294    00000014     rtsv7M4_T_le_v4SPD16_eabi.lib : strlen.c.obj (.text:strlen)
                  000032a8    00000012     driverlib.lib : timer.obj (.text:TimerLoadSet)
                  000032ba    00000012     rtsv7M4_T_le_v4SPD16_eabi.lib : wcslen.c.obj (.text:wcslen)
                  000032cc    00000010     driverlib.lib : interrupt.obj (.text:IntMasterEnable)
                  000032dc    00000010                   : systick.obj (.text:SysTickPeriodSet)
                  000032ec    0000000e                   : adc.obj (.text:ADCSequenceEnable)
                  000032fa    0000000e                   : timer.obj (.text:TimerEnable)
                  00003308    0000000e                   : uart.obj (.text:UARTCharsAvail)
                  00003316    0000000e     rtsv7M4_T_le_v4SPD16_eabi.lib : copy_decompress_none.c.obj (.text:decompress:none:__TI_decompress_none)
                  00003324    0000000c     driverlib.lib : cpu.obj (.text:CPUcpsie)
                  00003330    0000000c     tm4c123gh6pm_startup_ccs.obj (.text)
                  0000333c    0000000a     driverlib.lib : uart.obj (.text:UARTCharGet)
                  00003346    0000000a                   : uart.obj (.text:UARTCharPut)
                  00003350    00000008                   : timer.obj (.text:TimerIntEnable)
                  00003358    00000008     rtsv7M4_T_le_v4SPD16_eabi.lib : errno.c.obj (.text:__aeabi_errno_addr)
                  00003360    00000006     driverlib.lib : gpio.obj (.text:GPIOPinWrite)
                  00003366    00000006                   : sysctl.obj (.text:SysCtlDelay)
                  0000336c    00000004                   : timer.obj (.text:TimerIntClear)
                  00003370    00000004     rtsv7M4_T_le_v4SPD16_eabi.lib : pre_init.c.obj (.text:_system_pre_init)
                  00003374    00000004                                   : exit.c.obj (.text:abort:abort)

.const     0    00003378    000002bc     
                  00003378    00000101     rtsv7M4_T_le_v4SPD16_eabi.lib : ctype.c.obj (.const:.string:_ctypes_)
                  00003479    00000003     --HOLE-- [fill = 0]
                  0000347c    00000090     driverlib.lib : gpio.obj (.const:g_pui32GPIOBaseAddrs)
                  0000350c    0000006c                   : sysctl.obj (.const:g_pui32Xtals)
                  00003578    00000060                   : timer.obj (.const:g_ppui32TimerIntMap)
                  000035d8    00000040                   : timer.obj (.const:g_ppui32TimerIntMapSnowflake)
                  00003618    00000014                   : interrupt.obj (.const:g_pui32EnRegs)
                  0000362c    00000008     000_LiquidCrystal1602.lib : LiquidCrystal1602.obj (.const:$P$T0$1)

.cinit     0    00003638    00000050     
                  00003638    00000018     (.cinit..data.load) [load image, compression = lzss]
                  00003650    0000000c     (__TI_handler_table)
                  0000365c    00000004     --HOLE-- [fill = 0]
                  00003660    00000008     (.cinit..bss.load) [load image, compression = zero_init]
                  00003668    00000008     (.cinit..vtable.load) [load image, compression = zero_init]
                  00003670    00000018     (__TI_cinit_table)

.init_array 
*          0    00000000    00000000     UNINITIALIZED

.vtable    0    20000000    0000026c     UNINITIALIZED
                  20000000    0000026c     driverlib.lib : interrupt.obj (.vtable)

.bss       0    20000470    0000002a     UNINITIALIZED
                  20000470    00000010     (.common:ADCData)
                  20000480    00000010     (.common:receivedData)
                  20000490    00000002     (.common:TemperatureAverage)
                  20000492    00000002     (.common:TemperatureValueC)
                  20000494    00000001     (.common:dakikaBirler)
                  20000495    00000001     (.common:dakikaOnlar)
                  20000496    00000001     (.common:saatBirler)
                  20000497    00000001     (.common:saatOnlar)
                  20000498    00000001     (.common:saniyeBirler)
                  20000499    00000001     (.common:saniyeOnlar)

.data      0    2000049c    00000018     UNINITIALIZED
                  2000049c    0000000c     004_SharpDevolp2.obj (.data)
                  200004a8    00000005     000_LiquidCrystal1602.lib : LiquidCrystal1602.obj (.data)
                  200004ad    00000003     --HOLE--
                  200004b0    00000004     rtsv7M4_T_le_v4SPD16_eabi.lib : errno.c.obj (.data)

.stack     0    20000270    00000200     UNINITIALIZED
                  20000270    00000004     rtsv7M4_T_le_v4SPD16_eabi.lib : boot_cortex_m.c.obj (.stack)
                  20000274    000001fc     --HOLE--

__llvm_prf_cnts 
*          0    20000000    00000000     UNINITIALIZED

MODULE SUMMARY

       Module                         code    ro data   rw data
       ------                         ----    -------   -------
    .\
       004_SharpDevolp2.obj           1788    0         54     
       tm4c123gh6pm_startup_ccs.obj   12      620       0      
    +--+------------------------------+-------+---------+---------+
       Total:                         1800    620       54     
                                                               
    C:/Users/sm/Desktop/alan/000_LiquidCrystal1602/Debug/000_LiquidCrystal1602.lib
       LiquidCrystal1602.obj          860     8         5      
    +--+------------------------------+-------+---------+---------+
       Total:                         860     8         5      
                                                               
    C:/ti/TivaWare_C_Series-2.2.0.295/driverlib/ccs/Debug/driverlib.lib
       interrupt.obj                  172     20        620    
       sysctl.obj                     582     108       0      
       gpio.obj                       538     144       0      
       timer.obj                      240     160       0      
       adc.obj                        314     0         0      
       uart.obj                       156     0         0      
       systick.obj                    104     0         0      
       cpu.obj                        12      0         0      
    +--+------------------------------+-------+---------+---------+
       Total:                         2118    432       620    
                                                               
    C:\ti\ccs1210\ccs\tools\compiler\ti-cgt-arm_20.2.7.LTS\lib\rtsv7M4_T_le_v4SPD16_eabi.lib
       _printfi.c.obj                 4851    0         0      
       fd_add_t2.asm.obj              438     0         0      
       fd_div_t2.asm.obj              310     0         0      
       s_scalbn.c.obj                 272     0         0      
       fd_cmp_t2.asm.obj              268     0         0      
       ctype.c.obj                    0       257       0      
       fd_mul_t2.asm.obj              252     0         0      
       memcpy_t2.asm.obj              156     0         0      
       ull_div_t2.asm.obj             150     0         0      
       vsnprintf.c.obj                136     0         0      
       memset_t2.asm.obj              122     0         0      
       copy_decompress_lzss.c.obj     104     0         0      
       s_frexp.c.obj                  100     0         0      
       _ltoa.c.obj                    84      0         0      
       atoi.c.obj                     76      0         0      
       fd_toi_t2.asm.obj              72      0         0      
       autoinit.c.obj                 68      0         0      
       boot_cortex_m.c.obj            52      0         0      
       i_tofd_t2.asm.obj              46      0         0      
       u_tofd_t2.asm.obj              32      0         0      
       copy_zero_init.c.obj           28      0         0      
       memccpy.c.obj                  28      0         0      
       s_copysign.c.obj               26      0         0      
       strchr.c.obj                   22      0         0      
       strlen.c.obj                   20      0         0      
       wcslen.c.obj                   18      0         0      
       copy_decompress_none.c.obj     14      0         0      
       errno.c.obj                    8       0         4      
       exit.c.obj                     4       0         0      
       pre_init.c.obj                 4       0         0      
       div0.asm.obj                   2       0         0      
    +--+------------------------------+-------+---------+---------+
       Total:                         7763    257       4      
                                                               
       Stack:                         0       0         512    
       Linker Generated:              0       76        0      
    +--+------------------------------+-------+---------+---------+
       Grand Total:                   12541   1393      1195   


LINKER GENERATED COPY TABLES

__TI_cinit_table @ 00003670 records: 3, size/record: 8, table size: 24
	.data: load addr=00003638, load size=00000018 bytes, run addr=2000049c, run size=00000018 bytes, compression=lzss
	.bss: load addr=00003660, load size=00000008 bytes, run addr=20000470, run size=0000002a bytes, compression=zero_init
	.vtable: load addr=00003668, load size=00000008 bytes, run addr=20000000, run size=0000026c bytes, compression=zero_init


LINKER GENERATED HANDLER TABLE

__TI_handler_table @ 00003650 records: 3, size/record: 4, table size: 12
	index: 0, handler: __TI_zero_init
	index: 1, handler: __TI_decompress_lzss
	index: 2, handler: __TI_decompress_none


GLOBAL SYMBOLS: SORTED ALPHABETICALLY BY Name 

address   name                          
-------   ----                          
0000129b  ADC0Setup                     
20000470  ADCData                       
00003061  ADCIntStatus                  
000031d1  ADCProcessorTrigger           
000012eb  ADCRead                       
00002d0d  ADCSequenceConfigure          
00003129  ADCSequenceDataGet            
000032ed  ADCSequenceEnable             
00002919  ADCSequenceStepConfigure      
00003375  C$$EXIT                       
00003325  CPUcpsie                      
000013c1  DelayFunction                 
000030bd  GPIODirModeSet                
00001d0d  GPIOPadConfigSet              
00002d5d  GPIOPinConfigure              
0000319d  GPIOPinTypeGPIOOutput         
00003219  GPIOPinTypeUART               
00003361  GPIOPinWrite                  
00002a7d  IntEnable                     
000032cd  IntMasterEnable               
00002f95  IntRegister                   
000016d1  LCDBlink                      
0000165f  LCDClear                      
000014c9  LCDCommandWrite               
0000169f  LCDCrusor                     
00001673  LCDDisplay                    
00001669  LCDHome                       
0000157f  LCDPrint                      
00001541  LCDSetup                      
000014ed  LCDStartUp                    
000014db  LCDWrite                      
000016e7  LCDnoBlink                    
000016b5  LCDnoCrusor                   
00001689  LCDnoDisplay                  
000015fd  LCDsetCrusor                  
00001451  PulseEnable                   
00003331  ResetISR                      
00001485  Send                          
000011f9  Setup                         
00002211  SysCtlClockGet                
00002535  SysCtlClockSet                
00003367  SysCtlDelay                   
00002fc9  SysCtlPeripheralEnable        
00003245  SysTickDisable                
00003259  SysTickEnable                 
0000326d  SysTickIntEnable              
00003149  SysTickIntRegister            
000032dd  SysTickPeriodSet              
00001233  TIMERSetup                    
20000490  TemperatureAverage            
20000492  TemperatureValueC             
00002bb1  TimerConfigure                
000032fb  TimerEnable                   
0000336d  TimerIntClear                 
00003351  TimerIntEnable                
000031e9  TimerIntRegister              
000032a9  TimerLoadSet                  
00000d71  TransferClock                 
0000333d  UARTCharGet                   
00003347  UARTCharPut                   
00003309  UARTCharsAvail                
00002e89  UARTConfigSetExpClk           
000030e9  UARTDisable                   
00003281  UARTEnable                    
00000e25  UARTRead                      
00001099  UARTSend                      
00001267  UARTSetup                     
20000470  __STACK_END                   
00000200  __STACK_SIZE                  
20000470  __STACK_TOP                   
00003670  __TI_CINIT_Base               
00003688  __TI_CINIT_Limit              
00003650  __TI_Handler_Table_Base       
0000365c  __TI_Handler_Table_Limit      
00002ed1  __TI_auto_init_nobinit_nopinit
00002ae5  __TI_decompress_lzss          
00003317  __TI_decompress_none          
00002c67  __TI_ltoa                     
ffffffff  __TI_pprof_out_hndl           
0000026d  __TI_printfi                  
ffffffff  __TI_prof_data_size           
ffffffff  __TI_prof_data_start          
00000000  __TI_static_base__            
00003165  __TI_zero_init_nomemset       
0000280d  __aeabi_cdcmpeq               
0000280d  __aeabi_cdcmple               
00002893  __aeabi_cdrcmple              
00002e41  __aeabi_d2iz                  
00001b5f  __aeabi_dadd                  
00001fb5  __aeabi_ddiv                  
00002439  __aeabi_dmul                  
00001b55  __aeabi_dsub                  
00003359  __aeabi_errno_addr            
0000308f  __aeabi_i2d                   
00000cbb  __aeabi_idiv0                 
00000cbb  __aeabi_ldiv0                 
00002993  __aeabi_memclr                
00002993  __aeabi_memclr4               
00002993  __aeabi_memclr8               
000026db  __aeabi_memcpy                
000026db  __aeabi_memcpy4               
000026db  __aeabi_memcpy8               
00002995  __aeabi_memset                
00002995  __aeabi_memset4               
00002995  __aeabi_memset8               
00003109  __aeabi_ui2d                  
00002777  __aeabi_uldivmod              
ffffffff  __binit__                     
ffffffff  __c_args__                    
UNDEFED   __mpu_init                    
20000270  __stack                       
20000000  __start___llvm_prf_cnts       
20000000  __stop___llvm_prf_cnts        
00002ffd  _c_int00_noargs               
00003378  _ctypes_                      
UNDEFED   _system_post_cinit            
00003371  _system_pre_init              
00003375  abort                         
00002df5  atoi                          
ffffffff  binit                         
000031b7  copysign                      
000031b7  copysignl                     
20000494  dakikaBirler                  
20000495  dakikaOnlar                   
0000142b  delayMs                       
0000143f  delayUs                       
200004a8  displaycontrol                
200004b0  errno                         
200004a4  eski_zaman                    
200004ac  flag                          
00002b4d  frexp                         
00002b4d  frexpl                        
20000000  g_pfnRAMVectors               
00000000  g_pfnVectors                  
00000cbd  kesmefonksiyon                
00002329  ldexp                         
00002329  ldexpl                        
2000049c  ledControl                    
000010d5  main                          
00003181  memccpy                       
000026db  memcpy                        
0000299b  memset                        
20000480  receivedData                  
20000496  saatBirler                    
20000497  saatOnlar                     
20000498  saniyeBirler                  
20000499  saniyeOnlar                   
00002329  scalbn                        
00002329  scalbnl                       
0000322f  strchr                        
00003295  strlen                        
00002f15  vsnprintf                     
000013b9  waitus                        
000032bb  wcslen                        
200004a0  zaman                         


GLOBAL SYMBOLS: SORTED BY Symbol Address 

address   name                          
-------   ----                          
00000000  __TI_static_base__            
00000000  g_pfnVectors                  
00000200  __STACK_SIZE                  
0000026d  __TI_printfi                  
00000cbb  __aeabi_idiv0                 
00000cbb  __aeabi_ldiv0                 
00000cbd  kesmefonksiyon                
00000d71  TransferClock                 
00000e25  UARTRead                      
00001099  UARTSend                      
000010d5  main                          
000011f9  Setup                         
00001233  TIMERSetup                    
00001267  UARTSetup                     
0000129b  ADC0Setup                     
000012eb  ADCRead                       
000013b9  waitus                        
000013c1  DelayFunction                 
0000142b  delayMs                       
0000143f  delayUs                       
00001451  PulseEnable                   
00001485  Send                          
000014c9  LCDCommandWrite               
000014db  LCDWrite                      
000014ed  LCDStartUp                    
00001541  LCDSetup                      
0000157f  LCDPrint                      
000015fd  LCDsetCrusor                  
0000165f  LCDClear                      
00001669  LCDHome                       
00001673  LCDDisplay                    
00001689  LCDnoDisplay                  
0000169f  LCDCrusor                     
000016b5  LCDnoCrusor                   
000016d1  LCDBlink                      
000016e7  LCDnoBlink                    
00001b55  __aeabi_dsub                  
00001b5f  __aeabi_dadd                  
00001d0d  GPIOPadConfigSet              
00001fb5  __aeabi_ddiv                  
00002211  SysCtlClockGet                
00002329  ldexp                         
00002329  ldexpl                        
00002329  scalbn                        
00002329  scalbnl                       
00002439  __aeabi_dmul                  
00002535  SysCtlClockSet                
000026db  __aeabi_memcpy                
000026db  __aeabi_memcpy4               
000026db  __aeabi_memcpy8               
000026db  memcpy                        
00002777  __aeabi_uldivmod              
0000280d  __aeabi_cdcmpeq               
0000280d  __aeabi_cdcmple               
00002893  __aeabi_cdrcmple              
00002919  ADCSequenceStepConfigure      
00002993  __aeabi_memclr                
00002993  __aeabi_memclr4               
00002993  __aeabi_memclr8               
00002995  __aeabi_memset                
00002995  __aeabi_memset4               
00002995  __aeabi_memset8               
0000299b  memset                        
00002a7d  IntEnable                     
00002ae5  __TI_decompress_lzss          
00002b4d  frexp                         
00002b4d  frexpl                        
00002bb1  TimerConfigure                
00002c67  __TI_ltoa                     
00002d0d  ADCSequenceConfigure          
00002d5d  GPIOPinConfigure              
00002df5  atoi                          
00002e41  __aeabi_d2iz                  
00002e89  UARTConfigSetExpClk           
00002ed1  __TI_auto_init_nobinit_nopinit
00002f15  vsnprintf                     
00002f95  IntRegister                   
00002fc9  SysCtlPeripheralEnable        
00002ffd  _c_int00_noargs               
00003061  ADCIntStatus                  
0000308f  __aeabi_i2d                   
000030bd  GPIODirModeSet                
000030e9  UARTDisable                   
00003109  __aeabi_ui2d                  
00003129  ADCSequenceDataGet            
00003149  SysTickIntRegister            
00003165  __TI_zero_init_nomemset       
00003181  memccpy                       
0000319d  GPIOPinTypeGPIOOutput         
000031b7  copysign                      
000031b7  copysignl                     
000031d1  ADCProcessorTrigger           
000031e9  TimerIntRegister              
00003219  GPIOPinTypeUART               
0000322f  strchr                        
00003245  SysTickDisable                
00003259  SysTickEnable                 
0000326d  SysTickIntEnable              
00003281  UARTEnable                    
00003295  strlen                        
000032a9  TimerLoadSet                  
000032bb  wcslen                        
000032cd  IntMasterEnable               
000032dd  SysTickPeriodSet              
000032ed  ADCSequenceEnable             
000032fb  TimerEnable                   
00003309  UARTCharsAvail                
00003317  __TI_decompress_none          
00003325  CPUcpsie                      
00003331  ResetISR                      
0000333d  UARTCharGet                   
00003347  UARTCharPut                   
00003351  TimerIntEnable                
00003359  __aeabi_errno_addr            
00003361  GPIOPinWrite                  
00003367  SysCtlDelay                   
0000336d  TimerIntClear                 
00003371  _system_pre_init              
00003375  C$$EXIT                       
00003375  abort                         
00003378  _ctypes_                      
00003650  __TI_Handler_Table_Base       
0000365c  __TI_Handler_Table_Limit      
00003670  __TI_CINIT_Base               
00003688  __TI_CINIT_Limit              
20000000  __start___llvm_prf_cnts       
20000000  __stop___llvm_prf_cnts        
20000000  g_pfnRAMVectors               
20000270  __stack                       
20000470  ADCData                       
20000470  __STACK_END                   
20000470  __STACK_TOP                   
20000480  receivedData                  
20000490  TemperatureAverage            
20000492  TemperatureValueC             
20000494  dakikaBirler                  
20000495  dakikaOnlar                   
20000496  saatBirler                    
20000497  saatOnlar                     
20000498  saniyeBirler                  
20000499  saniyeOnlar                   
2000049c  ledControl                    
200004a0  zaman                         
200004a4  eski_zaman                    
200004a8  displaycontrol                
200004ac  flag                          
200004b0  errno                         
ffffffff  __TI_pprof_out_hndl           
ffffffff  __TI_prof_data_size           
ffffffff  __TI_prof_data_start          
ffffffff  __binit__                     
ffffffff  __c_args__                    
ffffffff  binit                         
UNDEFED   __mpu_init                    
UNDEFED   _system_post_cinit            

[155 symbols]
