******************************************************************************
                  TI ARM Linker PC v20.2.7                     
******************************************************************************
>> Linked Mon Nov 13 13:25:46 2023

OUTPUT FILE NAME:   <06_hafta_6.1_timer.out>
ENTRY POINT SYMBOL: "_c_int00_noargs"  address: 00002219


MEMORY CONFIGURATION

         name            origin    length      used     unused   attr    fill
----------------------  --------  ---------  --------  --------  ----  --------
  FLASH                 00000000   00040000  0000288e  0003d772  R  X
  SRAM                  20000000   00008000  00000479  00007b87  RW X


SEGMENT ALLOCATION MAP

run origin  load origin   length   init length attrs members
----------  ----------- ---------- ----------- ----- -------
00000000    00000000    00002890   00002890    r-x
  00000000    00000000    0000026c   0000026c    r-- .intvecs
  0000026c    0000026c    0000209e   0000209e    r-x .text
  0000230c    0000230c    00000544   00000544    r-- .const
  00002850    00002850    00000040   00000040    r-- .cinit
20000000    20000000    0000047d   00000000    rw-
  20000000    20000000    0000026c   00000000    rw- .vtable
  20000270    20000270    00000200   00000000    rw- .stack
  20000470    20000470    00000008   00000000    rw- .data
  20000478    20000478    00000005   00000000    rw- .bss


SECTION ALLOCATION MAP

 output                                  attributes/
section   page    origin      length       input sections
--------  ----  ----------  ----------   ----------------
.intvecs   0    00000000    0000026c     
                  00000000    0000026c     tm4c123gh6pm_startup_ccs.obj (.intvecs)

.text      0    0000026c    0000209e     
                  0000026c    00001cb4     main.obj (.text)
                  00001f20    0000009c     rtsv7M4_T_le_v4SPD16_eabi.lib : memcpy_t2.asm.obj (.text)
                  00001fbc    00000068     driverlib.lib : interrupt.obj (.text:IntDisable)
                  00002024    00000068                   : interrupt.obj (.text:IntEnable)
                  0000208c    00000068     rtsv7M4_T_le_v4SPD16_eabi.lib : copy_decompress_lzss.c.obj (.text:decompress:lzss:__TI_decompress_lzss)
                  000020f4    00000060     driverlib.lib : timer.obj (.text:TimerConfigure)
                  00002154    0000004c                   : timer.obj (.text:_TimerIntNumberGet)
                  000021a0    00000044     rtsv7M4_T_le_v4SPD16_eabi.lib : autoinit.c.obj (.text:__TI_auto_init_nobinit_nopinit:__TI_auto_init_nobinit_nopinit)
                  000021e4    00000034     driverlib.lib : interrupt.obj (.text:IntRegister)
                  00002218    00000034     rtsv7M4_T_le_v4SPD16_eabi.lib : boot_cortex_m.c.obj (.text:_c_int00_noargs:_c_int00_noargs)
                  0000224c    0000001c                                   : copy_zero_init.c.obj (.text:decompress:ZI:__TI_zero_init_nomemset:__TI_zero_init_nomemset)
                  00002268    00000018     driverlib.lib : timer.obj (.text:TimerIntRegister)
                  00002280    00000014                   : interrupt.obj (.text:IntUnregister)
                  00002294    00000012                   : timer.obj (.text:TimerLoadSet)
                  000022a6    00000010                   : interrupt.obj (.text:IntMasterEnable)
                  000022b6    0000000e                   : timer.obj (.text:TimerEnable)
                  000022c4    0000000e     rtsv7M4_T_le_v4SPD16_eabi.lib : copy_decompress_none.c.obj (.text:decompress:none:__TI_decompress_none)
                  000022d2    0000000c     driverlib.lib : cpu.obj (.text:CPUcpsie)
                  000022de    0000000c     tm4c123gh6pm_startup_ccs.obj (.text)
                  000022ea    00000008     driverlib.lib : timer.obj (.text:TimerIntEnable)
                  000022f2    00000006     main.obj (.text:SysCtlDelay)
                  000022f8    00000004     driverlib.lib : cpu.obj (.text:CPUwfi)
                  000022fc    00000004                   : timer.obj (.text:TimerIntClear)
                  00002300    00000004     rtsv7M4_T_le_v4SPD16_eabi.lib : pre_init.c.obj (.text:_system_pre_init)
                  00002304    00000004                                   : exit.c.obj (.text:abort:abort)
                  00002308    00000002     driverlib.lib : interrupt.obj (.text:_IntDefaultHandler)

.const     0    0000230c    00000544     
                  0000230c    000001b0     main.obj (.const:g_pppui32XTALtoVCO)
                  000024bc    000000d8     main.obj (.const:g_ppui32GPIOIntMapSnowflake)
                  00002594    000000c0     main.obj (.const:g_ppui32GPIOIntMapBlizzard)
                  00002654    00000090     main.obj (.const:g_pui32GPIOBaseAddrs)
                  000026e4    0000006c     main.obj (.const:g_pui32Xtals)
                  00002750    00000060     driverlib.lib : timer.obj (.const:g_ppui32TimerIntMap)
                  000027b0    00000040                   : timer.obj (.const:g_ppui32TimerIntMapSnowflake)
                  000027f0    00000030     main.obj (.const:g_sXTALtoMEMTIM)
                  00002820    00000014     driverlib.lib : interrupt.obj (.const:g_pui32Dii16Regs)
                  00002834    00000014                   : interrupt.obj (.const:g_pui32EnRegs)
                  00002848    00000008     main.obj (.const:g_pui32VCOFrequencies)

.cinit     0    00002850    00000040     
                  00002850    0000000c     (__TI_handler_table)
                  0000285c    0000000b     (.cinit..data.load) [load image, compression = lzss]
                  00002867    00000001     --HOLE-- [fill = 0]
                  00002868    00000008     (.cinit..bss.load) [load image, compression = zero_init]
                  00002870    00000008     (.cinit..vtable.load) [load image, compression = zero_init]
                  00002878    00000018     (__TI_cinit_table)

.init_array 
*          0    00000000    00000000     UNINITIALIZED

.vtable    0    20000000    0000026c     UNINITIALIZED
                  20000000    0000026c     driverlib.lib : interrupt.obj (.vtable)

.data      0    20000470    00000008     UNINITIALIZED
                  20000470    00000008     main.obj (.data)

.bss       0    20000478    00000005     UNINITIALIZED
                  20000478    00000001     (.common:dakikaBirler)
                  20000479    00000001     (.common:dakikaOnlar)
                  2000047a    00000001     (.common:saatGstr)
                  2000047b    00000001     (.common:saniyeBirler)
                  2000047c    00000001     (.common:saniyeOnlar)

.stack     0    20000270    00000200     UNINITIALIZED
                  20000270    00000004     rtsv7M4_T_le_v4SPD16_eabi.lib : boot_cortex_m.c.obj (.stack)
                  20000274    000001fc     --HOLE--

__llvm_prf_cnts 
*          0    20000000    00000000     UNINITIALIZED

MODULE SUMMARY

       Module                         code   ro data   rw data
       ------                         ----   -------   -------
    .\
       main.obj                       7354   1148      13     
       tm4c123gh6pm_startup_ccs.obj   12     620       0      
    +--+------------------------------+------+---------+---------+
       Total:                         7366   1768      13     
                                                              
    C:/ti/TivaWare_C_Series-2.2.0.295/driverlib/ccs/Debug/driverlib.lib
       interrupt.obj                  298    40        620    
       timer.obj                      240    160       0      
       cpu.obj                        16     0         0      
    +--+------------------------------+------+---------+---------+
       Total:                         554    200       620    
                                                              
    D:\Programlar\ss\ccs\tools\compiler\ti-cgt-arm_20.2.7.LTS\lib\rtsv7M4_T_le_v4SPD16_eabi.lib
       memcpy_t2.asm.obj              156    0         0      
       copy_decompress_lzss.c.obj     104    0         0      
       autoinit.c.obj                 68     0         0      
       boot_cortex_m.c.obj            52     0         0      
       copy_zero_init.c.obj           28     0         0      
       copy_decompress_none.c.obj     14     0         0      
       exit.c.obj                     4      0         0      
       pre_init.c.obj                 4      0         0      
    +--+------------------------------+------+---------+---------+
       Total:                         430    0         0      
                                                              
       Stack:                         0      0         512    
       Linker Generated:              0      63        0      
    +--+------------------------------+------+---------+---------+
       Grand Total:                   8350   2031      1145   


LINKER GENERATED COPY TABLES

__TI_cinit_table @ 00002878 records: 3, size/record: 8, table size: 24
	.data: load addr=0000285c, load size=0000000b bytes, run addr=20000470, run size=00000008 bytes, compression=lzss
	.bss: load addr=00002868, load size=00000008 bytes, run addr=20000478, run size=00000005 bytes, compression=zero_init
	.vtable: load addr=00002870, load size=00000008 bytes, run addr=20000000, run size=0000026c bytes, compression=zero_init


LINKER GENERATED HANDLER TABLE

__TI_handler_table @ 00002850 records: 3, size/record: 4, table size: 12
	index: 0, handler: __TI_zero_init
	index: 1, handler: __TI_decompress_lzss
	index: 2, handler: __TI_decompress_none


GLOBAL SYMBOLS: SORTED ALPHABETICALLY BY Name 

address   name                            
-------   ----                            
00002305  C$$EXIT                         
000022d3  CPUcpsie                        
000022f9  CPUwfi                          
00001db1  GPIOADCTriggerDisable           
00001d93  GPIOADCTriggerEnable            
00001d75  GPIODMATriggerDisable           
00001d57  GPIODMATriggerEnable            
00001285  GPIODirModeGet                  
00001229  GPIODirModeSet                  
0000185b  GPIOIntClear                    
0000181f  GPIOIntDisable                  
00001805  GPIOIntEnable                   
0000186f  GPIOIntRegister                 
000018a7  GPIOIntRegisterPin              
00001839  GPIOIntStatus                   
0000138d  GPIOIntTypeGet                  
000012e1  GPIOIntTypeSet                  
0000188d  GPIOIntUnregister               
000018d5  GPIOIntUnregisterPin            
00001689  GPIOPadConfigGet                
00001425  GPIOPadConfigSet                
00001cf9  GPIOPinConfigure                
000018f9  GPIOPinRead                     
00001931  GPIOPinTypeADC                  
00001955  GPIOPinTypeCAN                  
00001979  GPIOPinTypeComparator           
0000199d  GPIOPinTypeComparatorOutput     
000019c1  GPIOPinTypeDIVSCLK              
000019e5  GPIOPinTypeEPI                  
00001a09  GPIOPinTypeEthernetLED          
00001a2d  GPIOPinTypeEthernetMII          
00001a51  GPIOPinTypeGPIOInput            
00001a75  GPIOPinTypeGPIOOutput           
00001aa5  GPIOPinTypeGPIOOutputOD         
00001ac9  GPIOPinTypeHibernateRTCCLK      
00001aed  GPIOPinTypeI2C                  
00001b11  GPIOPinTypeI2CSCL               
00001b35  GPIOPinTypeLCD                  
00001b59  GPIOPinTypeOneWire              
00001b7d  GPIOPinTypePWM                  
00001ba1  GPIOPinTypeQEI                  
00001bc5  GPIOPinTypeSSI                  
00001be9  GPIOPinTypeTimer                
00001c0d  GPIOPinTypeTrace                
00001c31  GPIOPinTypeUART                 
00001c55  GPIOPinTypeUSBAnalog            
00001c79  GPIOPinTypeUSBDigital           
00001c9d  GPIOPinTypeWakeHigh             
00001cc3  GPIOPinTypeWakeLow              
00001ce9  GPIOPinWakeStatus               
00001911  GPIOPinWrite                    
00001dcf  GPIOUnlockPin                   
00001fbd  IntDisable                      
00002025  IntEnable                       
000022a7  IntMasterEnable                 
000021e5  IntRegister                     
00002281  IntUnregister                   
000022df  ResetISR                        
000011a9  SysCtlAltClkConfig              
000008d1  SysCtlClockFreqSet              
00000d99  SysCtlClockGet                  
0000118d  SysCtlClockOutConfig            
00000bc9  SysCtlClockSet                  
000007d5  SysCtlDeepSleep                 
00000f5d  SysCtlDeepSleepClockConfigSet   
00000f3f  SysCtlDeepSleepClockSet         
000007b5  SysCtlDeepSleepPowerSet         
000022f3  SysCtlDelay                     
00000363  SysCtlFlashSectorSizeGet        
00000337  SysCtlFlashSizeGet              
00001033  SysCtlGPIOAHBDisable            
00001017  SysCtlGPIOAHBEnable             
00000749  SysCtlIntClear                  
00000731  SysCtlIntDisable                
0000071d  SysCtlIntEnable                 
000006f5  SysCtlIntRegister               
00000759  SysCtlIntStatus                 
0000070d  SysCtlIntUnregister             
0000079b  SysCtlLDODeepSleepGet           
0000078b  SysCtlLDODeepSleepSet           
00000785  SysCtlLDOSleepGet               
00000775  SysCtlLDOSleepSet               
0000080b  SysCtlMOSCConfigSet             
00001171  SysCtlNMIClear                  
0000115d  SysCtlNMIStatus                 
00000821  SysCtlPIOSCCalibrate            
00001001  SysCtlPWMClockGet               
00000fe7  SysCtlPWMClockSet               
000006a1  SysCtlPeripheralClockGating     
00000659  SysCtlPeripheralDeepSleepDisable
00000609  SysCtlPeripheralDeepSleepEnable 
00000545  SysCtlPeripheralDisable         
00000509  SysCtlPeripheralEnable          
00000445  SysCtlPeripheralPowerOff        
00000409  SysCtlPeripheralPowerOn         
00000389  SysCtlPeripheralPresent         
000003c9  SysCtlPeripheralReady           
00000481  SysCtlPeripheralReset           
000005cd  SysCtlPeripheralSleepDisable    
00000589  SysCtlPeripheralSleepEnable     
000007c5  SysCtlReset                     
00000881  SysCtlResetBehaviorGet          
00000871  SysCtlResetBehaviorSet          
000007f7  SysCtlResetCauseClear           
000007f1  SysCtlResetCauseGet             
0000032d  SysCtlSRAMSizeGet               
000007cd  SysCtlSleep                     
000007a1  SysCtlSleepPowerSet             
0000105b  SysCtlUSBPLLDisable             
0000104f  SysCtlUSBPLLEnable              
000010a1  SysCtlVCOGet                    
00001089  SysCtlVoltageEventClear         
0000106d  SysCtlVoltageEventConfig        
0000107d  SysCtlVoltageEventStatus        
000020f5  TimerConfigure                  
000022b7  TimerEnable                     
000022fd  TimerIntClear                   
000022eb  TimerIntEnable                  
00002269  TimerIntRegister                
00002295  TimerLoadSet                    
20000470  __STACK_END                     
00000200  __STACK_SIZE                    
20000470  __STACK_TOP                     
00002878  __TI_CINIT_Base                 
00002890  __TI_CINIT_Limit                
00002850  __TI_Handler_Table_Base         
0000285c  __TI_Handler_Table_Limit        
000021a1  __TI_auto_init_nobinit_nopinit  
0000208d  __TI_decompress_lzss            
000022c5  __TI_decompress_none            
ffffffff  __TI_pprof_out_hndl             
ffffffff  __TI_prof_data_size             
ffffffff  __TI_prof_data_start            
00000000  __TI_static_base__              
0000224d  __TI_zero_init_nomemset         
00001f21  __aeabi_memcpy                  
00001f21  __aeabi_memcpy4                 
00001f21  __aeabi_memcpy8                 
ffffffff  __binit__                       
ffffffff  __c_args__                      
UNDEFED   __mpu_init                      
20000270  __stack                         
20000000  __start___llvm_prf_cnts         
20000000  __stop___llvm_prf_cnts          
00002219  _c_int00_noargs                 
UNDEFED   _system_post_cinit              
00002301  _system_pre_init                
00002305  abort                           
ffffffff  binit                           
20000478  dakikaBirler                    
20000479  dakikaOnlar                     
20000470  flag                            
20000000  g_pfnRAMVectors                 
00000000  g_pfnVectors                    
00001df5  kesmefonksiyon                  
00001e8d  main                            
00001f21  memcpy                          
2000047a  saatGstr                        
2000047b  saniyeBirler                    
2000047c  saniyeOnlar                     
20000474  zaman                           


GLOBAL SYMBOLS: SORTED BY Symbol Address 

address   name                            
-------   ----                            
00000000  __TI_static_base__              
00000000  g_pfnVectors                    
00000200  __STACK_SIZE                    
0000032d  SysCtlSRAMSizeGet               
00000337  SysCtlFlashSizeGet              
00000363  SysCtlFlashSectorSizeGet        
00000389  SysCtlPeripheralPresent         
000003c9  SysCtlPeripheralReady           
00000409  SysCtlPeripheralPowerOn         
00000445  SysCtlPeripheralPowerOff        
00000481  SysCtlPeripheralReset           
00000509  SysCtlPeripheralEnable          
00000545  SysCtlPeripheralDisable         
00000589  SysCtlPeripheralSleepEnable     
000005cd  SysCtlPeripheralSleepDisable    
00000609  SysCtlPeripheralDeepSleepEnable 
00000659  SysCtlPeripheralDeepSleepDisable
000006a1  SysCtlPeripheralClockGating     
000006f5  SysCtlIntRegister               
0000070d  SysCtlIntUnregister             
0000071d  SysCtlIntEnable                 
00000731  SysCtlIntDisable                
00000749  SysCtlIntClear                  
00000759  SysCtlIntStatus                 
00000775  SysCtlLDOSleepSet               
00000785  SysCtlLDOSleepGet               
0000078b  SysCtlLDODeepSleepSet           
0000079b  SysCtlLDODeepSleepGet           
000007a1  SysCtlSleepPowerSet             
000007b5  SysCtlDeepSleepPowerSet         
000007c5  SysCtlReset                     
000007cd  SysCtlSleep                     
000007d5  SysCtlDeepSleep                 
000007f1  SysCtlResetCauseGet             
000007f7  SysCtlResetCauseClear           
0000080b  SysCtlMOSCConfigSet             
00000821  SysCtlPIOSCCalibrate            
00000871  SysCtlResetBehaviorSet          
00000881  SysCtlResetBehaviorGet          
000008d1  SysCtlClockFreqSet              
00000bc9  SysCtlClockSet                  
00000d99  SysCtlClockGet                  
00000f3f  SysCtlDeepSleepClockSet         
00000f5d  SysCtlDeepSleepClockConfigSet   
00000fe7  SysCtlPWMClockSet               
00001001  SysCtlPWMClockGet               
00001017  SysCtlGPIOAHBEnable             
00001033  SysCtlGPIOAHBDisable            
0000104f  SysCtlUSBPLLEnable              
0000105b  SysCtlUSBPLLDisable             
0000106d  SysCtlVoltageEventConfig        
0000107d  SysCtlVoltageEventStatus        
00001089  SysCtlVoltageEventClear         
000010a1  SysCtlVCOGet                    
0000115d  SysCtlNMIStatus                 
00001171  SysCtlNMIClear                  
0000118d  SysCtlClockOutConfig            
000011a9  SysCtlAltClkConfig              
00001229  GPIODirModeSet                  
00001285  GPIODirModeGet                  
000012e1  GPIOIntTypeSet                  
0000138d  GPIOIntTypeGet                  
00001425  GPIOPadConfigSet                
00001689  GPIOPadConfigGet                
00001805  GPIOIntEnable                   
0000181f  GPIOIntDisable                  
00001839  GPIOIntStatus                   
0000185b  GPIOIntClear                    
0000186f  GPIOIntRegister                 
0000188d  GPIOIntUnregister               
000018a7  GPIOIntRegisterPin              
000018d5  GPIOIntUnregisterPin            
000018f9  GPIOPinRead                     
00001911  GPIOPinWrite                    
00001931  GPIOPinTypeADC                  
00001955  GPIOPinTypeCAN                  
00001979  GPIOPinTypeComparator           
0000199d  GPIOPinTypeComparatorOutput     
000019c1  GPIOPinTypeDIVSCLK              
000019e5  GPIOPinTypeEPI                  
00001a09  GPIOPinTypeEthernetLED          
00001a2d  GPIOPinTypeEthernetMII          
00001a51  GPIOPinTypeGPIOInput            
00001a75  GPIOPinTypeGPIOOutput           
00001aa5  GPIOPinTypeGPIOOutputOD         
00001ac9  GPIOPinTypeHibernateRTCCLK      
00001aed  GPIOPinTypeI2C                  
00001b11  GPIOPinTypeI2CSCL               
00001b35  GPIOPinTypeLCD                  
00001b59  GPIOPinTypeOneWire              
00001b7d  GPIOPinTypePWM                  
00001ba1  GPIOPinTypeQEI                  
00001bc5  GPIOPinTypeSSI                  
00001be9  GPIOPinTypeTimer                
00001c0d  GPIOPinTypeTrace                
00001c31  GPIOPinTypeUART                 
00001c55  GPIOPinTypeUSBAnalog            
00001c79  GPIOPinTypeUSBDigital           
00001c9d  GPIOPinTypeWakeHigh             
00001cc3  GPIOPinTypeWakeLow              
00001ce9  GPIOPinWakeStatus               
00001cf9  GPIOPinConfigure                
00001d57  GPIODMATriggerEnable            
00001d75  GPIODMATriggerDisable           
00001d93  GPIOADCTriggerEnable            
00001db1  GPIOADCTriggerDisable           
00001dcf  GPIOUnlockPin                   
00001df5  kesmefonksiyon                  
00001e8d  main                            
00001f21  __aeabi_memcpy                  
00001f21  __aeabi_memcpy4                 
00001f21  __aeabi_memcpy8                 
00001f21  memcpy                          
00001fbd  IntDisable                      
00002025  IntEnable                       
0000208d  __TI_decompress_lzss            
000020f5  TimerConfigure                  
000021a1  __TI_auto_init_nobinit_nopinit  
000021e5  IntRegister                     
00002219  _c_int00_noargs                 
0000224d  __TI_zero_init_nomemset         
00002269  TimerIntRegister                
00002281  IntUnregister                   
00002295  TimerLoadSet                    
000022a7  IntMasterEnable                 
000022b7  TimerEnable                     
000022c5  __TI_decompress_none            
000022d3  CPUcpsie                        
000022df  ResetISR                        
000022eb  TimerIntEnable                  
000022f3  SysCtlDelay                     
000022f9  CPUwfi                          
000022fd  TimerIntClear                   
00002301  _system_pre_init                
00002305  C$$EXIT                         
00002305  abort                           
00002850  __TI_Handler_Table_Base         
0000285c  __TI_Handler_Table_Limit        
00002878  __TI_CINIT_Base                 
00002890  __TI_CINIT_Limit                
20000000  __start___llvm_prf_cnts         
20000000  __stop___llvm_prf_cnts          
20000000  g_pfnRAMVectors                 
20000270  __stack                         
20000470  __STACK_END                     
20000470  __STACK_TOP                     
20000470  flag                            
20000474  zaman                           
20000478  dakikaBirler                    
20000479  dakikaOnlar                     
2000047a  saatGstr                        
2000047b  saniyeBirler                    
2000047c  saniyeOnlar                     
ffffffff  __TI_pprof_out_hndl             
ffffffff  __TI_prof_data_size             
ffffffff  __TI_prof_data_start            
ffffffff  __binit__                       
ffffffff  __c_args__                      
ffffffff  binit                           
UNDEFED   __mpu_init                      
UNDEFED   _system_post_cinit              

[161 symbols]
