******************************************************************************
                  TI ARM Linker PC v20.2.7                     
******************************************************************************
>> Linked Sat Nov 18 00:27:03 2023

OUTPUT FILE NAME:   <002_LCD_saat.out>
ENTRY POINT SYMBOL: "_c_int00_noargs"  address: 0000298d


MEMORY CONFIGURATION

         name            origin    length      used     unused   attr    fill
----------------------  --------  ---------  --------  --------  ----  --------
  FLASH                 00000000   00040000  00002e80  0003d180  R  X
  SRAM                  20000000   00008000  00000486  00007b7a  RW X


SEGMENT ALLOCATION MAP

run origin  load origin   length   init length attrs members
----------  ----------- ---------- ----------- ----- -------
00000000    00000000    00002e80   00002e80    r-x
  00000000    00000000    0000026c   0000026c    r-- .intvecs
  0000026c    0000026c    000029a0   000029a0    r-x .text
  00002c0c    00002c0c    0000022c   0000022c    r-- .const
  00002e38    00002e38    00000048   00000048    r-- .cinit
20000000    20000000    0000048a   00000000    rw-
  20000000    20000000    0000026c   00000000    rw- .vtable
  20000270    20000270    00000200   00000000    rw- .stack
  20000470    20000470    00000014   00000000    rw- .data
  20000484    20000484    00000006   00000000    rw- .bss


SECTION ALLOCATION MAP

 output                                  attributes/
section   page    origin      length       input sections
--------  ----  ----------  ----------   ----------------
.intvecs   0    00000000    0000026c     
                  00000000    0000026c     tm4c123gh6pm_startup_ccs.obj (.intvecs)

.text      0    0000026c    000029a0     
                  0000026c    00000a4e     rtsv7M4_T_le_v4SPD16_eabi.lib : _printfi.c.obj (.text:__TI_printfi)
                  00000cba    00000002                                   : div0.asm.obj (.text)
                  00000cbc    0000035c     000_LiquidCrystal1602.lib : LiquidCrystal1602.obj (.text)
                  00001018    00000270     rtsv7M4_T_le_v4SPD16_eabi.lib : _printfi.c.obj (.text:_pconv_a)
                  00001288    000001ec     main.obj (.text)
                  00001474    000001d0     rtsv7M4_T_le_v4SPD16_eabi.lib : _printfi.c.obj (.text:_pconv_g)
                  00001644    000001b6                                   : fd_add_t2.asm.obj (.text)
                  000017fa    00000002     --HOLE-- [fill = 0]
                  000017fc    0000016c     driverlib.lib : gpio.obj (.text:GPIOPadConfigSet)
                  00001968    0000013c     rtsv7M4_T_le_v4SPD16_eabi.lib : _printfi.c.obj (.text:_pconv_e)
                  00001aa4    00000136                                   : fd_div_t2.asm.obj (.text)
                  00001bda    00000002     --HOLE-- [fill = 0]
                  00001bdc    00000124                                   : _printfi.c.obj (.text:fcvt)
                  00001d00    00000118     driverlib.lib : sysctl.obj (.text:SysCtlClockGet)
                  00001e18    00000110     rtsv7M4_T_le_v4SPD16_eabi.lib : s_scalbn.c.obj (.text:scalbn)
                  00001f28    000000fc                                   : fd_mul_t2.asm.obj (.text)
                  00002024    000000f4     driverlib.lib : sysctl.obj (.text:SysCtlClockSet)
                  00002118    000000b1     rtsv7M4_T_le_v4SPD16_eabi.lib : _printfi.c.obj (.text:_ltostr)
                  000021c9    00000001     --HOLE-- [fill = 0]
                  000021ca    0000009c                                   : memcpy_t2.asm.obj (.text)
                  00002266    00000096                                   : ull_div_t2.asm.obj (.text)
                  000022fc    00000086                                   : fd_cmp_t2.asm.obj (.text:__aeabi_cdcmple)
                  00002382    00000086                                   : fd_cmp_t2.asm.obj (.text:__aeabi_cdrcmple)
                  00002408    0000007a                                   : memset_t2.asm.obj (.text)
                  00002482    0000006e                                   : _printfi.c.obj (.text:_mcpy)
                  000024f0    00000068     driverlib.lib : interrupt.obj (.text:IntEnable)
                  00002558    00000068     rtsv7M4_T_le_v4SPD16_eabi.lib : copy_decompress_lzss.c.obj (.text:decompress:lzss:__TI_decompress_lzss)
                  000025c0    00000064                                   : s_frexp.c.obj (.text:frexp)
                  00002624    00000060     driverlib.lib : timer.obj (.text:TimerConfigure)
                  00002684    00000056     rtsv7M4_T_le_v4SPD16_eabi.lib : _printfi.c.obj (.text:_pconv_f)
                  000026da    00000054                                   : _ltoa.c.obj (.text:__TI_ltoa)
                  0000272e    00000052                                   : _printfi.c.obj (.text:_ecpy)
                  00002780    0000004c     driverlib.lib : timer.obj (.text:_TimerIntNumberGet)
                  000027cc    0000004c     rtsv7M4_T_le_v4SPD16_eabi.lib : atoi.c.obj (.text:atoi)
                  00002818    00000048                                   : fd_toi_t2.asm.obj (.text)
                  00002860    00000044                                   : autoinit.c.obj (.text:__TI_auto_init_nobinit_nopinit:__TI_auto_init_nobinit_nopinit)
                  000028a4    00000040                                   : vsnprintf.c.obj (.text:vsnprintf)
                  000028e4    0000003e                                   : _printfi.c.obj (.text:_fcpy)
                  00002922    00000002     --HOLE-- [fill = 0]
                  00002924    00000034     driverlib.lib : interrupt.obj (.text:IntRegister)
                  00002958    00000034                   : sysctl.obj (.text:SysCtlPeripheralEnable)
                  0000298c    00000034     rtsv7M4_T_le_v4SPD16_eabi.lib : boot_cortex_m.c.obj (.text:_c_int00_noargs:_c_int00_noargs)
                  000029c0    00000030                                   : vsnprintf.c.obj (.text:_outs)
                  000029f0    0000002e                                   : i_tofd_t2.asm.obj (.text)
                  00002a1e    0000002c     driverlib.lib : gpio.obj (.text:GPIODirModeSet)
                  00002a4a    00000002     --HOLE-- [fill = 0]
                  00002a4c    0000001c                   : systick.obj (.text:SysTickIntRegister)
                  00002a68    0000001c     rtsv7M4_T_le_v4SPD16_eabi.lib : copy_zero_init.c.obj (.text:decompress:ZI:__TI_zero_init_nomemset:__TI_zero_init_nomemset)
                  00002a84    0000001c                                   : memccpy.c.obj (.text:memccpy)
                  00002aa0    0000001a     driverlib.lib : gpio.obj (.text:GPIOPinTypeGPIOOutput)
                  00002aba    0000001a     rtsv7M4_T_le_v4SPD16_eabi.lib : s_copysign.c.obj (.text:copysign)
                  00002ad4    00000018     driverlib.lib : timer.obj (.text:TimerIntRegister)
                  00002aec    00000018     rtsv7M4_T_le_v4SPD16_eabi.lib : vsnprintf.c.obj (.text:_outc)
                  00002b04    00000016                                   : strchr.c.obj (.text:strchr)
                  00002b1a    00000002     --HOLE-- [fill = 0]
                  00002b1c    00000014     driverlib.lib : systick.obj (.text:SysTickDisable)
                  00002b30    00000014                   : systick.obj (.text:SysTickEnable)
                  00002b44    00000014                   : systick.obj (.text:SysTickIntEnable)
                  00002b58    00000014     rtsv7M4_T_le_v4SPD16_eabi.lib : strlen.c.obj (.text:strlen)
                  00002b6c    00000012     driverlib.lib : timer.obj (.text:TimerLoadSet)
                  00002b7e    00000012     rtsv7M4_T_le_v4SPD16_eabi.lib : wcslen.c.obj (.text:wcslen)
                  00002b90    00000010     driverlib.lib : interrupt.obj (.text:IntMasterEnable)
                  00002ba0    00000010                   : systick.obj (.text:SysTickPeriodSet)
                  00002bb0    0000000e                   : timer.obj (.text:TimerEnable)
                  00002bbe    0000000e     rtsv7M4_T_le_v4SPD16_eabi.lib : copy_decompress_none.c.obj (.text:decompress:none:__TI_decompress_none)
                  00002bcc    0000000c     driverlib.lib : cpu.obj (.text:CPUcpsie)
                  00002bd8    0000000c     tm4c123gh6pm_startup_ccs.obj (.text)
                  00002be4    00000008     driverlib.lib : timer.obj (.text:TimerIntEnable)
                  00002bec    00000008     rtsv7M4_T_le_v4SPD16_eabi.lib : errno.c.obj (.text:__aeabi_errno_addr)
                  00002bf4    00000006     driverlib.lib : gpio.obj (.text:GPIOPinWrite)
                  00002bfa    00000006                   : sysctl.obj (.text:SysCtlDelay)
                  00002c00    00000004                   : timer.obj (.text:TimerIntClear)
                  00002c04    00000004     rtsv7M4_T_le_v4SPD16_eabi.lib : pre_init.c.obj (.text:_system_pre_init)
                  00002c08    00000004                                   : exit.c.obj (.text:abort:abort)

.const     0    00002c0c    0000022c     
                  00002c0c    00000101     rtsv7M4_T_le_v4SPD16_eabi.lib : ctype.c.obj (.const:.string:_ctypes_)
                  00002d0d    00000003     --HOLE-- [fill = 0]
                  00002d10    0000006c     driverlib.lib : sysctl.obj (.const:g_pui32Xtals)
                  00002d7c    00000060                   : timer.obj (.const:g_ppui32TimerIntMap)
                  00002ddc    00000040                   : timer.obj (.const:g_ppui32TimerIntMapSnowflake)
                  00002e1c    00000014                   : interrupt.obj (.const:g_pui32EnRegs)
                  00002e30    00000008     000_LiquidCrystal1602.lib : LiquidCrystal1602.obj (.const:$P$T0$1)

.cinit     0    00002e38    00000048     
                  00002e38    00000014     (.cinit..data.load) [load image, compression = lzss]
                  00002e4c    0000000c     (__TI_handler_table)
                  00002e58    00000008     (.cinit..bss.load) [load image, compression = zero_init]
                  00002e60    00000008     (.cinit..vtable.load) [load image, compression = zero_init]
                  00002e68    00000018     (__TI_cinit_table)

.init_array 
*          0    00000000    00000000     UNINITIALIZED

.vtable    0    20000000    0000026c     UNINITIALIZED
                  20000000    0000026c     driverlib.lib : interrupt.obj (.vtable)

.data      0    20000470    00000014     UNINITIALIZED
                  20000470    00000008     main.obj (.data)
                  20000478    00000005     000_LiquidCrystal1602.lib : LiquidCrystal1602.obj (.data)
                  2000047d    00000003     --HOLE--
                  20000480    00000004     rtsv7M4_T_le_v4SPD16_eabi.lib : errno.c.obj (.data)

.bss       0    20000484    00000006     UNINITIALIZED
                  20000484    00000001     (.common:dakikaBirler)
                  20000485    00000001     (.common:dakikaOnlar)
                  20000486    00000001     (.common:saatBirler)
                  20000487    00000001     (.common:saatOnlar)
                  20000488    00000001     (.common:saniyeBirler)
                  20000489    00000001     (.common:saniyeOnlar)

.stack     0    20000270    00000200     UNINITIALIZED
                  20000270    00000004     rtsv7M4_T_le_v4SPD16_eabi.lib : boot_cortex_m.c.obj (.stack)
                  20000274    000001fc     --HOLE--

__llvm_prf_cnts 
*          0    20000000    00000000     UNINITIALIZED

MODULE SUMMARY

       Module                         code    ro data   rw data
       ------                         ----    -------   -------
    .\
       tm4c123gh6pm_startup_ccs.obj   12      620       0      
       main.obj                       492     0         14     
    +--+------------------------------+-------+---------+---------+
       Total:                         504     620       14     
                                                               
    C:/Users/serha/workspace_v12/000_LiquidCrystal1602/Debug/000_LiquidCrystal1602.lib
       LiquidCrystal1602.obj          860     8         5      
    +--+------------------------------+-------+---------+---------+
       Total:                         860     8         5      
                                                               
    C:/ti/TivaWare_C_Series-2.2.0.295/driverlib/ccs/Debug/driverlib.lib
       interrupt.obj                  172     20        620    
       sysctl.obj                     582     108       0      
       gpio.obj                       440     0         0      
       timer.obj                      240     160       0      
       systick.obj                    104     0         0      
       cpu.obj                        12      0         0      
    +--+------------------------------+-------+---------+---------+
       Total:                         1550    288       620    
                                                               
    D:\Programlar\ss\ccs\tools\compiler\ti-cgt-arm_20.2.7.LTS\lib\rtsv7M4_T_le_v4SPD16_eabi.lib
       _printfi.c.obj                 4851    0         0      
       fd_add_t2.asm.obj              438     0         0      
       fd_div_t2.asm.obj              310     0         0      
       s_scalbn.c.obj                 272     0         0      
       fd_cmp_t2.asm.obj              268     0         0      
       ctype.c.obj                    0       257       0      
       fd_mul_t2.asm.obj              252     0         0      
       memcpy_t2.asm.obj              156     0         0      
       ull_div_t2.asm.obj             150     0         0      
       vsnprintf.c.obj                136     0         0      
       memset_t2.asm.obj              122     0         0      
       copy_decompress_lzss.c.obj     104     0         0      
       s_frexp.c.obj                  100     0         0      
       _ltoa.c.obj                    84      0         0      
       atoi.c.obj                     76      0         0      
       fd_toi_t2.asm.obj              72      0         0      
       autoinit.c.obj                 68      0         0      
       boot_cortex_m.c.obj            52      0         0      
       i_tofd_t2.asm.obj              46      0         0      
       copy_zero_init.c.obj           28      0         0      
       memccpy.c.obj                  28      0         0      
       s_copysign.c.obj               26      0         0      
       strchr.c.obj                   22      0         0      
       strlen.c.obj                   20      0         0      
       wcslen.c.obj                   18      0         0      
       copy_decompress_none.c.obj     14      0         0      
       errno.c.obj                    8       0         4      
       exit.c.obj                     4       0         0      
       pre_init.c.obj                 4       0         0      
       div0.asm.obj                   2       0         0      
    +--+------------------------------+-------+---------+---------+
       Total:                         7731    257       4      
                                                               
       Stack:                         0       0         512    
       Linker Generated:              0       72        0      
    +--+------------------------------+-------+---------+---------+
       Grand Total:                   10645   1245      1155   


LINKER GENERATED COPY TABLES

__TI_cinit_table @ 00002e68 records: 3, size/record: 8, table size: 24
	.data: load addr=00002e38, load size=00000014 bytes, run addr=20000470, run size=00000014 bytes, compression=lzss
	.bss: load addr=00002e58, load size=00000008 bytes, run addr=20000484, run size=00000006 bytes, compression=zero_init
	.vtable: load addr=00002e60, load size=00000008 bytes, run addr=20000000, run size=0000026c bytes, compression=zero_init


LINKER GENERATED HANDLER TABLE

__TI_handler_table @ 00002e4c records: 3, size/record: 4, table size: 12
	index: 0, handler: __TI_zero_init
	index: 1, handler: __TI_decompress_lzss
	index: 2, handler: __TI_decompress_none


GLOBAL SYMBOLS: SORTED ALPHABETICALLY BY Name 

address   name                          
-------   ----                          
00002c09  C$$EXIT                       
00002bcd  CPUcpsie                      
00000cc5  DelayFunction                 
00002a1f  GPIODirModeSet                
000017fd  GPIOPadConfigSet              
00002aa1  GPIOPinTypeGPIOOutput         
00002bf5  GPIOPinWrite                  
000024f1  IntEnable                     
00002b91  IntMasterEnable               
00002925  IntRegister                   
00000fd5  LCDBlink                      
00000f63  LCDClear                      
00000dcd  LCDCommandWrite               
00000fa3  LCDCrusor                     
00000ddf  LCDDWrite                     
00000f77  LCDDisplay                    
00000f6d  LCDHome                       
00000e83  LCDPrint                      
00000e45  LCDSetup                      
00000df1  LCDStartUp                    
00000feb  LCDnoBlink                    
00000fb9  LCDnoCrusor                   
00000f8d  LCDnoDisplay                  
00000f01  LCDsetCrusor                  
00000d55  PulseEnable                   
00002bd9  ResetISR                      
00000d89  Send                          
00001d01  SysCtlClockGet                
00002025  SysCtlClockSet                
00002bfb  SysCtlDelay                   
00002959  SysCtlPeripheralEnable        
00002b1d  SysTickDisable                
00002b31  SysTickEnable                 
00002b45  SysTickIntEnable              
00002a4d  SysTickIntRegister            
00002ba1  SysTickPeriodSet              
00002625  TimerConfigure                
00002bb1  TimerEnable                   
00002c01  TimerIntClear                 
00002be5  TimerIntEnable                
00002ad5  TimerIntRegister              
00002b6d  TimerLoadSet                  
20000470  __STACK_END                   
00000200  __STACK_SIZE                  
20000470  __STACK_TOP                   
00002e68  __TI_CINIT_Base               
00002e80  __TI_CINIT_Limit              
00002e4c  __TI_Handler_Table_Base       
00002e58  __TI_Handler_Table_Limit      
00002861  __TI_auto_init_nobinit_nopinit
00002559  __TI_decompress_lzss          
00002bbf  __TI_decompress_none          
000026db  __TI_ltoa                     
ffffffff  __TI_pprof_out_hndl           
0000026d  __TI_printfi                  
ffffffff  __TI_prof_data_size           
ffffffff  __TI_prof_data_start          
00000000  __TI_static_base__            
00002a69  __TI_zero_init_nomemset       
000022fd  __aeabi_cdcmpeq               
000022fd  __aeabi_cdcmple               
00002383  __aeabi_cdrcmple              
00002819  __aeabi_d2iz                  
0000164f  __aeabi_dadd                  
00001aa5  __aeabi_ddiv                  
00001f29  __aeabi_dmul                  
00001645  __aeabi_dsub                  
00002bed  __aeabi_errno_addr            
000029f1  __aeabi_i2d                   
00000cbb  __aeabi_idiv0                 
00000cbb  __aeabi_ldiv0                 
00002409  __aeabi_memclr                
00002409  __aeabi_memclr4               
00002409  __aeabi_memclr8               
000021cb  __aeabi_memcpy                
000021cb  __aeabi_memcpy4               
000021cb  __aeabi_memcpy8               
0000240b  __aeabi_memset                
0000240b  __aeabi_memset4               
0000240b  __aeabi_memset8               
00002267  __aeabi_uldivmod              
ffffffff  __binit__                     
ffffffff  __c_args__                    
UNDEFED   __mpu_init                    
20000270  __stack                       
20000000  __start___llvm_prf_cnts       
20000000  __stop___llvm_prf_cnts        
0000298d  _c_int00_noargs               
00002c0c  _ctypes_                      
UNDEFED   _system_post_cinit            
00002c05  _system_pre_init              
00002c09  abort                         
000027cd  atoi                          
ffffffff  binit                         
00002abb  copysign                      
00002abb  copysignl                     
20000484  dakikaBirler                  
20000485  dakikaOnlar                   
00000d2f  delayMs                       
00000d43  delayUs                       
20000478  displaycontrol                
20000480  errno                         
20000474  eski_zaman                    
2000047c  flag                          
000025c1  frexp                         
000025c1  frexpl                        
20000000  g_pfnRAMVectors               
00000000  g_pfnVectors                  
00001289  kesmefonksiyon                
00001e19  ldexp                         
00001e19  ldexpl                        
0000133d  main                          
00002a85  memccpy                       
000021cb  memcpy                        
00002411  memset                        
20000486  saatBirler                    
20000487  saatOnlar                     
20000488  saniyeBirler                  
20000489  saniyeOnlar                   
00001e19  scalbn                        
00001e19  scalbnl                       
00002b05  strchr                        
00002b59  strlen                        
000028a5  vsnprintf                     
00000cbd  waitus                        
00002b7f  wcslen                        
20000470  zaman                         


GLOBAL SYMBOLS: SORTED BY Symbol Address 

address   name                          
-------   ----                          
00000000  __TI_static_base__            
00000000  g_pfnVectors                  
00000200  __STACK_SIZE                  
0000026d  __TI_printfi                  
00000cbb  __aeabi_idiv0                 
00000cbb  __aeabi_ldiv0                 
00000cbd  waitus                        
00000cc5  DelayFunction                 
00000d2f  delayMs                       
00000d43  delayUs                       
00000d55  PulseEnable                   
00000d89  Send                          
00000dcd  LCDCommandWrite               
00000ddf  LCDDWrite                     
00000df1  LCDStartUp                    
00000e45  LCDSetup                      
00000e83  LCDPrint                      
00000f01  LCDsetCrusor                  
00000f63  LCDClear                      
00000f6d  LCDHome                       
00000f77  LCDDisplay                    
00000f8d  LCDnoDisplay                  
00000fa3  LCDCrusor                     
00000fb9  LCDnoCrusor                   
00000fd5  LCDBlink                      
00000feb  LCDnoBlink                    
00001289  kesmefonksiyon                
0000133d  main                          
00001645  __aeabi_dsub                  
0000164f  __aeabi_dadd                  
000017fd  GPIOPadConfigSet              
00001aa5  __aeabi_ddiv                  
00001d01  SysCtlClockGet                
00001e19  ldexp                         
00001e19  ldexpl                        
00001e19  scalbn                        
00001e19  scalbnl                       
00001f29  __aeabi_dmul                  
00002025  SysCtlClockSet                
000021cb  __aeabi_memcpy                
000021cb  __aeabi_memcpy4               
000021cb  __aeabi_memcpy8               
000021cb  memcpy                        
00002267  __aeabi_uldivmod              
000022fd  __aeabi_cdcmpeq               
000022fd  __aeabi_cdcmple               
00002383  __aeabi_cdrcmple              
00002409  __aeabi_memclr                
00002409  __aeabi_memclr4               
00002409  __aeabi_memclr8               
0000240b  __aeabi_memset                
0000240b  __aeabi_memset4               
0000240b  __aeabi_memset8               
00002411  memset                        
000024f1  IntEnable                     
00002559  __TI_decompress_lzss          
000025c1  frexp                         
000025c1  frexpl                        
00002625  TimerConfigure                
000026db  __TI_ltoa                     
000027cd  atoi                          
00002819  __aeabi_d2iz                  
00002861  __TI_auto_init_nobinit_nopinit
000028a5  vsnprintf                     
00002925  IntRegister                   
00002959  SysCtlPeripheralEnable        
0000298d  _c_int00_noargs               
000029f1  __aeabi_i2d                   
00002a1f  GPIODirModeSet                
00002a4d  SysTickIntRegister            
00002a69  __TI_zero_init_nomemset       
00002a85  memccpy                       
00002aa1  GPIOPinTypeGPIOOutput         
00002abb  copysign                      
00002abb  copysignl                     
00002ad5  TimerIntRegister              
00002b05  strchr                        
00002b1d  SysTickDisable                
00002b31  SysTickEnable                 
00002b45  SysTickIntEnable              
00002b59  strlen                        
00002b6d  TimerLoadSet                  
00002b7f  wcslen                        
00002b91  IntMasterEnable               
00002ba1  SysTickPeriodSet              
00002bb1  TimerEnable                   
00002bbf  __TI_decompress_none          
00002bcd  CPUcpsie                      
00002bd9  ResetISR                      
00002be5  TimerIntEnable                
00002bed  __aeabi_errno_addr            
00002bf5  GPIOPinWrite                  
00002bfb  SysCtlDelay                   
00002c01  TimerIntClear                 
00002c05  _system_pre_init              
00002c09  C$$EXIT                       
00002c09  abort                         
00002c0c  _ctypes_                      
00002e4c  __TI_Handler_Table_Base       
00002e58  __TI_Handler_Table_Limit      
00002e68  __TI_CINIT_Base               
00002e80  __TI_CINIT_Limit              
20000000  __start___llvm_prf_cnts       
20000000  __stop___llvm_prf_cnts        
20000000  g_pfnRAMVectors               
20000270  __stack                       
20000470  __STACK_END                   
20000470  __STACK_TOP                   
20000470  zaman                         
20000474  eski_zaman                    
20000478  displaycontrol                
2000047c  flag                          
20000480  errno                         
20000484  dakikaBirler                  
20000485  dakikaOnlar                   
20000486  saatBirler                    
20000487  saatOnlar                     
20000488  saniyeBirler                  
20000489  saniyeOnlar                   
ffffffff  __TI_pprof_out_hndl           
ffffffff  __TI_prof_data_size           
ffffffff  __TI_prof_data_start          
ffffffff  __binit__                     
ffffffff  __c_args__                    
ffffffff  binit                         
UNDEFED   __mpu_init                    
UNDEFED   _system_post_cinit            

[127 symbols]
